---
source: acvus-mir-test/tests/e2e.rs
expression: ir
---
=== literals ===
  T0 = ""

=== main ===
     0 │   r0 = undef
     1 │   r1 = undef
     2 │   r2 = ref @user
     3 │   r3 = load r2
     5 │   r4 = ref @user
     6 │ L2:
     8 │   r5 = test has_key(r3, "name")
     9 │   r6 = r3.name
    11 │   r7 = true (r8) && true (r9)
    12 │   r10 = test has_key(r3, "age")
    13 │   r11 = r3.age
    15 │   r12 = r7 && true (r13)
    16 │   jump_if r12 then L3 else L1
    17 │ L3:
    18 │   r14 = r3.name
    19 │   r15 = r3.age
    21 │   r16 = T0 + r14
    22 │   jump L0(r16, r14, r15)
    23 │ L1:
    25 │   jump L0(T0, r0, r1)
    26 │ L0(r17: String, r18: String, r19: Int):  ; merge_of L2
    27 │   r20 = T0 + r17
    28 │   return r20

    ; r0 (v28) : String
    ; r1 (v29) : Int
    ; r2 (@user) : Ref<{age: Int, email: String, name: String}>
    ; r3 (@user) : {age: Int, email: String, name: String}
    ; r4 (@user) : Ref<{age: Int, email: String, name: String}>
    ; r5 (v7) : Bool
    ; r6 (v8) : String
    ; r7 (v10) : Bool
    ; r8 (v6) : Bool
    ; r9 (v9) : Bool
    ; r10 (v11) : Bool
    ; r11 (v12) : Int
    ; r12 (v14) : Bool
    ; r13 (v13) : Bool
    ; r14 (name) : String
    ; r15 (age) : Int
    ; r16 (v24) : String
    ; r17 (v26) : String
    ; r18 (v30) : String
    ; r19 (v31) : Int
    ; r20 (v27) : String
    ; r21 (v3) : String
    ; r22 (v22) : Ref<String>
    ; r23 (v25) : String
    ; r24 (v17) : Ref<String>
    ; r25 (v20) : Ref<Int>
    ; r26 (v21) : String
    ; r27 (v5) : {age: Int, email: String, name: String}
    ; r28 (name) : String
