---
source: acvus-mir-test/tests/e2e.rs
expression: ir
---
=== literals ===
  T0 = ""

=== main ===
     0 │   r0 = context_project @users
     1 │   r1 = context_load r0
     3 │   r2 = cast ListToIterator r1
     5 │   jump L0(r2, T0, r3)
     6 │ L0(r4: Iterator<{age: Int, name: String}>, r5: String, r6: String):
     7 │   iter_step r7, r8 = r4 else L1(r5)
     8 │ L3:
     9 │   r9 = r7.name
    11 │   r10 = T0 + r9
    12 │   r11 = r5 + r10
    13 │   jump L0(r8, r11, r9)
    14 │ L1(r12: String):
    15 │   jump L2(r12)
    16 │ L2(r13: String):
    17 │   r14 = T0 + r13
    18 │   return r14

    ; r0 (@users) : <error>
    ; r1 (v1) : List<{age: Int, name: String}>
    ; r2 (v5) : Iterator<{age: Int, name: String}>
    ; r3 (v19) : String
    ; r4 (v7) : Iterator<{age: Int, name: String}>
    ; r5 (v8) : String
    ; r6 (v20) : String
    ; r7 (v9) : {age: Int, name: String}
    ; r8 (v10) : Iterator<{age: Int, name: String}>
    ; r9 (name) : String
    ; r10 (v14) : String
    ; r11 (v15) : String
    ; r12 (v16) : String
    ; r13 (v17) : String
    ; r14 (v18) : String
    ; r15 (@users) : List<{age: Int, name: String}>
    ; r16 (v6) : String
    ; r17 (v4) : List<{age: Int, name: String}>
    ; r18 (v2) : String
    ; r19 (name) : String
    ; r20 (v12) : String
