---
source: acvus-mir-test/tests/e2e.rs
expression: ir
---
=== literals ===
  T0 = ""

=== main ===
     0 │   r0 = undef
     1 │   r1 = context_project @items
     2 │   r2 = context_load r1
     4 │   r3 = call #0(r2)
     5 │   r4 = closure L0 []
     6 │   r5 = call #1(r3, r4)
     7 │   r6 = call #2(r5)
     9 │   r7 = T0 + T0
    10 │   r8 = call #3(r6)
    11 │   r9 = call #4(r8)
    12 │   r10 = r7 + r9
    13 │   return r10

    ; r0 (v16) : List<Int>
    ; r1 (@items) : List<Int>
    ; r2 (v2) : List<Int>
    ; r3 (iter(...)) : Iterator<Int, Resolved(EffectSet { reads: {}, writes: {}, io: false, self_modifying: false })>
    ; r4 (v7) : Fn(Int) -> Bool
    ; r5 (filter(...)) : Iterator<Int, Resolved(EffectSet { reads: {}, writes: {}, io: false, self_modifying: false })>
    ; r6 (collect(...)) : List<Int>
    ; r7 (v11) : String
    ; r8 (len(...)) : Int
    ; r9 (to_string(...)) : String
    ; r10 (v15) : String
    ; r11 (v3) : String
    ; r12 (x) : List<Int>
    ; r13 (@items) : List<Int>
    ; r14 (v10) : String
    ; r15 (v5) : List<Int>

=== closure L0 (ValueId(0)) ===
     0 │   r0 = undef
     2 │   r1 = r2 != 0 (r3)
     3 │   return r1

    ; r0 (v5) : Int
    ; r1 (v4) : Bool
    ; r2 (v1) : Int
    ; r3 (v3) : Int
    ; r4 (x) : Int
