---
source: acvus-mir-test/tests/e2e.rs
expression: ir
---
=== literals ===
  T0 = ""

=== main ===
     0 │   r0 = undef
     1 │   r1 = context_project @a
     2 │   r2 = context_load r1
     3 │   r3 = context_project @b
     4 │   r4 = context_load r3
     6 │   r5 = r2 + r4
     8 │   r6 = T0 + T0
     9 │   r7 = call #0(r5)
    10 │   r8 = r6 + r7
    11 │   return r8

    ; r0 (v16) : Int
    ; r1 (@a) : Int
    ; r2 (v2) : Int
    ; r3 (@b) : Int
    ; r4 (v4) : Int
    ; r5 (v10) : Int
    ; r6 (v12) : String
    ; r7 (to_string(...)) : String
    ; r8 (v15) : String
    ; r9 (v11) : String
    ; r10 (@a) : Int
    ; r11 (v9) : Int
    ; r12 (v7) : Int
    ; r13 (result) : Int
    ; r14 (v5) : String
    ; r15 (@b) : Int
