---
source: acvus-mir-test/tests/e2e.rs
expression: ir
---
=== literals ===
  T0 = ""
  T1 = "admin"
  T2 = "user"
  T3 = "guest"

=== main ===
     0 │   r0 = ref @role
     1 │   r1 = load r0
     3 │   r2 = ref @role
     4 │ L2:
     5 │   r3 = test r1 == "admin"
     6 │   jump_if r3 then L4 else L3
     7 │ L4:
    10 │   r4 = T0 + T1
    11 │   jump L0(r4)
    12 │ L3:
    13 │   r5 = test r1 == "user"
    14 │   jump_if r5 then L5 else L1
    15 │ L5:
    18 │   r6 = T0 + T2
    19 │   jump L0(r6)
    20 │ L1:
    23 │   r7 = T0 + T3
    24 │   jump L0(r7)
    25 │ L0(r8: String):  ; merge_of L2
    26 │   r9 = T0 + r8
    27 │   return r9

    ; r0 (@role) : Ref<String>
    ; r1 (@role) : String
    ; r2 (@role) : Ref<String>
    ; r3 (v6) : Bool
    ; r4 (v9) : String
    ; r5 (v10) : Bool
    ; r6 (v13) : String
    ; r7 (v16) : String
    ; r8 (v17) : String
    ; r9 (v18) : String
    ; r10 (v3) : String
    ; r11 (v11) : String
    ; r12 (v14) : String
    ; r13 (v12) : String
    ; r14 (v15) : String
    ; r15 (v7) : String
    ; r16 (v5) : String
    ; r17 (v8) : String
