---
source: acvus-mir-test/tests/e2e.rs
expression: ir
---
=== main ===
     0 │   r0 = context_load @items
     1 │   r1 = const 3
     2 │   r2 = call contains(r0, r1)
     3 │   r3 = call to_string(r2)
     4 │   emit r3

    ; r0 (@items) : List<Int>
    ; r1 (v1) : Int
    ; r2 (contains(...)) : Bool
    ; r3 (to_string(...)) : String
