---
source: acvus-mir-test/tests/e2e.rs
expression: ir
---
=== literals ===
  T0 = ""
  T1 = "empty"

=== main ===
     0 │   r0 = context_project @users
     1 │   r1 = context_load r0
     3 │ L2:
     4 │   r2 = test len(r1) >= 1
     5 │   jump_if r2 then L3 else L4
     6 │ L3:
     7 │   r3 = r1[0]
     9 │   r4 = r2 && true (r5)
    10 │   jump L5(r4)
    11 │ L4:
    13 │   jump L5(false (r6))
    14 │ L5(r7: Bool):
    15 │   jump_if r7 then L6 else L1
    16 │ L6:
    17 │   r8 = r1[0]
    19 │   r9 = r8.name
    20 │   r10 = T0 + r9
    21 │   jump L0(r10)
    22 │ L1:
    25 │   r11 = T0 + T1
    26 │   jump L0(r11)
    27 │ L0(r12: String):  ; merge_of L2
    28 │   r13 = T0 + r12
    29 │   return r13

    ; r0 (@users) : <error>
    ; r1 (v1) : List<{name: String}>
    ; r14 (v2) : String
    ; r15 (@users) : List<{name: String}>
    ; r16 (v4) : List<{name: String}>
    ; r2 (v5) : Bool
    ; r3 (v6) : {name: String}
    ; r5 (v7) : Bool
    ; r4 (v8) : Bool
    ; r7 (v9) : Bool
    ; r6 (v10) : Bool
    ; r8 (first) : {name: String}
    ; r17 (v12) : String
    ; r9 (name) : String
    ; r10 (v14) : String
    ; r18 (v15) : String
    ; r19 (v16) : String
    ; r11 (v17) : String
    ; r12 (v18) : String
    ; r13 (v19) : String
