---
source: acvus-mir-test/tests/e2e.rs
expression: ir
---
=== literals ===
  T0 = ""

=== main ===
     0 │   r0 = context_project @data
     1 │   r1 = context_load r0
     3 │ L2:
     5 │   r2 = r1.0
     7 │   r3 = true (r4) && true (r5)
     8 │   r6 = r1.1
    10 │   r7 = r3 && true (r8)
    11 │   jump_if r7 then L3 else L1
    12 │ L3:
    13 │   r9 = r1.0
    14 │   r10 = r1.1
    16 │   r11 = T0 + r9
    17 │   r12 = cast ListToIterator r10
    19 │   jump L4(r12, T0)
    20 │ L4(r13: Iterator<Int>, r14: String):
    21 │   iter_step r15, r16 = r13 else L5(r14)
    22 │ L7:
    24 │   r17 = poison
    25 │   r18 = T0 + r17
    26 │   r19 = r14 + r18
    27 │   jump L4(r16, r19)
    28 │ L5(r20: String):
    29 │   jump L6(r20)
    30 │ L6(r21: String):
    31 │   r22 = r11 + r21
    32 │   jump L0(r22)
    33 │ L1:
    35 │   jump L0(T0)
    36 │ L0(r23: String):  ; merge_of L2
    37 │   r24 = T0 + r23
    38 │   return r24

    ; r0 (@data) : <error>
    ; r1 (v1) : (String, List<Int>)
    ; r25 (v2) : String
    ; r26 (@data) : (String, List<Int>)
    ; r27 (v4) : (String, List<Int>)
    ; r4 (v5) : Bool
    ; r2 (v6) : String
    ; r5 (v7) : Bool
    ; r3 (v8) : Bool
    ; r6 (v9) : List<Int>
    ; r8 (v10) : Bool
    ; r7 (v11) : Bool
    ; r9 (label) : String
    ; r10 (items) : List<Int>
    ; r28 (v14) : String
    ; r11 (v15) : String
    ; r12 (v16) : Iterator<Int>
    ; r29 (v17) : String
    ; r13 (v18) : Iterator<Int>
    ; r14 (v19) : String
    ; r15 (x) : Int
    ; r16 (v21) : Iterator<Int>
    ; r30 (v22) : String
    ; r17 (to_string(...)) : String
    ; r18 (v24) : String
    ; r19 (v25) : String
    ; r20 (v26) : String
    ; r21 (v27) : String
    ; r22 (v28) : String
    ; r31 (v29) : String
    ; r23 (v30) : String
    ; r24 (v31) : String
