---
source: acvus-mir-test/tests/e2e.rs
expression: ir
---
=== literals ===
  T0 = ""

=== main ===
     0 │   r0 = undef
     1 │   r1 = ref @pair
     2 │   r2 = load r1
     4 │   r3 = ref @pair
     5 │ L2:
     7 │   r4 = r2.0
     9 │   r5 = true (r6) && true (r7)
    10 │   jump_if r5 then L3 else L1
    11 │ L3:
    12 │   r8 = r2.0
    14 │   r9 = r8.name
    15 │   r10 = T0 + r9
    16 │   jump L0(r10, r8)
    17 │ L1:
    19 │   jump L0(T0, r0)
    20 │ L0(r11: String, r12: {name: String}):  ; merge_of L2
    21 │   r13 = T0 + r11
    22 │   return r13

    ; r0 (v22) : {name: String}
    ; r1 (@pair) : Ref<({name: String}, Int)>
    ; r2 (@pair) : ({name: String}, Int)
    ; r3 (@pair) : Ref<({name: String}, Int)>
    ; r4 (v7) : {name: String}
    ; r5 (v9) : Bool
    ; r6 (v6) : Bool
    ; r7 (v8) : Bool
    ; r8 (obj) : {name: String}
    ; r9 (v15) : String
    ; r10 (v16) : String
    ; r11 (v18) : String
    ; r12 (v23) : {name: String}
    ; r13 (v19) : String
    ; r14 (v3) : String
    ; r15 (obj.name) : Ref<String>
    ; r16 (v17) : String
    ; r17 (v20) : Ref<{name: String}>
    ; r18 (v21) : {name: String}
    ; r19 (v5) : ({name: String}, Int)
    ; r20 (v13) : String
    ; r21 (v12) : Ref<{name: String}>
