---
source: acvus-mir-test/tests/e2e.rs
expression: ir
---
=== literals ===
  T0 = ""

=== main ===
     0 │   r0 = context_project @items
     1 │   r1 = context_load r0
     3 │   r2 = call #0(r1)
     5 │   r3 = closure L0 []
     6 │   r4 = call #1(r2, 0 (r5), r3)
     7 │   r6 = call #2(r4)
     8 │   r7 = T0 + r6
     9 │   return r7

    ; r0 (@items) : List<Int>
    ; r1 (v2) : List<Int>
    ; r2 (v6) : Iterator<?0, Resolved(EffectSet { reads: {}, writes: {}, io: false, self_modifying: false })>
    ; r3 (v8) : Fn(Int, Int) -> Int
    ; r4 (fold(...)) : Int
    ; r5 (v7) : Int
    ; r6 (to_string(...)) : String
    ; r7 (v11) : String
    ; r8 (v3) : String
    ; r9 (v5) : List<Int>
    ; r10 (@items) : List<Int>

=== closure L0 (ValueId(0), ValueId(1)) ===
     0 │   r0 = undef
     1 │   r1 = undef
     2 │   r2 = r3 + r4
     3 │   return r2

    ; r0 (v6) : Int
    ; r1 (v7) : Int
    ; r2 (v5) : Int
    ; r3 (v1) : Int
    ; r4 (v2) : Int
    ; r5 (acc) : Int
    ; r6 (x) : Int
