---
source: acvus-mir-test/tests/e2e.rs
expression: ir
---
=== literals ===
  T0 = ""

=== main ===
     0 │   r0 = undef
     3 │   r1 = variant Some(42 (r2))
     4 │   var_store x = r1
     6 │   r3 = T0 + T0
     7 │   return r3

    ; r0 (v6) : Option<Int>
    ; r1 (v3) : Option<Int>
    ; r2 (v2) : Int
    ; r3 (v5) : String
    ; r4 (v1) : String
    ; r5 (v4) : String
