---
source: acvus-mir-test/tests/e2e.rs
expression: ir
---
=== literals ===
  T0 = ""

=== main ===
     0 │   r0 = undef
     1 │   r1 = ref @n
     2 │   r2 = load r1
     4 │   r3 = ref @n
     5 │   r4 = -r2
     7 │   r5 = T0 + T0
     8 │   r6 = call #0(r4)
     9 │   r7 = r5 + r6
    10 │   return r7

    ; r0 (v15) : Int
    ; r1 (@n) : Ref<Int>
    ; r2 (@n) : Int
    ; r3 (@n) : Ref<Int>
    ; r4 (v6) : Int
    ; r5 (v10) : String
    ; r6 (to_string(...)) : String
    ; r7 (v14) : String
    ; r8 (v3) : String
    ; r9 (v11) : Ref<Int>
    ; r10 (v9) : String
    ; r11 (v5) : Int
    ; r12 (x) : Int
    ; r13 (v8) : Ref<Int>
