---
source: acvus-mir-test/tests/e2e.rs
expression: ir
---
=== literals ===
  T0 = ""

=== main ===
     0 │   r0 = undef
     1 │   r1 = context_project @items
     2 │   r2 = context_load r1
     6 │   jump L0(0 (r3), T0, r0)
     7 │ L0(r4: Int, r5: String, r6: Int):
     8 │   list_step r7, r8 = r2[r4] else L1(r5)
     9 │ L3:
    11 │   r9 = call #0(r7)
    12 │   r10 = T0 + r9
    13 │   r11 = r5 + r10
    14 │   jump L0(r8, r11, r7)
    15 │ L1(r12: String):
    16 │   jump L2(r12)
    17 │ L2(r13: String):
    18 │   r14 = T0 + r13
    19 │   return r14

    ; r0 (v20) : Int
    ; r1 (@items) : List<Int>
    ; r2 (v2) : List<Int>
    ; r3 (v6) : Int
    ; r4 (v8) : Int
    ; r5 (v9) : String
    ; r6 (v21) : Int
    ; r7 (x) : Int
    ; r8 (v11) : Int
    ; r9 (to_string(...)) : String
    ; r10 (v15) : String
    ; r11 (v16) : String
    ; r12 (v17) : String
    ; r13 (v18) : String
    ; r14 (v19) : String
    ; r15 (v3) : String
    ; r16 (v7) : String
    ; r17 (v5) : List<Int>
    ; r18 (x) : Int
    ; r19 (v12) : String
    ; r20 (@items) : List<Int>
