---
source: acvus-mir-test/tests/e2e.rs
expression: ir
---
=== literals ===
  T0 = ""
  T1 = "nope"

=== main ===
     0 │   r0 = context_project @opt
     1 │   r1 = context_load r0
     3 │ L2:
     4 │   r2 = test r1 is Some
     5 │   jump_if r2 then L3 else L4
     6 │ L3:
     7 │   r3 = unwrap r1
     9 │   jump L5(true (r4))
    10 │ L4:
    12 │   jump L5(false (r5))
    13 │ L5(r6: Bool):
    14 │   jump_if r6 then L6 else L1
    15 │ L6:
    16 │   r7 = unwrap r1
    18 │   r8 = poison
    19 │   r9 = T0 + r8
    20 │   jump L0(r9)
    21 │ L1:
    24 │   r10 = T0 + T1
    25 │   jump L0(r10)
    26 │ L0(r11: String):  ; merge_of L2
    27 │   r12 = T0 + r11
    28 │   return r12

    ; r0 (@opt) : <error>
    ; r1 (v1) : Option<Int>
    ; r13 (v2) : String
    ; r14 (@opt) : Option<Int>
    ; r15 (v4) : Option<Int>
    ; r2 (v5) : Bool
    ; r3 (v6) : Int
    ; r4 (v7) : Bool
    ; r6 (v8) : Bool
    ; r5 (v9) : Bool
    ; r7 (v) : Int
    ; r16 (v11) : String
    ; r8 (to_string(...)) : String
    ; r9 (v13) : String
    ; r17 (v14) : String
    ; r18 (v15) : String
    ; r10 (v16) : String
    ; r11 (v17) : String
    ; r12 (v18) : String
