---
source: acvus-mir-test/tests/e2e.rs
expression: ir
---
=== literals ===
  T0 = ""

=== main ===
     0 │   r0 = ref @items
     1 │   r1 = load r0
     3 │   r2 = ref @items
     4 │   r3 = call #0(r1)
     6 │   r4 = closure L0 []
     7 │   r5 = call #1(r3, 0 (r6), r4)
     8 │   r7 = call #2(r5)
     9 │   r8 = T0 + r7
    10 │   return r8

    ; r0 (@items) : Ref<List<Int>>
    ; r1 (@items) : List<Int>
    ; r2 (@items) : Ref<List<Int>>
    ; r3 (v6) : Iterator<?0, Resolved(EffectSet { reads: {}, writes: {}, io: false, self_modifying: false })>
    ; r4 (v8) : Fn(Int, Int) -> Int
    ; r5 (fold(...)) : Int
    ; r6 (v7) : Int
    ; r7 (to_string(...)) : String
    ; r8 (v11) : String
    ; r9 (v3) : String
    ; r10 (v5) : List<Int>

=== closure L0 (ValueId(0), ValueId(1)) ===
     0 │   r0 = undef
     1 │   r1 = undef
     2 │   r2 = r3 + r4
     3 │   return r2

    ; r0 (v12) : Int
    ; r1 (v13) : Int
    ; r2 (v11) : Int
    ; r3 (v1) : Int
    ; r4 (v2) : Int
    ; r5 (v7) : Ref<Int>
    ; r6 (x) : Int
    ; r7 (v6) : Ref<Int>
    ; r8 (v9) : Ref<Int>
    ; r9 (acc) : Int
    ; r10 (v4) : Ref<Int>
