---
source: acvus-mir-test/tests/e2e.rs
expression: ir
---
=== literals ===
  T0 = ""

=== main ===
     0 │   r0 = context_project @pair
     1 │   r1 = context_load r0
     3 │ L2:
     5 │   r2 = r1.0
     7 │   r3 = true (r4) && true (r5)
     8 │   jump_if r3 then L3 else L1
     9 │ L3:
    10 │   r6 = r1.0
    12 │   r7 = T0 + r6
    13 │   jump L0(r7, r6)
    14 │ L1:
    16 │   jump L0(T0, r8)
    17 │ L0(r9: String, r10: String):  ; merge_of L2
    18 │   r11 = T0 + r9
    19 │   return r11

    ; r0 (@pair) : <error>
    ; r1 (v1) : (String, Int)
    ; r2 (v6) : String
    ; r3 (v8) : Bool
    ; r4 (v5) : Bool
    ; r5 (v7) : Bool
    ; r6 (name) : String
    ; r7 (v12) : String
    ; r8 (v16) : String
    ; r9 (v14) : String
    ; r10 (v17) : String
    ; r11 (v15) : String
    ; r12 (name) : String
    ; r13 (@pair) : (String, Int)
    ; r14 (v4) : (String, Int)
    ; r15 (v10) : String
    ; r16 (v2) : String
    ; r17 (v13) : String
