---
source: acvus-mir-test/tests/e2e.rs
expression: ir
---
=== main ===
     0 │   r0 = storage_load $items
     1 │   r1 = closure L0 []
     2 │   r2 = call map(r0, r1)
     3 │   r3 = closure L1 []
     4 │   r4 = call filter(r2, r3)
     5 │   r5 = call len(r4)
     6 │   r6 = call to_string(r5)
     7 │   emit r6

    ; r0 ($items) : List<Int>
    ; r1 (v1) : Fn(Int) -> Int
    ; r2 (map(...)) : List<Int>
    ; r3 (v3) : Fn(Int) -> Bool
    ; r4 (filter(...)) : List<Int>
    ; r5 (len(...)) : Int
    ; r6 (to_string(...)) : String

=== closure L0 (i) ===
     0 │   r1 = storage_load $offset
     1 │   r2 = r0 + r1
     2 │   return r2

    ; r0 (v0) : Int
    ; r1 ($offset) : Int
    ; r2 (v2) : Int

=== closure L1 (i) ===
     0 │   r1 = const 0
     1 │   r2 = r0 > r1
     2 │   return r2

    ; r0 (v0) : Int
    ; r1 (v1) : Int
    ; r2 (v2) : Bool
