---
source: acvus-mir-test/tests/e2e.rs
expression: ir
---
=== literals ===
  T0 = ""
  T1 = "none"
  T2 = "has value"

=== main ===
     0 │   r0 = context_project @opt
     1 │   r1 = context_load r0
     3 │ L2:
     4 │   r2 = test r1 is None
     5 │   jump_if r2 then L3 else L1
     6 │ L3:
     9 │   r3 = T0 + T1
    10 │   jump L0(r3)
    11 │ L1:
    14 │   r4 = T0 + T2
    15 │   jump L0(r4)
    16 │ L0(r5: String):  ; merge_of L2
    17 │   r6 = T0 + r5
    18 │   return r6

    ; r0 (@opt) : Option<Int>
    ; r1 (v2) : Option<Int>
    ; r2 (v6) : Bool
    ; r3 (v9) : String
    ; r4 (v12) : String
    ; r5 (v13) : String
    ; r6 (v14) : String
    ; r7 (v7) : String
    ; r8 (v11) : String
    ; r9 (v3) : String
    ; r10 (v10) : String
    ; r11 (v5) : Option<Int>
    ; r12 (v8) : String
    ; r13 (@opt) : Option<Int>
