---
source: acvus-mir-test/tests/e2e.rs
expression: ir
---
=== literals ===
  T0 = ""

=== main ===
     0 │   r0 = context_project @pair
     1 │   r1 = context_load r0
     3 │ L2:
     5 │   r2 = r1.0
     7 │   r3 = true (r4) && true (r5)
     8 │   jump_if r3 then L3 else L1
     9 │ L3:
    10 │   r6 = r1.0
    12 │   r7 = r6.name
    13 │   r8 = T0 + r7
    14 │   jump L0(r8, r6)
    15 │ L1:
    17 │   jump L0(T0, r9)
    18 │ L0(r10: String, r11: {name: String}):  ; merge_of L2
    19 │   r12 = T0 + r10
    20 │   return r12

    ; r0 (@pair) : <error>
    ; r1 (v1) : ({name: String}, Int)
    ; r2 (v6) : {name: String}
    ; r3 (v8) : Bool
    ; r4 (v5) : Bool
    ; r5 (v7) : Bool
    ; r6 (obj) : {name: String}
    ; r7 (name) : String
    ; r8 (v13) : String
    ; r9 (v17) : {name: String}
    ; r10 (v15) : String
    ; r11 (v18) : {name: String}
    ; r12 (v16) : String
    ; r13 (obj) : {name: String}
    ; r14 (@pair) : ({name: String}, Int)
    ; r15 (v14) : String
    ; r16 (v4) : ({name: String}, Int)
    ; r17 (v10) : String
    ; r18 (v2) : String
