---
source: acvus-mir-test/tests/e2e.rs
expression: ir
---
=== literals ===
  T0 = ""
  T1 = "empty"

=== main ===
     0 │   r0 = context_project @items
     1 │   r1 = context_load r0
     3 │   r2 = cast ListToIterator r1
     5 │   jump L0(r2, T0, r3)
     6 │ L0(r4: Iterator<Int>, r5: String, r6: Int):
     7 │   iter_step r7, r8 = r4 else L1(r5)
     8 │ L3:
    10 │   r9 = poison
    11 │   r10 = T0 + r9
    12 │   r11 = r5 + r10
    13 │   jump L0(r8, r11, r7)
    14 │ L1(r12: String):
    17 │   r13 = T0 + T1
    18 │   r14 = r12 + r13
    19 │   jump L2(r14)
    20 │ L2(r15: String):
    21 │   r16 = T0 + r15
    22 │   return r16

    ; r0 (@items) : <error>
    ; r1 (v1) : List<Int>
    ; r2 (v5) : Iterator<Int>
    ; r3 (v23) : Int
    ; r4 (v7) : Iterator<Int>
    ; r5 (v8) : String
    ; r6 (v24) : Int
    ; r7 (x) : Int
    ; r8 (v10) : Iterator<Int>
    ; r9 (to_string(...)) : String
    ; r10 (v14) : String
    ; r11 (v15) : String
    ; r12 (v16) : String
    ; r13 (v19) : String
    ; r14 (v20) : String
    ; r15 (v21) : String
    ; r16 (v22) : String
    ; r17 (v11) : String
    ; r18 (@items) : List<Int>
    ; r19 (v6) : String
    ; r20 (v17) : String
    ; r21 (v4) : List<Int>
    ; r22 (v18) : String
    ; r23 (v2) : String
    ; r24 (x) : Int
