---
source: acvus-mir-test/tests/e2e.rs
expression: ir
---
=== literals ===
  T0 = ""

=== main ===
     0 │   r0 = context_project @a
     1 │   r1 = context_load r0
     2 │   r2 = context_project @b
     3 │   r3 = context_load r2
     5 │   r4 = r1 + r3
     6 │   r5 = poison
     7 │   r6 = T0 + r5
     8 │   return r6

    ; r0 (@a) : <error>
    ; r1 (v1) : Int
    ; r2 (@b) : <error>
    ; r3 (v3) : Int
    ; r7 (v4) : String
    ; r8 (@a) : Int
    ; r9 (v6) : Int
    ; r10 (@b) : Int
    ; r11 (v8) : Int
    ; r4 (v9) : Int
    ; r5 (to_string(...)) : String
    ; r6 (v11) : String
