---
source: acvus-mir-test/tests/e2e.rs
expression: ir
---
=== main ===
     0 │   r0 = context_load @user
     1 │ L2:
     3 │   r2 = test has_key(r0, "name")
     4 │   r3 = r0.name
     6 │   r5 = true (r1) && true (r4)
     7 │   r6 = test has_key(r0, "age")
     8 │   r7 = r0.age
    10 │   r9 = r5 && true (r8)
    11 │   jump_if r9 then L3 else L1
    12 │ L3:
    13 │   r10 = r0.name
    14 │   r11 = r0.age
    15 │   yield r10
    16 │   jump L0
    17 │ L1:
    18 │ L0:  ; merge_of L2

    ; r0 (@user) : {age: Int, email: String, name: String}
    ; r1 (v1) : Bool
    ; r2 (v2) : Bool
    ; r3 (v3) : String
    ; r4 (v4) : Bool
    ; r5 (v5) : Bool
    ; r6 (v6) : Bool
    ; r7 (v7) : Int
    ; r8 (v8) : Bool
    ; r9 (v9) : Bool
    ; r10 (name) : String
    ; r11 (age) : Int
