---
source: acvus-mir-test/tests/e2e.rs
expression: ir
---
=== literals ===
  T0 = ""

=== main ===
     0 │   r0 = undef
     1 │   r1 = undef
     2 │   r2 = undef
     3 │   r3 = context_project @data
     4 │   r4 = context_load r3
     6 │ L2:
     8 │   r5 = r4.0
    10 │   r6 = true (r7) && true (r8)
    11 │   r9 = r4.1
    13 │   r10 = r6 && true (r11)
    14 │   jump_if r10 then L3 else L1
    15 │ L3:
    16 │   r12 = r4.0
    17 │   r13 = r4.1
    19 │   r14 = T0 + r12
    22 │   jump L4(0 (r15), T0, r0)
    23 │ L4(r16: Int, r17: String, r18: Int):
    24 │   list_step r19, r20 = r13[r16] else L5(r17)
    25 │ L7:
    27 │   r21 = call #0(r19)
    28 │   r22 = T0 + r21
    29 │   r23 = r17 + r22
    30 │   jump L4(r20, r23, r19)
    31 │ L5(r24: String):
    32 │   jump L6(r24)
    33 │ L6(r25: String):
    34 │   r26 = r14 + r25
    35 │   jump L0(r26, r18, r13, r12)
    36 │ L1:
    38 │   jump L0(T0, r0, r1, r2)
    39 │ L0(r27: String, r28: Int, r29: List<Int>, r30: String):  ; merge_of L2
    40 │   r31 = T0 + r27
    41 │   return r31

    ; r0 (v36) : Int
    ; r1 (v37) : List<Int>
    ; r2 (v38) : String
    ; r3 (@data) : (String, List<Int>)
    ; r4 (v2) : (String, List<Int>)
    ; r5 (v7) : String
    ; r6 (v9) : Bool
    ; r7 (v6) : Bool
    ; r8 (v8) : Bool
    ; r9 (v10) : List<Int>
    ; r10 (v12) : Bool
    ; r11 (v11) : Bool
    ; r12 (label) : String
    ; r13 (items) : List<Int>
    ; r14 (v17) : String
    ; r15 (v19) : Int
    ; r16 (v21) : Int
    ; r17 (v22) : String
    ; r18 (v39) : Int
    ; r19 (x) : Int
    ; r20 (v24) : Int
    ; r21 (to_string(...)) : String
    ; r22 (v28) : String
    ; r23 (v29) : String
    ; r24 (v30) : String
    ; r25 (v31) : String
    ; r26 (v32) : String
    ; r27 (v34) : String
    ; r28 (v42) : Int
    ; r29 (v43) : List<Int>
    ; r30 (v44) : String
    ; r31 (v35) : String
    ; r32 (v3) : String
    ; r33 (v25) : String
    ; r34 (v5) : (String, List<Int>)
    ; r35 (v33) : String
    ; r36 (v15) : String
    ; r37 (items) : List<Int>
    ; r38 (v20) : String
    ; r39 (@data) : (String, List<Int>)
    ; r40 (x) : Int
    ; r41 (label) : String
