---
source: acvus-mir-test/tests/e2e.rs
expression: ir
---
=== literals ===
  T0 = ""

=== main ===
     0 │   r0 = context_project @items
     1 │   r1 = context_load r0
     3 │   r2 = poison
     4 │   r3 = closure L0 []
     5 │   r4 = poison
     6 │   r5 = closure L1 []
     7 │   r6 = poison
     8 │   r7 = closure L2 []
     9 │   r8 = poison
    10 │   r9 = poison
    12 │   r10 = T0 + T0
    13 │   r11 = poison
    14 │   r12 = poison
    15 │   r13 = r10 + r12
    16 │   return r13

    ; r0 (@items) : <error>
    ; r1 (v1) : List<Int>
    ; r14 (v2) : String
    ; r15 (@items) : List<Int>
    ; r16 (v4) : List<Int>
    ; r2 (iter(...)) : Iterator<Int>
    ; r3 (v6) : Fn(Int) -> Bool
    ; r4 (filter(...)) : Iterator<Int>
    ; r5 (v8) : Fn(Int) -> Int
    ; r6 (map(...)) : Iterator<Int>
    ; r7 (v10) : Fn(Int) -> Int
    ; r8 (map(...)) : Iterator<Int>
    ; r9 (collect(...)) : List<Int>
    ; r17 (v13) : String
    ; r10 (v14) : String
    ; r11 (len(...)) : Int
    ; r12 (to_string(...)) : String
    ; r13 (v17) : String

=== closure L0 (ValueId(0)) ===
     1 │   r0 = r1 != 0 (r2)
     2 │   return r0

    ; r1 (v0) : Int
    ; r2 (v1) : Int
    ; r0 (v2) : Bool

=== closure L1 (ValueId(0)) ===
     1 │   r0 = r1 + 1 (r2)
     2 │   return r0

    ; r1 (v0) : Int
    ; r2 (v1) : Int
    ; r0 (v2) : Int

=== closure L2 (ValueId(0)) ===
     1 │   r0 = r1 * 2 (r2)
     2 │   return r0

    ; r1 (v0) : Int
    ; r2 (v1) : Int
    ; r0 (v2) : Int
