---
source: acvus-mir-test/tests/e2e.rs
expression: ir
---
=== literals ===
  T0 = ""
  T1 = "nope"

=== main ===
     0 │   r0 = undef
     1 │   r1 = context_project @opt
     2 │   r2 = context_load r1
     4 │ L2:
     5 │   r3 = test r2 is Some
     6 │   jump_if r3 then L3 else L4
     7 │ L3:
     8 │   r4 = unwrap r2
    10 │   jump L5(true (r5))
    11 │ L4:
    13 │   jump L5(false (r6))
    14 │ L5(r7: Bool):
    15 │   jump_if r7 then L6 else L1
    16 │ L6:
    17 │   r8 = unwrap r2
    19 │   r9 = call #0(r8)
    20 │   r10 = T0 + r9
    21 │   jump L0(r10, r8)
    22 │ L1:
    25 │   r11 = T0 + T1
    26 │   jump L0(r11, r0)
    27 │ L0(r12: String, r13: Int):  ; merge_of L2
    28 │   r14 = T0 + r12
    29 │   return r14

    ; r0 (v21) : Int
    ; r1 (@opt) : Option<Int>
    ; r2 (v2) : Option<Int>
    ; r3 (v6) : Bool
    ; r4 (v7) : Int
    ; r5 (v8) : Bool
    ; r6 (v10) : Bool
    ; r7 (v9) : Bool
    ; r8 (v) : Int
    ; r9 (to_string(...)) : String
    ; r10 (v15) : String
    ; r11 (v18) : String
    ; r12 (v19) : String
    ; r13 (v23) : Int
    ; r14 (v20) : String
    ; r15 (v3) : String
    ; r16 (v17) : String
    ; r17 (v5) : Option<Int>
    ; r18 (v) : Int
    ; r19 (v12) : String
    ; r20 (@opt) : Option<Int>
    ; r21 (v16) : String
