---
source: acvus-mir-test/tests/e2e.rs
expression: ir
---
=== literals ===
  T0 = ""
  T1 = ","

=== main ===
     0 │   r0 = undef
     1 │   r1 = context_project @users
     2 │   r2 = context_load r1
     4 │   r3 = call #0(r2)
     5 │   r4 = closure L0 []
     6 │   r5 = call #1(r3, r4)
     8 │   r6 = T0 + T0
    10 │   r7 = call #2(r5, T1)
    11 │   r8 = r6 + r7
    12 │   return r8

    ; r0 (v15) : Iterator<String, Resolved(EffectSet { reads: {}, writes: {}, io: false, self_modifying: false })>
    ; r1 (@users) : List<{age: Int, name: String}>
    ; r2 (v2) : List<{age: Int, name: String}>
    ; r3 (iter(...)) : Iterator<{age: Int, name: String}, Resolved(EffectSet { reads: {}, writes: {}, io: false, self_modifying: false })>
    ; r4 (v7) : Fn({age: Int, name: String}) -> String
    ; r5 (map(...)) : Iterator<String, Resolved(EffectSet { reads: {}, writes: {}, io: false, self_modifying: false })>
    ; r6 (v10) : String
    ; r7 (join(...)) : String
    ; r8 (v14) : String
    ; r9 (v3) : String
    ; r10 (x) : Iterator<String, Resolved(EffectSet { reads: {}, writes: {}, io: false, self_modifying: false })>
    ; r11 (v9) : String
    ; r12 (v12) : String
    ; r13 (@users) : List<{age: Int, name: String}>
    ; r14 (v5) : List<{age: Int, name: String}>

=== closure L0 (ValueId(0)) ===
     0 │   r0 = undef
     1 │   r1 = r2.name
     2 │   return r1

    ; r0 (v4) : {age: Int, name: String}
    ; r1 (name) : String
    ; r2 (v1) : {age: Int, name: String}
    ; r3 (u) : {age: Int, name: String}
