---
source: acvus-mir-test/tests/e2e.rs
expression: ir
---
=== literals ===
  T0 = ""
  T1 = ","

=== main ===
     0 │   r0 = undef
     1 │   r1 = ref @users
     2 │   r2 = load r1
     4 │   r3 = ref @users
     5 │   r4 = call #0(r2)
     6 │   r5 = closure L0 []
     7 │   r6 = call #1(r4, r5)
     8 │   r7 = closure L1 []
     9 │   r8 = call #2(r6, r7)
    11 │   r9 = T0 + T0
    13 │   r10 = call #3(r8, T1)
    14 │   r11 = r9 + r10
    15 │   return r11

    ; r0 (v20) : Iterator<String, Resolved(EffectSet { reads: {}, writes: {}, io: false, self_modifying: false })>
    ; r1 (@users) : Ref<List<{age: Int, name: String}>>
    ; r2 (@users) : List<{age: Int, name: String}>
    ; r3 (@users) : Ref<List<{age: Int, name: String}>>
    ; r4 (iter(...)) : Iterator<{age: Int, name: String}, Resolved(EffectSet { reads: {}, writes: {}, io: false, self_modifying: false })>
    ; r5 (v7) : Fn({age: Int, name: String}) -> Bool
    ; r6 (filter(...)) : Iterator<{age: Int, name: String}, Resolved(EffectSet { reads: {}, writes: {}, io: false, self_modifying: false })>
    ; r7 (v9) : Fn({age: Int, name: String}) -> String
    ; r8 (map(...)) : Iterator<String, Resolved(EffectSet { reads: {}, writes: {}, io: false, self_modifying: false })>
    ; r9 (v14) : String
    ; r10 (join(...)) : String
    ; r11 (v19) : String
    ; r12 (v3) : String
    ; r13 (v17) : String
    ; r14 (v12) : Ref<Iterator<String, Resolved(EffectSet { reads: {}, writes: {}, io: false, self_modifying: false })>>
    ; r15 (v15) : Ref<Iterator<String, Resolved(EffectSet { reads: {}, writes: {}, io: false, self_modifying: false })>>
    ; r16 (v13) : String
    ; r17 (v5) : List<{age: Int, name: String}>
    ; r18 (x) : Iterator<String, Resolved(EffectSet { reads: {}, writes: {}, io: false, self_modifying: false })>

=== closure L0 (ValueId(0)) ===
     0 │   r0 = undef
     1 │   r1 = r2.age
     3 │   r3 = r1 > 18 (r4)
     4 │   return r3

    ; r0 (v10) : {age: Int, name: String}
    ; r1 (v5) : Int
    ; r2 (v1) : {age: Int, name: String}
    ; r3 (v7) : Bool
    ; r4 (v6) : Int
    ; r5 (v3) : Ref<{age: Int, name: String}>
    ; r6 (v9) : {age: Int, name: String}
    ; r7 (v8) : Ref<{age: Int, name: String}>
    ; r8 (u.age) : Ref<Int>

=== closure L1 (ValueId(0)) ===
     0 │   r0 = undef
     1 │   r1 = r2.name
     2 │   return r1

    ; r0 (v8) : {age: Int, name: String}
    ; r1 (v5) : String
    ; r2 (v1) : {age: Int, name: String}
    ; r3 (v3) : Ref<{age: Int, name: String}>
    ; r4 (v7) : {age: Int, name: String}
    ; r5 (v6) : Ref<{age: Int, name: String}>
    ; r6 (u.name) : Ref<String>
