---
source: acvus-mir-test/tests/e2e.rs
expression: ir
---
=== literals ===
  T0 = ""
  T1 = "empty"

=== main ===
     0 │   r0 = undef
     1 │   r1 = context_project @users
     2 │   r2 = context_load r1
     4 │ L2:
     5 │   r3 = test len(r2) >= 1
     6 │   jump_if r3 then L3 else L4
     7 │ L3:
     8 │   r4 = r2[0]
    10 │   r5 = r3 && true (r6)
    11 │   jump L5(r5)
    12 │ L4:
    14 │   jump L5(false (r7))
    15 │ L5(r8: Bool):
    16 │   jump_if r8 then L6 else L1
    17 │ L6:
    18 │   r9 = r2[0]
    20 │   r10 = r9.name
    21 │   r11 = T0 + r10
    22 │   jump L0(r11, r9)
    23 │ L1:
    26 │   r12 = T0 + T1
    27 │   jump L0(r12, r0)
    28 │ L0(r13: String, r14: {name: String}):  ; merge_of L2
    29 │   r15 = T0 + r13
    30 │   return r15

    ; r0 (v22) : {name: String}
    ; r1 (@users) : List<{name: String}>
    ; r2 (v2) : List<{name: String}>
    ; r3 (v6) : Bool
    ; r4 (v7) : {name: String}
    ; r5 (v9) : Bool
    ; r6 (v8) : Bool
    ; r7 (v11) : Bool
    ; r8 (v10) : Bool
    ; r9 (first) : {name: String}
    ; r10 (name) : String
    ; r11 (v16) : String
    ; r12 (v19) : String
    ; r13 (v20) : String
    ; r14 (v24) : {name: String}
    ; r15 (v21) : String
    ; r16 (v3) : String
    ; r17 (first) : {name: String}
    ; r18 (v17) : String
    ; r19 (v18) : String
    ; r20 (v13) : String
    ; r21 (@users) : List<{name: String}>
    ; r22 (v5) : List<{name: String}>
