---
source: acvus-mir-test/tests/e2e.rs
expression: ir
---
=== literals ===
  T0 = ""

=== main ===
     0 │   r0 = undef
     1 │   r1 = ref @items
     2 │   r2 = load r1
     4 │   r3 = ref @items
     5 │   r4 = call #0(r2)
     6 │   r5 = closure L0 []
     7 │   r6 = call #1(r4, r5)
     8 │   r7 = closure L1 []
     9 │   r8 = call #2(r6, r7)
    10 │   r9 = call #3(r8)
    12 │   r10 = T0 + T0
    13 │   r11 = call #4(r9)
    14 │   r12 = call #5(r11)
    15 │   r13 = r10 + r12
    16 │   return r13

    ; r0 (v21) : List<Int>
    ; r1 (@items) : Ref<List<Int>>
    ; r2 (@items) : List<Int>
    ; r3 (@items) : Ref<List<Int>>
    ; r4 (iter(...)) : Iterator<Int, Resolved(EffectSet { reads: {}, writes: {}, io: false, self_modifying: false })>
    ; r5 (v7) : Fn(Int) -> Bool
    ; r6 (filter(...)) : Iterator<Int, Resolved(EffectSet { reads: {}, writes: {}, io: false, self_modifying: false })>
    ; r7 (v9) : Fn(Int) -> Int
    ; r8 (map(...)) : Iterator<Int, Resolved(EffectSet { reads: {}, writes: {}, io: false, self_modifying: false })>
    ; r9 (collect(...)) : List<Int>
    ; r10 (v15) : String
    ; r11 (len(...)) : Int
    ; r12 (to_string(...)) : String
    ; r13 (v20) : String
    ; r14 (v3) : String
    ; r15 (v14) : String
    ; r16 (x) : List<Int>
    ; r17 (v13) : Ref<List<Int>>
    ; r18 (v5) : List<Int>
    ; r19 (v16) : Ref<List<Int>>

=== closure L0 (ValueId(0)) ===
     0 │   r0 = undef
     2 │   r1 = r2 != 0 (r3)
     3 │   return r1

    ; r0 (v8) : Int
    ; r1 (v7) : Bool
    ; r2 (v1) : Int
    ; r3 (v6) : Int
    ; r4 (v3) : Ref<Int>
    ; r5 (x) : Int
    ; r6 (v4) : Ref<Int>

=== closure L1 (ValueId(0)) ===
     0 │   r0 = undef
     2 │   r1 = r2 + 1 (r3)
     3 │   return r1

    ; r0 (v8) : Int
    ; r1 (v7) : Int
    ; r2 (v1) : Int
    ; r3 (v6) : Int
    ; r4 (v3) : Ref<Int>
    ; r5 (x) : Int
    ; r6 (v4) : Ref<Int>
