---
source: acvus-mir-test/tests/e2e.rs
expression: ir
---
=== literals ===
  T0 = ""

=== main ===
     0 │   r0 = undef
     1 │   r1 = undef
     2 │   r2 = context_project @user
     3 │   r3 = context_load r2
     5 │ L2:
     7 │   r4 = test has_key(r3, "name")
     8 │   r5 = r3.name
    10 │   r6 = true (r7) && true (r8)
    11 │   r9 = test has_key(r3, "age")
    12 │   r10 = r3.age
    14 │   r11 = r6 && true (r12)
    15 │   jump_if r11 then L3 else L1
    16 │ L3:
    17 │   r13 = r3.name
    18 │   r14 = r3.age
    20 │   r15 = T0 + r13
    21 │   jump L0(r15, r13, r14)
    22 │ L1:
    24 │   jump L0(T0, r0, r1)
    25 │ L0(r16: String, r17: String, r18: Int):  ; merge_of L2
    26 │   r19 = T0 + r16
    27 │   return r19

    ; r0 (v23) : String
    ; r1 (v24) : Int
    ; r2 (@user) : {age: Int, email: String, name: String}
    ; r3 (v2) : {age: Int, email: String, name: String}
    ; r4 (v7) : Bool
    ; r5 (v8) : String
    ; r6 (v10) : Bool
    ; r7 (v6) : Bool
    ; r8 (v9) : Bool
    ; r9 (v11) : Bool
    ; r10 (v12) : Int
    ; r11 (v14) : Bool
    ; r12 (v13) : Bool
    ; r13 (name) : String
    ; r14 (age) : Int
    ; r15 (v19) : String
    ; r16 (v21) : String
    ; r17 (v25) : String
    ; r18 (v26) : Int
    ; r19 (v22) : String
    ; r20 (v3) : String
    ; r21 (v17) : String
    ; r22 (name) : String
    ; r23 (v20) : String
    ; r24 (@user) : {age: Int, email: String, name: String}
    ; r25 (v5) : {age: Int, email: String, name: String}
