---
source: acvus-mir-test/tests/e2e.rs
expression: ir
---
=== literals ===
  T0 = ""

=== main ===
     0 │   r0 = undef
     1 │   r1 = ref @vals
     2 │   r2 = load r1
     4 │   r3 = ref @vals
     5 │   r4 = call #0(r2)
     6 │   r5 = closure L0 []
     7 │   r6 = call #1(r4, r5)
     8 │   r7 = call #2(r6)
    10 │   r8 = T0 + T0
    11 │   r9 = call #3(r7)
    12 │   r10 = call #4(r9)
    13 │   r11 = r8 + r10
    14 │   return r11

    ; r0 (v19) : List<Float>
    ; r1 (@vals) : Ref<List<Float>>
    ; r2 (@vals) : List<Float>
    ; r3 (@vals) : Ref<List<Float>>
    ; r4 (iter(...)) : Iterator<Float, Resolved(EffectSet { reads: {}, writes: {}, io: false, self_modifying: false })>
    ; r5 (v7) : Fn(Float) -> Float
    ; r6 (map(...)) : Iterator<Float, Resolved(EffectSet { reads: {}, writes: {}, io: false, self_modifying: false })>
    ; r7 (collect(...)) : List<Float>
    ; r8 (v13) : String
    ; r9 (len(...)) : Int
    ; r10 (to_string(...)) : String
    ; r11 (v18) : String
    ; r12 (v3) : String
    ; r13 (v11) : Ref<List<Float>>
    ; r14 (v14) : Ref<List<Float>>
    ; r15 (v12) : String
    ; r16 (x) : List<Float>
    ; r17 (v5) : List<Float>

=== closure L0 (ValueId(0)) ===
     0 │   r0 = undef
     2 │   r1 = r2 * 2.0 (r3)
     3 │   return r1

    ; r0 (v8) : Float
    ; r1 (v7) : Float
    ; r2 (v1) : Float
    ; r3 (v6) : Float
    ; r4 (v3) : Ref<Float>
    ; r5 (v) : Float
    ; r6 (v4) : Ref<Float>
