---
source: acvus-mir-test/tests/e2e.rs
expression: ir
---
=== literals ===
  T0 = ""
  T1 = "none"

=== main ===
     0 │   r0 = undef
     1 │   r1 = undef
     2 │   r2 = context_project @user
     3 │   r3 = context_load r2
     5 │ L2:
     7 │   r4 = test has_key(r3, "name")
     8 │   r5 = r3.name
    10 │   r6 = true (r7) && true (r8)
    11 │   r9 = test has_key(r3, "age")
    12 │   r10 = r3.age
    14 │   r11 = r6 && true (r12)
    15 │   jump_if r11 then L3 else L1
    16 │ L3:
    17 │   r13 = r3.name
    18 │   r14 = r3.age
    20 │   r15 = T0 + r13
    21 │   r16 = call #0(r14)
    22 │   r17 = r15 + r16
    23 │   jump L0(r17, r13, r14)
    24 │ L1:
    27 │   r18 = T0 + T1
    28 │   jump L0(r18, r0, r1)
    29 │ L0(r19: String, r20: String, r21: Int):  ; merge_of L2
    30 │   r22 = T0 + r19
    31 │   return r22

    ; r0 (v28) : String
    ; r1 (v29) : Int
    ; r2 (@user) : {age: Int, email: String, name: String}
    ; r3 (v2) : {age: Int, email: String, name: String}
    ; r4 (v7) : Bool
    ; r5 (v8) : String
    ; r6 (v10) : Bool
    ; r7 (v6) : Bool
    ; r8 (v9) : Bool
    ; r9 (v11) : Bool
    ; r10 (v12) : Int
    ; r11 (v14) : Bool
    ; r12 (v13) : Bool
    ; r13 (name) : String
    ; r14 (age) : Int
    ; r15 (v19) : String
    ; r16 (to_string(...)) : String
    ; r17 (v22) : String
    ; r18 (v25) : String
    ; r19 (v26) : String
    ; r20 (v30) : String
    ; r21 (v31) : Int
    ; r22 (v27) : String
    ; r23 (v3) : String
    ; r24 (age) : Int
    ; r25 (v17) : String
    ; r26 (v23) : String
    ; r27 (name) : String
    ; r28 (v24) : String
    ; r29 (v5) : {age: Int, email: String, name: String}
    ; r30 (@user) : {age: Int, email: String, name: String}
