---
source: acvus-mir-test/tests/e2e.rs
expression: ir
---
=== main ===
     0 │   r0 = context_load @data
     1 │   r1 = r0.user
     2 │   r2 = r1.address
     3 │   r3 = r2.city
     4 │   emit r3

    ; r0 (@data) : {user: {address: {city: String}}}
    ; r1 (user) : {address: {city: String}}
    ; r2 (address) : {city: String}
    ; r3 (city) : String
