---
source: acvus-mir-test/tests/e2e.rs
expression: ir
---
=== literals ===
  T0 = ""
  T1 = "zero"
  T2 = "low"
  T3 = "high"
  T4 = "other"

=== main ===
     0 │   r0 = ref @score
     1 │   r1 = load r0
     3 │   r2 = ref @score
     4 │ L2:
     5 │   r3 = test r1 == 0
     6 │   jump_if r3 then L5 else L3
     7 │ L5:
    10 │   r4 = T0 + T1
    11 │   jump L0(r4)
    12 │ L3:
    13 │   r5 = test r1 in 1..10
    14 │   jump_if r5 then L6 else L4
    15 │ L6:
    18 │   r6 = T0 + T2
    19 │   jump L0(r6)
    20 │ L4:
    21 │   r7 = test r1 in 10..=100
    22 │   jump_if r7 then L7 else L1
    23 │ L7:
    26 │   r8 = T0 + T3
    27 │   jump L0(r8)
    28 │ L1:
    31 │   r9 = T0 + T4
    32 │   jump L0(r9)
    33 │ L0(r10: String):  ; merge_of L2
    34 │   r11 = T0 + r10
    35 │   return r11

    ; r0 (@score) : Ref<Int>
    ; r1 (@score) : Int
    ; r2 (@score) : Ref<Int>
    ; r3 (v6) : Bool
    ; r4 (v9) : String
    ; r5 (v10) : Bool
    ; r6 (v13) : String
    ; r7 (v14) : Bool
    ; r8 (v17) : String
    ; r9 (v20) : String
    ; r10 (v21) : String
    ; r11 (v22) : String
    ; r12 (v11) : String
    ; r13 (v3) : String
    ; r14 (v7) : String
    ; r15 (v15) : String
    ; r16 (v18) : String
    ; r17 (v5) : Int
    ; r18 (v12) : String
    ; r19 (v16) : String
    ; r20 (v8) : String
    ; r21 (v19) : String
