---
source: acvus-mir-test/tests/e2e.rs
expression: ir
---
=== literals ===
  T0 = ""
  T1 = "admin"
  T2 = "guest"

=== main ===
     0 │   r0 = context_project @role
     1 │   r1 = context_load r0
     3 │ L2:
     4 │   r2 = test r1 == "admin"
     5 │   jump_if r2 then L3 else L1
     6 │ L3:
     9 │   r3 = T0 + T1
    10 │   jump L0(r3)
    11 │ L1:
    15 │   r4 = T0 + T0
    16 │   r5 = r4 + T2
    17 │   jump L0(r5)
    18 │ L0(r6: String):  ; merge_of L2
    19 │   r7 = T0 + r6
    20 │   return r7

    ; r0 (@role) : <error>
    ; r1 (v1) : String
    ; r8 (v2) : String
    ; r9 (@role) : String
    ; r10 (v4) : String
    ; r2 (v5) : Bool
    ; r11 (v6) : String
    ; r12 (v7) : String
    ; r3 (v8) : String
    ; r13 (v9) : String
    ; r14 (v10) : String
    ; r15 (v11) : String
    ; r4 (v12) : String
    ; r5 (v13) : String
    ; r6 (v14) : String
    ; r7 (v15) : String
