---
source: acvus-mir-test/tests/e2e.rs
expression: ir
---
=== literals ===
  T0 = ""

=== main ===
     0 │   r0 = undef
     1 │   r1 = undef
     2 │   r2 = ref @items
     3 │   r3 = load r2
     7 │   r4 = T0 + T0
     8 │   r5 = ref @items
     9 │   r6 = call #0(r3)
    10 │   r7 = closure L0 [10 (r8)]
    11 │   r9 = call #1(r6, r7)
    12 │   r10 = call #2(r9)
    14 │   r11 = r4 + T0
    15 │   r12 = call #3(r10)
    16 │   r13 = call #4(r12)
    17 │   r14 = r11 + r13
    18 │   return r14

    ; r0 (v26) : Int
    ; r1 (v27) : List<Int>
    ; r2 (@items) : Ref<List<Int>>
    ; r3 (@items) : List<Int>
    ; r4 (v8) : String
    ; r5 (@items) : Ref<List<Int>>
    ; r6 (iter(...)) : Iterator<Int, Resolved(EffectSet { reads: {}, writes: {}, io: false, self_modifying: false })>
    ; r7 (v14) : Fn(Int) -> Bool
    ; r8 (v4) : Int
    ; r9 (filter(...)) : Iterator<Int, Resolved(EffectSet { reads: {}, writes: {}, io: false, self_modifying: false })>
    ; r10 (collect(...)) : List<Int>
    ; r11 (v20) : String
    ; r12 (len(...)) : Int
    ; r13 (to_string(...)) : String
    ; r14 (v25) : String
    ; r15 (x) : List<Int>
    ; r16 (v3) : String
    ; r17 (v6) : Ref<Int>
    ; r18 (v18) : Ref<List<Int>>
    ; r19 (v7) : String
    ; r20 (v21) : Ref<List<Int>>
    ; r21 (v10) : List<Int>
    ; r22 (offset) : Int
    ; r23 (v12) : Ref<Int>
    ; r24 (v19) : String

=== closure L0 (ValueId(1)) [captures: [ValueId(0)]] ===
     0 │   r0 = undef
     1 │   r1 = undef
     2 │   r2 = r3 > r4
     3 │   return r2

    ; r0 (v12) : Int
    ; r1 (v13) : Int
    ; r2 (v11) : Bool
    ; r3 (v2) : Int
    ; r4 (v1) : Int
    ; r5 (v7) : Ref<Int>
    ; r6 (offset) : Int
    ; r7 (v6) : Ref<Int>
    ; r8 (v9) : Ref<Int>
    ; r9 (i) : Int
    ; r10 (v4) : Ref<Int>
