---
source: acvus-mir-test/tests/e2e.rs
expression: ir
---
=== main ===
     0 │   r0 = ref @a
     1 │   r1 = load r0
     2 │   r2 = ref @x
     3 │   r3 = load r2
     5 │   r4 = ref @x
     6 │   store r4 = 99 (r5)
     8 │   r6 = ref @a
     9 │   r7 = field_set r1.x = 42 (r8)
    10 │   r9 = ref @a
    11 │   store r9 = r7
    12 │   r10 = ref @x
    13 │   return 99 (r5)

    ; r0 (@a) : Ref<{x: Int}>
    ; r1 (@a) : {x: Int}
    ; r2 (@x) : Ref<Int>
    ; r3 (@x) : Int
    ; r4 (@x) : Ref<Int>
    ; r5 (v5) : Int
    ; r6 (v11) : Ref<{x: Int}>
    ; r7 (v13) : {x: Int}
    ; r8 (v7) : Int
    ; r9 (v14) : Ref<{x: Int}>
    ; r10 (@x) : Ref<Int>
    ; r11 (v10) : Int
    ; r12 (v12) : {x: Int}
    ; r13 (@a) : Ref<Int>
