---
source: acvus-mir-test/tests/e2e.rs
expression: ir
---
=== literals ===
  T0 = ""

=== main ===
     0 │   r0 = context_project @data
     1 │   r1 = context_load r0
     3 │   r2 = r1.user
     4 │   r3 = r2.address
     5 │   r4 = r3.city
     6 │   r5 = T0 + r4
     7 │   return r5

    ; r0 (@data) : {user: {address: {city: String}}}
    ; r1 (v2) : {user: {address: {city: String}}}
    ; r2 (user) : {address: {city: String}}
    ; r3 (address) : {city: String}
    ; r4 (city) : String
    ; r5 (v9) : String
    ; r6 (v3) : String
    ; r7 (v5) : {user: {address: {city: String}}}
    ; r8 (@data) : {user: {address: {city: String}}}
