---
source: acvus-mir-test/tests/e2e.rs
expression: ir
---
=== literals ===
  T0 = ""

=== main ===
     3 │   r0 = T0 + T0
     4 │   r1 = poison
     5 │   r2 = r0 + r1
     6 │   return r2

    ; r0 (v3) : String
    ; r1 (to_string(...)) : String
    ; r2 (v6) : String
    ; r3 (v7) : Int
    ; r4 (v0) : String
    ; r5 (v2) : String
    ; r6 (v1) : Int
    ; r7 (x) : Int
