---
source: acvus-mir-test/tests/e2e.rs
expression: ir
---
=== main ===
     0 │   r0 = context_project @x
     1 │   r1 = context_load r0
     3 │   r2 = r1 + 1 (r3)
     4 │   r4 = context_project @x
     5 │   ctx_store r4 = r2
     6 │   return r2

    ; r0 (@x) : <error>
    ; r1 (v1) : Int
    ; r5 (@x) : Int
    ; r6 (v3) : Int
    ; r3 (v4) : Int
    ; r2 (v5) : Int
    ; r4 (v6) : Int
    ; r7 (@x) : Int
    ; r8 (v8) : Int
