---
source: acvus-mir-test/tests/e2e.rs
expression: ir
---
=== literals ===
  T0 = ""

=== main ===
     0 │   r0 = context_project @items
     1 │   r1 = context_load r0
     5 │   r2 = T0 + T0
     6 │   r3 = cast ListToIterator r1
     8 │   jump L0(r3, T0, r4, 0 (r5))
     9 │ L0(r6: Iterator<Int>, r7: String, r8: Int, r9: Int):
    10 │   iter_step r10, r11 = r6 else L1(r7)
    11 │ L3:
    13 │   r12 = r12 + r10
    15 │   r13 = T0 + T0
    16 │   r14 = r7 + r13
    17 │   jump L0(r11, r14, r10, r12)
    18 │ L1(r15: String):
    19 │   jump L2(r15)
    20 │ L2(r16: String):
    21 │   r17 = r2 + r16
    22 │   r18 = poison
    23 │   r19 = r17 + r18
    24 │   return r19

    ; r0 (@items) : <error>
    ; r1 (v1) : List<Int>
    ; r2 (v5) : String
    ; r3 (v8) : Iterator<Int>
    ; r4 (v27) : Int
    ; r5 (v3) : Int
    ; r6 (v10) : Iterator<Int>
    ; r7 (v11) : String
    ; r8 (v29) : Int
    ; r9 (v30) : Int
    ; r10 (x) : Int
    ; r11 (v13) : Iterator<Int>
    ; r12 (v17) : Int
    ; r13 (v19) : String
    ; r14 (v20) : String
    ; r15 (v21) : String
    ; r16 (v22) : String
    ; r17 (v23) : String
    ; r18 (to_string(...)) : String
    ; r19 (v26) : String
    ; r20 (v28) : Int
    ; r21 (@items) : List<Int>
    ; r22 (v9) : String
    ; r23 (v14) : String
    ; r24 (sum) : Int
    ; r25 (v18) : String
    ; r26 (v2) : String
    ; r27 (sum) : Int
    ; r28 (v4) : String
    ; r29 (v7) : List<Int>
    ; r30 (x) : Int
