---
source: acvus-mir-test/tests/e2e.rs
expression: ir
---
=== literals ===
  T0 = ""

=== main ===
     1 │   r0 = variant None
     2 │   var_store x = r0
     4 │   r1 = T0 + T0
     5 │   return r1

    ; r0 (v1) : Option<?0>
    ; r1 (v3) : String
    ; r2 (v0) : String
    ; r3 (v4) : Option<?0>
    ; r4 (v2) : String
