---
source: acvus-mir-test/tests/e2e.rs
expression: ir
---
=== literals ===
  T0 = ""

=== main ===
     0 │   r0 = context_project @get_user
     1 │   r1 = context_load r0
     4 │   r2 = call r1(1 (r3))
     6 │   r4 = T0 + T0
     7 │   r5 = r2.name
     8 │   r6 = r4 + r5
     9 │   return r6

    ; r0 (@get_user) : <error>
    ; r1 (v1) : Fn(Int) -> {age: Int, name: String}
    ; r7 (v2) : String
    ; r3 (v3) : Int
    ; r2 (<closure>(...)) : {age: Int, name: String}
    ; r8 (@get_user) : Fn(Int) -> {age: Int, name: String}
    ; r9 (v6) : Fn(Int) -> {age: Int, name: String}
    ; r10 (v7) : String
    ; r4 (v8) : String
    ; r5 (name) : String
    ; r6 (v10) : String
