---
source: acvus-mir-test/tests/e2e.rs
expression: ir
---
=== literals ===
  T0 = ""
  T1 = "empty"

=== main ===
     0 │   r0 = context_project @items
     1 │   r1 = context_load r0
     3 │   r2 = cast ListToIterator r1
     5 │   jump L0(r2, T0)
     6 │ L0(r3: Iterator<Int>, r4: String):
     7 │   iter_step r5, r6 = r3 else L1(r4)
     8 │ L3:
    10 │   r7 = poison
    11 │   r8 = T0 + r7
    12 │   r9 = r4 + r8
    13 │   jump L0(r6, r9)
    14 │ L1(r10: String):
    17 │   r11 = T0 + T1
    18 │   r12 = r10 + r11
    19 │   jump L2(r12)
    20 │ L2(r13: String):
    21 │   r14 = T0 + r13
    22 │   return r14

    ; r0 (@items) : <error>
    ; r1 (v1) : List<Int>
    ; r15 (v2) : String
    ; r16 (@items) : List<Int>
    ; r17 (v4) : List<Int>
    ; r2 (v5) : Iterator<Int>
    ; r18 (v6) : String
    ; r3 (v7) : Iterator<Int>
    ; r4 (v8) : String
    ; r5 (x) : Int
    ; r6 (v10) : Iterator<Int>
    ; r19 (v11) : String
    ; r7 (to_string(...)) : String
    ; r8 (v13) : String
    ; r9 (v14) : String
    ; r10 (v15) : String
    ; r20 (v16) : String
    ; r21 (v17) : String
    ; r11 (v18) : String
    ; r12 (v19) : String
    ; r13 (v20) : String
    ; r14 (v21) : String
