---
source: acvus-mir-test/tests/e2e.rs
expression: ir
---
=== literals ===
  T0 = ""
  T1 = "yes"
  T2 = "no"

=== main ===
     0 │   r0 = undef
     1 │   r1 = ref @role
     2 │   r2 = load r1
     6 │   r3 = T0 + T0
     7 │   r4 = ref @role
     8 │ L2:
     9 │   r5 = test r2 == "admin"
    10 │   jump_if r5 then L3 else L1
    11 │ L3:
    15 │   r6 = T0 + T0
    16 │   jump L0(r6, T1)
    17 │ L1:
    21 │   r7 = T0 + T0
    22 │   jump L0(r7, T2)
    23 │ L0(r8: String, r9: String):  ; merge_of L2
    24 │   r10 = r3 + r8
    25 │   r11 = r10 + r9
    26 │   return r11

    ; r0 (v27) : String
    ; r1 (@role) : Ref<String>
    ; r2 (@role) : String
    ; r3 (v8) : String
    ; r4 (@role) : Ref<String>
    ; r5 (v11) : Bool
    ; r6 (v16) : String
    ; r7 (v21) : String
    ; r8 (v22) : String
    ; r9 (v28) : String
    ; r10 (v23) : String
    ; r11 (v26) : String
    ; r12 (v3) : String
    ; r13 (v14) : Ref<String>
    ; r14 (selected) : String
    ; r15 (v6) : Ref<String>
    ; r16 (v17) : String
    ; r17 (v15) : String
    ; r18 (v4) : String
    ; r19 (v7) : String
    ; r20 (v10) : String
    ; r21 (v18) : String
    ; r22 (v20) : String
    ; r23 (v12) : String
    ; r24 (v13) : String
    ; r25 (v24) : Ref<String>
    ; r26 (v19) : Ref<String>
