---
source: acvus-mir-test/tests/e2e.rs
expression: ir
---
=== literals ===
  T0 = ""

=== main ===
     0 │   r0 = context_project @n
     1 │   r1 = context_load r0
     3 │   r2 = call #0(r1)
     4 │   r3 = T0 + r2
     5 │   return r3

    ; r0 (@n) : Int
    ; r1 (v2) : Int
    ; r2 (to_string(...)) : String
    ; r3 (v7) : String
    ; r4 (v3) : String
    ; r5 (v5) : Int
    ; r6 (@n) : Int
