---
source: acvus-mir-test/tests/e2e.rs
expression: ir
---
=== literals ===
  T0 = ""

=== main ===
     0 │   r0 = ref @items
     1 │   r1 = load r0
     3 │   r2 = ref @items
     4 │   r3 = call #0(r1)
     5 │   r4 = call #1(r3)
     6 │   r5 = T0 + r4
     7 │   return r5

    ; r0 (@items) : Ref<List<Int>>
    ; r1 (@items) : List<Int>
    ; r2 (@items) : Ref<List<Int>>
    ; r3 (len(...)) : Int
    ; r4 (to_string(...)) : String
    ; r5 (v8) : String
    ; r6 (v3) : String
    ; r7 (v5) : List<Int>
