---
source: acvus-mir-test/tests/e2e.rs
expression: ir
---
=== literals ===
  T0 = ""
  T1 = "empty"

=== main ===
     0 │   r0 = undef
     1 │   r1 = undef
     2 │   r2 = ref @items
     3 │   r3 = load r2
     5 │   r4 = ref @items
     6 │ L2:
     7 │   r5 = test len(r3) >= 2
     8 │   jump_if r5 then L3 else L4
     9 │ L3:
    10 │   r6 = r3[0]
    12 │   r7 = r5 && true (r8)
    13 │   r9 = r3[1]
    15 │   r10 = r7 && true (r11)
    16 │   jump L5(r10)
    17 │ L4:
    19 │   jump L5(false (r12))
    20 │ L5(r13: Bool):
    21 │   jump_if r13 then L6 else L1
    22 │ L6:
    23 │   r14 = r3[0]
    24 │   r15 = r3[1]
    26 │   r16 = call #0(r14)
    27 │   r17 = T0 + r16
    28 │   jump L0(r17, r14, r15)
    29 │ L1:
    32 │   r18 = T0 + T1
    33 │   jump L0(r18, r0, r1)
    34 │ L0(r19: String, r20: Int, r21: Int):  ; merge_of L2
    35 │   r22 = T0 + r19
    36 │   return r22

    ; r0 (v31) : Int
    ; r1 (v32) : Int
    ; r2 (@items) : Ref<List<Int>>
    ; r3 (@items) : List<Int>
    ; r4 (@items) : Ref<List<Int>>
    ; r5 (v6) : Bool
    ; r6 (v7) : Int
    ; r7 (v9) : Bool
    ; r8 (v8) : Bool
    ; r9 (v10) : Int
    ; r10 (v12) : Bool
    ; r11 (v11) : Bool
    ; r12 (v14) : Bool
    ; r13 (v13) : Bool
    ; r14 (a) : Int
    ; r15 (b) : Int
    ; r16 (to_string(...)) : String
    ; r17 (v25) : String
    ; r18 (v28) : String
    ; r19 (v29) : String
    ; r20 (v35) : Int
    ; r21 (v36) : Int
    ; r22 (v30) : String
    ; r23 (v3) : String
    ; r24 (v22) : Ref<Int>
    ; r25 (v33) : Int
    ; r26 (v20) : Ref<Int>
    ; r27 (v17) : Ref<Int>
    ; r28 (v34) : Int
    ; r29 (v21) : String
    ; r30 (v5) : List<Int>
    ; r31 (v27) : String
    ; r32 (a) : Int
    ; r33 (v26) : String
