---
source: acvus-mir-test/tests/e2e.rs
expression: ir
---
=== literals ===
  T0 = ""

=== main ===
     0 │   r0 = context_project @flags
     1 │   r1 = context_load r0
     3 │   r2 = poison
     4 │   r3 = closure L0 []
     5 │   r4 = poison
     6 │   r5 = poison
     8 │   r6 = T0 + T0
     9 │   r7 = poison
    10 │   r8 = poison
    11 │   r9 = r6 + r8
    12 │   return r9

    ; r0 (@flags) : <error>
    ; r1 (v1) : List<Bool>
    ; r2 (iter(...)) : Iterator<Bool>
    ; r3 (v6) : Fn(Bool) -> Bool
    ; r4 (map(...)) : Iterator<Bool>
    ; r5 (collect(...)) : List<Bool>
    ; r6 (v10) : String
    ; r7 (len(...)) : Int
    ; r8 (to_string(...)) : String
    ; r9 (v14) : String
    ; r10 (x) : List<Bool>
    ; r11 (@flags) : List<Bool>
    ; r12 (v9) : String
    ; r13 (v4) : List<Bool>
    ; r14 (v15) : List<Bool>
    ; r15 (v2) : String

=== closure L0 (ValueId(0)) ===
     0 │   r0 = !r1
     1 │   return r0

    ; r0 (v2) : Bool
    ; r1 (v0) : Bool
    ; r2 (v3) : Bool
    ; r3 (i) : Bool
