---
source: acvus-mir-test/tests/e2e.rs
expression: ir
---
=== main ===
     0 │   r0 = context_load @pair
     1 │ L2:
     3 │   r2 = r0.0
     5 │   r4 = true (r1) && true (r3)
     6 │   jump_if r4 then L3 else L1
     7 │ L3:
     8 │   r5 = r0.0
     9 │   r6 = r5.name
    10 │   yield r6
    11 │   jump L0
    12 │ L1:
    13 │ L0:  ; merge_of L2

    ; r0 (@pair) : ({name: String}, Int)
    ; r1 (v1) : Bool
    ; r2 (v2) : {name: String}
    ; r3 (v3) : Bool
    ; r4 (v4) : Bool
    ; r5 (obj) : {name: String}
    ; r6 (name) : String
