---
source: acvus-mir-test/tests/e2e.rs
expression: ir
---
=== literals ===
  T0 = ""

=== main ===
     0 │   r0 = undef
     1 │   r1 = ref @a
     2 │   r2 = load r1
     3 │   r3 = ref @b
     4 │   r4 = load r3
     6 │   r5 = ref @a
     7 │   r6 = ref @b
     8 │   r7 = r2 > r4
    10 │   r8 = T0 + T0
    11 │   r9 = call #0(r7)
    12 │   r10 = r8 + r9
    13 │   return r10

    ; r0 (v19) : Bool
    ; r1 (@a) : Ref<Int>
    ; r2 (@a) : Int
    ; r3 (@b) : Ref<Int>
    ; r4 (@b) : Int
    ; r5 (@a) : Ref<Int>
    ; r6 (@b) : Ref<Int>
    ; r7 (v10) : Bool
    ; r8 (v14) : String
    ; r9 (to_string(...)) : String
    ; r10 (v18) : String
    ; r11 (v9) : Int
    ; r12 (v12) : Ref<Bool>
    ; r13 (v15) : Ref<Bool>
    ; r14 (v7) : Int
    ; r15 (v13) : String
    ; r16 (v5) : String
    ; r17 (x) : Bool
