---
source: acvus-mir-test/tests/e2e.rs
expression: ir
---
=== literals ===
  T0 = ""
  T1 = "yes"
  T2 = "no"

=== main ===
     0 │   r0 = undef
     1 │   r1 = context_project @role
     2 │   r2 = context_load r1
     6 │   r3 = T0 + T0
     7 │ L2:
     8 │   r4 = test r2 == "admin"
     9 │   jump_if r4 then L3 else L1
    10 │ L3:
    14 │   r5 = T0 + T0
    15 │   jump L0(r5, T1)
    16 │ L1:
    20 │   r6 = T0 + T0
    21 │   jump L0(r6, T2)
    22 │ L0(r7: String, r8: String):  ; merge_of L2
    23 │   r9 = r3 + r7
    24 │   r10 = r9 + r8
    25 │   return r10

    ; r0 (v22) : String
    ; r1 (@role) : String
    ; r2 (v2) : String
    ; r3 (v6) : String
    ; r4 (v9) : Bool
    ; r5 (v13) : String
    ; r6 (v17) : String
    ; r7 (v18) : String
    ; r8 (v23) : String
    ; r9 (v19) : String
    ; r10 (v21) : String
    ; r11 (v11) : String
    ; r12 (v3) : String
    ; r13 (v14) : String
    ; r14 (selected) : String
    ; r15 (v15) : String
    ; r16 (v4) : String
    ; r17 (@role) : String
    ; r18 (v10) : String
    ; r19 (v12) : String
    ; r20 (v5) : String
    ; r21 (v16) : String
    ; r22 (v8) : String
