---
source: acvus-mir-test/tests/e2e.rs
expression: ir
---
=== literals ===
  T0 = ""

=== main ===
     0 │   r0 = undef
     1 │   r1 = undef
     2 │   r2 = context_project @pair
     3 │   r3 = context_load r2
     5 │ L2:
     7 │   r4 = r3.0
     9 │   r5 = true (r6) && true (r7)
    10 │   r8 = r3.1
    12 │   r9 = r5 && true (r10)
    13 │   jump_if r9 then L3 else L1
    14 │ L3:
    15 │   r11 = r3.0
    16 │   r12 = r3.1
    18 │   r13 = T0 + r11
    19 │   jump L0(r13, r11, r12)
    20 │ L1:
    22 │   jump L0(T0, r0, r1)
    23 │ L0(r14: String, r15: String, r16: Int):  ; merge_of L2
    24 │   r17 = T0 + r14
    25 │   return r17

    ; r0 (v21) : String
    ; r1 (v22) : Int
    ; r2 (@pair) : (String, Int)
    ; r3 (v2) : (String, Int)
    ; r4 (v7) : String
    ; r5 (v9) : Bool
    ; r6 (v6) : Bool
    ; r7 (v8) : Bool
    ; r8 (v10) : Int
    ; r9 (v12) : Bool
    ; r10 (v11) : Bool
    ; r11 (name) : String
    ; r12 (age) : Int
    ; r13 (v17) : String
    ; r14 (v19) : String
    ; r15 (v23) : String
    ; r16 (v24) : Int
    ; r17 (v20) : String
    ; r18 (v3) : String
    ; r19 (v15) : String
    ; r20 (v18) : String
    ; r21 (@pair) : (String, Int)
    ; r22 (v5) : (String, Int)
    ; r23 (name) : String
