---
source: acvus-mir-test/tests/e2e.rs
expression: ir
---
=== literals ===
  T0 = ""

=== main ===
     2 │   r0 = variant Some(42 (r1))
     4 │   r2 = T0 + T0
     5 │   return r2

    ; r3 (v0) : String
    ; r1 (v1) : Int
    ; r0 (v2) : Option<Int>
    ; r4 (v3) : String
    ; r2 (v4) : String
