---
source: acvus-mir-test/tests/e2e.rs
expression: ir
---
=== literals ===
  T0 = ""
  T1 = "zero-one"
  T2 = "one-any"
  T3 = "other"

=== main ===
     0 │   r0 = context_project @a
     1 │   r1 = context_load r0
     2 │   r2 = context_project @b
     3 │   r3 = context_load r2
     5 │   r4 = tuple (r1, r3)
     6 │ L2:
     8 │   r5 = r4.0
     9 │   r6 = test r5 == 0
    10 │   r7 = true (r8) && r6
    11 │   r9 = r4.1
    12 │   r10 = test r9 == 1
    13 │   r11 = r7 && r10
    14 │   jump_if r11 then L4 else L3
    15 │ L4:
    16 │   r12 = r4.0
    17 │   r13 = r4.1
    20 │   r14 = T0 + T1
    21 │   jump L0(r14)
    22 │ L3:
    24 │   r15 = r4.0
    25 │   r16 = test r15 == 1
    26 │   r17 = true (r18) && r16
    27 │   jump_if r17 then L5 else L1
    28 │ L5:
    29 │   r19 = r4.0
    32 │   r20 = T0 + T2
    33 │   jump L0(r20)
    34 │ L1:
    37 │   r21 = T0 + T3
    38 │   jump L0(r21)
    39 │ L0(r22: String):  ; merge_of L2
    40 │   r23 = T0 + r22
    41 │   return r23

    ; r0 (@a) : <error>
    ; r1 (v1) : Int
    ; r2 (@b) : <error>
    ; r3 (v3) : Int
    ; r24 (v4) : String
    ; r25 (@a) : Int
    ; r26 (v6) : Int
    ; r27 (@b) : Int
    ; r28 (v8) : Int
    ; r4 (v9) : (Int, Int)
    ; r8 (v10) : Bool
    ; r5 (v11) : Int
    ; r6 (v12) : Bool
    ; r7 (v13) : Bool
    ; r9 (v14) : Int
    ; r10 (v15) : Bool
    ; r11 (v16) : Bool
    ; r12 (v17) : Int
    ; r13 (v18) : Int
    ; r29 (v19) : String
    ; r30 (v20) : String
    ; r14 (v21) : String
    ; r18 (v22) : Bool
    ; r15 (v23) : Int
    ; r16 (v24) : Bool
    ; r17 (v25) : Bool
    ; r19 (v26) : Int
    ; r31 (v27) : String
    ; r32 (v28) : String
    ; r20 (v29) : String
    ; r33 (v30) : String
    ; r34 (v31) : String
    ; r21 (v32) : String
    ; r22 (v33) : String
    ; r23 (v34) : String
