---
source: acvus-mir-test/tests/e2e.rs
expression: ir
---
=== literals ===
  T0 = ""

=== main ===
     0 │   r0 = undef
     1 │   r1 = undef
     2 │   r2 = ref @items
     3 │   r3 = load r2
     7 │   r4 = T0 + T0
     8 │   r5 = ref @items
    11 │   jump L0(0 (r6), T0, 0 (r7), r1)
    12 │ L0(r8: Int, r9: String, r10: Int, r11: Int):
    13 │   list_step r12, r13 = r3[r8] else L1(r9)
    14 │ L3:
    16 │   r14 = r14 + r12
    18 │   r15 = T0 + T0
    19 │   r16 = r9 + r15
    20 │   jump L0(r13, r16, r14, r12)
    21 │ L1(r17: String):
    22 │   jump L2(r17)
    23 │ L2(r18: String):
    24 │   r19 = r4 + r18
    25 │   r20 = call #0(r10)
    26 │   r21 = r19 + r20
    27 │   return r21

    ; r0 (v36) : Int
    ; r1 (v37) : Int
    ; r2 (@items) : Ref<List<Int>>
    ; r3 (@items) : List<Int>
    ; r4 (v8) : String
    ; r5 (@items) : Ref<List<Int>>
    ; r6 (v11) : Int
    ; r7 (v4) : Int
    ; r8 (v13) : Int
    ; r9 (v14) : String
    ; r10 (v38) : Int
    ; r11 (v39) : Int
    ; r12 (x) : Int
    ; r13 (v16) : Int
    ; r14 (v24) : Int
    ; r15 (v27) : String
    ; r16 (v28) : String
    ; r17 (v29) : String
    ; r18 (v30) : String
    ; r19 (v31) : String
    ; r20 (to_string(...)) : String
    ; r21 (v35) : String
    ; r22 (v3) : String
    ; r23 (v22) : Ref<Int>
    ; r24 (v25) : Ref<Int>
    ; r25 (v6) : Ref<Int>
    ; r26 (v12) : String
    ; r27 (sum) : Int
    ; r28 (v20) : Ref<Int>
    ; r29 (v18) : Ref<Int>
    ; r30 (sum) : Int
    ; r31 (x) : Int
    ; r32 (v26) : String
    ; r33 (v7) : String
    ; r34 (v10) : List<Int>
    ; r35 (v32) : Ref<Int>
    ; r36 (v19) : String
