---
source: acvus-mir-test/tests/e2e.rs
expression: ir
---
=== literals ===
  T0 = ""

=== main ===
     0 │   r0 = undef
     1 │   r1 = ref @items
     2 │   r2 = load r1
     3 │   r3 = ref @threshold
     4 │   r4 = load r3
     6 │   r5 = ref @items
     7 │   r6 = call #0(r2)
     8 │   r7 = closure L0 []
     9 │   r8 = call #1(r6, r7)
    10 │   r9 = call #2(r8)
    12 │   r10 = T0 + T0
    13 │   r11 = call #3(r9)
    14 │   r12 = call #4(r11)
    15 │   r13 = r10 + r12
    16 │   return r13

    ; r0 (v21) : List<Int>
    ; r1 (@items) : Ref<List<Int>>
    ; r2 (@items) : List<Int>
    ; r3 (@threshold) : Ref<Int>
    ; r4 (@threshold) : Int
    ; r5 (@items) : Ref<List<Int>>
    ; r6 (iter(...)) : Iterator<Int, Resolved(EffectSet { reads: {}, writes: {}, io: false, self_modifying: false })>
    ; r7 (v9) : Fn(Int) -> Bool
    ; r8 (filter(...)) : Iterator<Int, Resolved(EffectSet { reads: {}, writes: {}, io: false, self_modifying: false })>
    ; r9 (collect(...)) : List<Int>
    ; r10 (v15) : String
    ; r11 (len(...)) : Int
    ; r12 (to_string(...)) : String
    ; r13 (v20) : String
    ; r14 (v14) : String
    ; r15 (x) : List<Int>
    ; r16 (v7) : List<Int>
    ; r17 (v13) : Ref<List<Int>>
    ; r18 (v5) : String
    ; r19 (v16) : Ref<List<Int>>

=== closure L0 (ValueId(0)) ===
     0 │   r0 = undef
     1 │   r1 = ref @threshold
     2 │   r2 = load r1
     3 │   r3 = r4 > r2
     4 │   return r3

    ; r0 (v9) : Int
    ; r1 (@threshold) : Ref<Int>
    ; r2 (v7) : Int
    ; r3 (v8) : Bool
    ; r4 (v1) : Int
    ; r5 (v3) : Ref<Int>
    ; r6 (i) : Int
    ; r7 (v4) : Ref<Int>
