---
source: acvus-mir-test/tests/e2e.rs
expression: ir
---
=== literals ===
  T0 = ""

=== main ===
     0 │   r0 = context_project @data
     1 │   r1 = context_load r0
     3 │ L2:
     5 │   r2 = r1.0
     7 │   r3 = r2.0
     9 │   r4 = true (r5) && true (r6)
    10 │   r7 = r2.1
    12 │   r8 = r4 && true (r9)
    13 │   r10 = true (r11) && r8
    14 │   r12 = r1.1
    16 │   r13 = r10 && true (r14)
    17 │   jump_if r13 then L3 else L1
    18 │ L3:
    19 │   r15 = r1.0
    20 │   r16 = r15.0
    21 │   r17 = r15.1
    22 │   r18 = r1.1
    24 │   r19 = T0 + r18
    25 │   jump L0(r19)
    26 │ L1:
    28 │   jump L0(T0)
    29 │ L0(r20: String):  ; merge_of L2
    30 │   r21 = T0 + r20
    31 │   return r21

    ; r0 (@data) : <error>
    ; r1 (v1) : ((Int, Int), String)
    ; r22 (v2) : String
    ; r23 (@data) : ((Int, Int), String)
    ; r24 (v4) : ((Int, Int), String)
    ; r11 (v5) : Bool
    ; r2 (v6) : (Int, Int)
    ; r5 (v7) : Bool
    ; r3 (v8) : Int
    ; r6 (v9) : Bool
    ; r4 (v10) : Bool
    ; r7 (v11) : Int
    ; r9 (v12) : Bool
    ; r8 (v13) : Bool
    ; r10 (v14) : Bool
    ; r12 (v15) : String
    ; r14 (v16) : Bool
    ; r13 (v17) : Bool
    ; r15 (v18) : (Int, Int)
    ; r16 (a) : Int
    ; r17 (b) : Int
    ; r18 (label) : String
    ; r25 (v22) : String
    ; r19 (v23) : String
    ; r26 (v24) : String
    ; r20 (v25) : String
    ; r21 (v26) : String
