---
source: acvus-mir-test/tests/e2e.rs
expression: ir
---
=== literals ===
  T0 = ""

=== main ===
     0 │   r0 = context_project @items
     1 │   r1 = context_load r0
     5 │   r2 = T0 + T0
     6 │   r3 = poison
     7 │   r4 = closure L0 [5 (r5)]
     8 │   r6 = poison
     9 │   r7 = poison
    11 │   r8 = r2 + T0
    12 │   r9 = poison
    13 │   r10 = poison
    14 │   r11 = r8 + r10
    15 │   return r11

    ; r0 (@items) : <error>
    ; r1 (v1) : List<Int>
    ; r2 (v5) : String
    ; r3 (iter(...)) : Iterator<Int>
    ; r4 (v10) : Fn(Int) -> Bool
    ; r5 (v3) : Int
    ; r6 (filter(...)) : Iterator<Int>
    ; r7 (collect(...)) : List<Int>
    ; r8 (v14) : String
    ; r9 (len(...)) : Int
    ; r10 (to_string(...)) : String
    ; r11 (v18) : String
    ; r12 (@items) : List<Int>
    ; r13 (v20) : Int
    ; r14 (threshold) : Int
    ; r15 (x) : List<Int>
    ; r16 (v4) : String
    ; r17 (v7) : List<Int>
    ; r18 (v2) : String
    ; r19 (v13) : String
    ; r20 (v19) : List<Int>

=== closure L0 (ValueId(1)) [captures: [ValueId(0)]] ===
     0 │   r0 = r1 > r2
     1 │   return r0

    ; r0 (v4) : Bool
    ; r1 (v1) : Int
    ; r2 (v0) : Int
    ; r3 (threshold) : Int
    ; r4 (v5) : Int
    ; r5 (v6) : Int
    ; r6 (i) : Int
