---
source: acvus-mir-test/tests/e2e.rs
expression: ir
---
=== main ===
     0 │   r0 = context_load @pair
     1 │ L2:
     2 │   r1 = const true
     3 │   r2 = r0.0
     4 │   r3 = const true
     5 │   r4 = r1 && r3
     6 │   r5 = r0.1
     7 │   r6 = const true
     8 │   r7 = r4 && r6
     9 │   jump_if r7 then L3 else L1
    10 │ L3:
    11 │   r8 = r0.0
    12 │   r9 = r0.1
    13 │   emit r8
    14 │   jump L0
    15 │ L1:
    16 │ L0:

    ; r0 (@pair) : (String, Int)
    ; r1 (v1) : Bool
    ; r2 (v2) : String
    ; r3 (v3) : Bool
    ; r4 (v4) : Bool
    ; r5 (v5) : Int
    ; r6 (v6) : Bool
    ; r7 (v7) : Bool
    ; r8 (name) : String
    ; r9 (age) : Int
