---
source: acvus-mir-test/tests/e2e.rs
expression: ir
---
=== main ===
     0 │   r0 = context_load @pair
     1 │ L2:
     2 │   r1 = const true
     3 │   r2 = r0.0
     4 │   r3 = const true
     5 │   r4 = r1 && r3
     6 │   jump_if r4 then L3 else L1
     7 │ L3:
     8 │   r5 = r0.0
     9 │   emit r5
    10 │   jump L0
    11 │ L1:
    12 │ L0:

    ; r0 (@pair) : (String, Int)
    ; r1 (v1) : Bool
    ; r2 (v2) : String
    ; r3 (v3) : Bool
    ; r4 (v4) : Bool
    ; r5 (name) : String
