---
source: acvus-mir-test/tests/e2e.rs
expression: ir
---
=== main ===
     0 │   r0 = ref @a
     1 │   r1 = load r0
     2 │   r2 = ref @a
     3 │   r3 = r1.x
     4 │   return r3

    ; r0 (@a) : Ref<{x: Int, y: Int}>
    ; r1 (@a) : {x: Int, y: Int}
    ; r2 (v5) : Ref<{x: Int, y: Int}>
    ; r3 (v4) : Int
    ; r4 (@a.x) : Ref<Int>
    ; r5 (v6) : {x: Int, y: Int}
