---
source: acvus-mir-test/tests/e2e.rs
expression: ir
---
=== literals ===
  T0 = ""

=== main ===
     0 │   r0 = context_project @count
     1 │   r1 = context_load r0
     3 │   r2 = poison
     4 │   r3 = T0 + r2
     5 │   return r3

    ; r0 (@count) : <error>
    ; r1 (v1) : Int
    ; r4 (v2) : String
    ; r5 (@count) : Int
    ; r6 (v4) : Int
    ; r2 (to_string(...)) : String
    ; r3 (v6) : String
