---
source: acvus-mir-test/tests/e2e.rs
expression: ir
---
=== main ===
     0 │   r0 = storage_load $items
     1 │   r1 = const 0
     2 │   r2 = closure L0 []
     3 │   r3 = call fold(r0, r1, r2)
     4 │   r4 = call to_string(r3)
     5 │   emit r4

    ; r0 ($items) : List<Int>
    ; r1 (v1) : Int
    ; r2 (v2) : Fn(Int, Int) -> Int
    ; r3 (fold(...)) : Int
    ; r4 (to_string(...)) : String

=== closure L0 (acc, x) ===
     0 │   r2 = r0 + r1
     1 │   return r2

    ; r0 (v0) : Int
    ; r1 (v1) : Int
    ; r2 (v2) : Int
