---
source: acvus-mir-test/tests/e2e.rs
expression: ir
---
=== literals ===
  T0 = ""
  T1 = "equal"
  T2 = "not equal"

=== main ===
     0 │   r0 = context_project @a
     1 │   r1 = context_load r0
     2 │   r2 = context_project @b
     3 │   r3 = context_load r2
     5 │   r4 = r1 == r3
     6 │ L2:
     7 │   r5 = test r4 == true
     8 │   jump_if r5 then L3 else L1
     9 │ L3:
    12 │   r6 = T0 + T1
    13 │   jump L0(r6)
    14 │ L1:
    17 │   r7 = T0 + T2
    18 │   jump L0(r7)
    19 │ L0(r8: String):  ; merge_of L2
    20 │   r9 = T0 + r8
    21 │   return r9

    ; r0 (@a) : Int
    ; r1 (v2) : Int
    ; r2 (@b) : Int
    ; r3 (v4) : Int
    ; r4 (v10) : Bool
    ; r5 (v11) : Bool
    ; r6 (v14) : String
    ; r7 (v17) : String
    ; r8 (v18) : String
    ; r9 (v19) : String
    ; r10 (@a) : Int
    ; r11 (v9) : Int
    ; r12 (v12) : String
    ; r13 (v15) : String
    ; r14 (v7) : Int
    ; r15 (v13) : String
    ; r16 (v5) : String
    ; r17 (v16) : String
    ; r18 (@b) : Int
