---
source: acvus-mir-test/tests/e2e.rs
expression: ir
---
=== literals ===
  T0 = ""

=== main ===
     0 │   r0 = undef
     2 │   r1 = variant None
     3 │   r2 = ref x
     4 │   store r2 = r1
     6 │   r3 = T0 + T0
     7 │   return r3

    ; r0 (v7) : Option<?1>
    ; r1 (v2) : Option<?1>
    ; r2 (v4) : Ref<Option<?1>>
    ; r3 (v6) : String
    ; r4 (v5) : String
    ; r5 (v1) : String
