---
source: acvus-mir-test/tests/e2e.rs
expression: ir
---
=== literals ===
  T0 = ""

=== main ===
     0 │   r0 = undef
     1 │   r1 = context_project @name
     2 │   r2 = context_load r1
     5 │   r3 = T0 + T0
     6 │   r4 = r3 + r2
     7 │   return r4

    ; r0 (v10) : String
    ; r1 (@name) : String
    ; r2 (v2) : String
    ; r3 (v7) : String
    ; r4 (v9) : String
    ; r5 (v3) : String
    ; r6 (v6) : String
    ; r7 (v5) : String
    ; r8 (result) : String
    ; r9 (@name) : String
