---
source: acvus-mir-test/tests/e2e.rs
expression: ir
---
=== literals ===
  T0 = ""

=== main ===
     0 │   r0 = undef
     1 │   r1 = context_project @pair
     2 │   r2 = context_load r1
     4 │ L2:
     6 │   r3 = r2.0
     8 │   r4 = true (r5) && true (r6)
     9 │   jump_if r4 then L3 else L1
    10 │ L3:
    11 │   r7 = r2.0
    13 │   r8 = T0 + r7
    14 │   jump L0(r8, r7)
    15 │ L1:
    17 │   jump L0(T0, r0)
    18 │ L0(r9: String, r10: String):  ; merge_of L2
    19 │   r11 = T0 + r9
    20 │   return r11

    ; r0 (v17) : String
    ; r1 (@pair) : (String, Int)
    ; r2 (v2) : (String, Int)
    ; r3 (v7) : String
    ; r4 (v9) : Bool
    ; r5 (v6) : Bool
    ; r6 (v8) : Bool
    ; r7 (name) : String
    ; r8 (v13) : String
    ; r9 (v15) : String
    ; r10 (v18) : String
    ; r11 (v16) : String
    ; r12 (v3) : String
    ; r13 (v11) : String
    ; r14 (v14) : String
    ; r15 (name) : String
    ; r16 (@pair) : (String, Int)
    ; r17 (v5) : (String, Int)
