---
source: acvus-mir-test/tests/e2e.rs
expression: ir
---
=== literals ===
  T0 = ""

=== main ===
     0 │   r0 = context_project @pairs
     1 │   r1 = context_load r0
     3 │   r2 = cast ListToIterator r1
     5 │   jump L0(r2, T0)
     6 │ L0(r3: Iterator<(String, Int)>, r4: String):
     7 │   iter_step r5, r6 = r3 else L1(r4)
     8 │ L3:
     9 │   r7 = r5.0
    10 │   r8 = r5.1
    12 │   r9 = T0 + r7
    13 │   r10 = r4 + r9
    14 │   jump L0(r6, r10)
    15 │ L1(r11: String):
    16 │   jump L2(r11)
    17 │ L2(r12: String):
    18 │   r13 = T0 + r12
    19 │   return r13

    ; r0 (@pairs) : <error>
    ; r1 (v1) : List<(String, Int)>
    ; r14 (v2) : String
    ; r15 (@pairs) : List<(String, Int)>
    ; r16 (v4) : List<(String, Int)>
    ; r2 (v5) : Iterator<(String, Int)>
    ; r17 (v6) : String
    ; r3 (v7) : Iterator<(String, Int)>
    ; r4 (v8) : String
    ; r5 (v9) : (String, Int)
    ; r6 (v10) : Iterator<(String, Int)>
    ; r7 (name) : String
    ; r8 (age) : Int
    ; r18 (v13) : String
    ; r9 (v14) : String
    ; r10 (v15) : String
    ; r11 (v16) : String
    ; r12 (v17) : String
    ; r13 (v18) : String
