---
source: acvus-mir-test/tests/e2e.rs
expression: ir
---
=== literals ===
  T0 = ""

=== main ===
     0 │   r0 = context_project @pair
     1 │   r1 = context_load r0
     3 │ L2:
     5 │   r2 = r1.0
     7 │   r3 = true (r4) && true (r5)
     8 │   r6 = r1.1
    10 │   r7 = r3 && true (r8)
    11 │   jump_if r7 then L3 else L1
    12 │ L3:
    13 │   r9 = r1.0
    14 │   r10 = r1.1
    16 │   r11 = T0 + r9
    17 │   jump L0(r11, r9, r10)
    18 │ L1:
    20 │   jump L0(T0, r12, r13)
    21 │ L0(r14: String, r15: String, r16: Int):  ; merge_of L2
    22 │   r17 = T0 + r14
    23 │   return r17

    ; r0 (@pair) : <error>
    ; r1 (v1) : (String, Int)
    ; r2 (v6) : String
    ; r3 (v8) : Bool
    ; r4 (v5) : Bool
    ; r5 (v7) : Bool
    ; r6 (v9) : Int
    ; r7 (v11) : Bool
    ; r8 (v10) : Bool
    ; r9 (name) : String
    ; r10 (age) : Int
    ; r11 (v16) : String
    ; r12 (v20) : String
    ; r13 (v21) : Int
    ; r14 (v18) : String
    ; r15 (v22) : String
    ; r16 (v23) : Int
    ; r17 (v19) : String
    ; r18 (@pair) : (String, Int)
    ; r19 (v14) : String
    ; r20 (v17) : String
    ; r21 (name) : String
    ; r22 (v4) : (String, Int)
    ; r23 (v2) : String
