---
source: acvus-mir-test/tests/e2e.rs
expression: ir
---
=== texts ===
  T0 = "zero"
  T1 = "low"
  T2 = "high"
  T3 = "other"

=== main ===
     0 │   r0 = context_load @score
     1 │ L2:
     2 │   r1 = test r0 == 0
     3 │   jump_if r1 then L5 else L3
     4 │ L5:
     5 │   emit_text T0
     6 │   jump L0
     7 │ L3:
     8 │   r2 = test r0 in 1..10
     9 │   jump_if r2 then L6 else L4
    10 │ L6:
    11 │   emit_text T1
    12 │   jump L0
    13 │ L4:
    14 │   r3 = test r0 in 10..=100
    15 │   jump_if r3 then L7 else L1
    16 │ L7:
    17 │   emit_text T2
    18 │   jump L0
    19 │ L1:
    20 │   emit_text T3
    21 │ L0:

    ; r0 (@score) : Int
    ; r1 (v1) : Bool
    ; r2 (v2) : Bool
    ; r3 (v3) : Bool
