---
source: acvus-mir-test/tests/e2e.rs
expression: ir
---
=== literals ===
  T0 = ""

=== main ===
     2 │   var_store $x = 42 (r0)
     4 │   r1 = T0 + T0
     5 │   r2 = var_load $x
     6 │   r3 = poison
     7 │   r4 = r1 + r3
     8 │   return r4

    ; r5 (v0) : String
    ; r0 (v1) : Int
    ; r6 (v2) : String
    ; r1 (v3) : String
    ; r2 ($x) : Int
    ; r3 (to_string(...)) : String
    ; r4 (v6) : String
