---
source: acvus-mir-test/tests/e2e.rs
expression: ir
---
=== literals ===
  T0 = ""

=== main ===
     0 │   r0 = undef
     1 │   r1 = context_project @n
     2 │   r2 = context_load r1
     4 │   r3 = -r2
     6 │   r4 = T0 + T0
     7 │   r5 = call #0(r3)
     8 │   r6 = r4 + r5
     9 │   return r6

    ; r0 (v12) : Int
    ; r1 (@n) : Int
    ; r2 (v2) : Int
    ; r3 (v6) : Int
    ; r4 (v8) : String
    ; r5 (to_string(...)) : String
    ; r6 (v11) : String
    ; r7 (v7) : String
    ; r8 (v3) : String
    ; r9 (x) : Int
    ; r10 (v5) : Int
    ; r11 (@n) : Int
