---
source: acvus-mir-test/tests/e2e.rs
expression: ir
---
=== main ===
     0 │   r0 = const 0
     1 │   var_store $sum = r0
     2 │   r1 = context_load @items
     3 │   r2 = iter_init r1
     4 │ L0:
     5 │   r3, r4 = iter_next r2
     6 │   jump_if r4 then L1 else L3
     7 │ L3:
     8 │   r5 = var_load $sum
     9 │   r6 = r5 + r3
    10 │   var_store $sum = r6
    11 │   jump L0
    12 │ L1:
    13 │ L2:
    14 │   r7 = var_load $sum
    15 │   r8 = call to_string(r7)
    16 │   emit r8

    ; r0 (v0) : Int
    ; r1 (@items) : List<Int>
    ; r2 (v2) : Unit
    ; r3 (x) : Int
    ; r4 (v4) : Bool
    ; r5 ($sum) : Int
    ; r6 (v6) : Int
    ; r7 ($sum) : Int
    ; r8 (to_string(...)) : String
