---
source: acvus-mir-test/tests/e2e.rs
expression: ir
---
=== literals ===
  T0 = ""
  T1 = ","

=== main ===
     0 │   r0 = undef
     1 │   r1 = ref @users
     2 │   r2 = load r1
     4 │   r3 = ref @users
     5 │   r4 = call #0(r2)
     6 │   r5 = closure L0 []
     7 │   r6 = call #1(r4, r5)
     9 │   r7 = T0 + T0
    11 │   r8 = call #2(r6, T1)
    12 │   r9 = r7 + r8
    13 │   return r9

    ; r0 (v18) : Iterator<String, Resolved(EffectSet { reads: {}, writes: {}, io: false, self_modifying: false })>
    ; r1 (@users) : Ref<List<{address: {city: String}}>>
    ; r2 (@users) : List<{address: {city: String}}>
    ; r3 (@users) : Ref<List<{address: {city: String}}>>
    ; r4 (iter(...)) : Iterator<{address: {city: String}}, Resolved(EffectSet { reads: {}, writes: {}, io: false, self_modifying: false })>
    ; r5 (v7) : Fn({address: {city: String}}) -> String
    ; r6 (map(...)) : Iterator<String, Resolved(EffectSet { reads: {}, writes: {}, io: false, self_modifying: false })>
    ; r7 (v12) : String
    ; r8 (join(...)) : String
    ; r9 (v17) : String
    ; r10 (v3) : String
    ; r11 (v11) : String
    ; r12 (x) : Iterator<String, Resolved(EffectSet { reads: {}, writes: {}, io: false, self_modifying: false })>
    ; r13 (v15) : String
    ; r14 (v10) : Ref<Iterator<String, Resolved(EffectSet { reads: {}, writes: {}, io: false, self_modifying: false })>>
    ; r15 (v13) : Ref<Iterator<String, Resolved(EffectSet { reads: {}, writes: {}, io: false, self_modifying: false })>>
    ; r16 (v5) : List<{address: {city: String}}>

=== closure L0 (ValueId(0)) ===
     0 │   r0 = undef
     1 │   r1 = r2.address
     2 │   r3 = r1.city
     3 │   return r3

    ; r0 (v9) : {address: {city: String}}
    ; r1 (v5) : {city: String}
    ; r2 (v1) : {address: {city: String}}
    ; r3 (city) : String
    ; r4 (v3) : Ref<{address: {city: String}}>
    ; r5 (v7) : Ref<{address: {city: String}}>
    ; r6 (v8) : {address: {city: String}}
    ; r7 (u.address) : Ref<{city: String}>
