---
source: acvus-mir-test/tests/e2e.rs
expression: ir
---
=== literals ===
  T0 = ""
  T1 = "admin"
  T2 = "user"
  T3 = "guest"

=== main ===
     0 │   r0 = context_project @role
     1 │   r1 = context_load r0
     3 │ L2:
     4 │   r2 = test r1 == "admin"
     5 │   jump_if r2 then L4 else L3
     6 │ L4:
     9 │   r3 = T0 + T1
    10 │   jump L0(r3)
    11 │ L3:
    12 │   r4 = test r1 == "user"
    13 │   jump_if r4 then L5 else L1
    14 │ L5:
    17 │   r5 = T0 + T2
    18 │   jump L0(r5)
    19 │ L1:
    22 │   r6 = T0 + T3
    23 │   jump L0(r6)
    24 │ L0(r7: String):  ; merge_of L2
    25 │   r8 = T0 + r7
    26 │   return r8

    ; r0 (@role) : <error>
    ; r1 (v1) : String
    ; r9 (v2) : String
    ; r10 (@role) : String
    ; r11 (v4) : String
    ; r2 (v5) : Bool
    ; r12 (v6) : String
    ; r13 (v7) : String
    ; r3 (v8) : String
    ; r4 (v9) : Bool
    ; r14 (v10) : String
    ; r15 (v11) : String
    ; r5 (v12) : String
    ; r16 (v13) : String
    ; r17 (v14) : String
    ; r6 (v15) : String
    ; r7 (v16) : String
    ; r8 (v17) : String
