---
source: acvus-mir-test/tests/e2e.rs
expression: ir
---
=== literals ===
  T0 = ""

=== main ===
     0 │   r0 = context_project @pairs
     1 │   r1 = context_load r0
     3 │   r2 = cast ListToIterator r1
     5 │   jump L0(r2, T0, r3, r4)
     6 │ L0(r5: Iterator<(String, Int)>, r6: String, r7: String, r8: Int):
     7 │   iter_step r9, r10 = r5 else L1(r6)
     8 │ L3:
     9 │   r11 = r9.0
    10 │   r12 = r9.1
    12 │   r13 = T0 + r11
    13 │   r14 = r6 + r13
    14 │   jump L0(r10, r14, r11, r12)
    15 │ L1(r15: String):
    16 │   jump L2(r15)
    17 │ L2(r16: String):
    18 │   r17 = T0 + r16
    19 │   return r17

    ; r0 (@pairs) : <error>
    ; r1 (v1) : List<(String, Int)>
    ; r2 (v5) : Iterator<(String, Int)>
    ; r3 (v20) : String
    ; r4 (v21) : Int
    ; r5 (v7) : Iterator<(String, Int)>
    ; r6 (v8) : String
    ; r7 (v22) : String
    ; r8 (v23) : Int
    ; r9 (v9) : (String, Int)
    ; r10 (v10) : Iterator<(String, Int)>
    ; r11 (name) : String
    ; r12 (age) : Int
    ; r13 (v15) : String
    ; r14 (v16) : String
    ; r15 (v17) : String
    ; r16 (v18) : String
    ; r17 (v19) : String
    ; r18 (@pairs) : List<(String, Int)>
    ; r19 (name) : String
    ; r20 (v6) : String
    ; r21 (v4) : List<(String, Int)>
    ; r22 (v13) : String
    ; r23 (v2) : String
