---
source: acvus-mir-test/tests/e2e.rs
expression: ir
---
=== literals ===
  T0 = ""

=== main ===
     0 │   r0 = undef
     1 │   r1 = ref @name
     2 │   r2 = load r1
     4 │   r3 = ref @name
     6 │   r4 = T0 + T0
     7 │   r5 = r4 + r2
     8 │   return r5

    ; r0 (v13) : String
    ; r1 (@name) : Ref<String>
    ; r2 (@name) : String
    ; r3 (@name) : Ref<String>
    ; r4 (v9) : String
    ; r5 (v12) : String
    ; r6 (v7) : Ref<String>
    ; r7 (x) : String
    ; r8 (v3) : String
    ; r9 (v10) : Ref<String>
    ; r10 (v5) : String
    ; r11 (v8) : String
