---
source: acvus-mir-test/tests/e2e.rs
expression: ir
---
=== literals ===
  T0 = ""
  T1 = ","
  T2 = "admin"

=== main ===
     0 │   r0 = undef
     1 │   r1 = ref @names
     2 │   r2 = load r1
     4 │   r3 = ref @names
     5 │   r4 = call #0(r2)
     6 │   r5 = closure L0 []
     7 │   r6 = call #1(r4, r5)
     9 │   r7 = T0 + T0
    11 │   r8 = call #2(r6, T1)
    12 │   r9 = r7 + r8
    13 │   return r9

    ; r0 (v18) : Iterator<String, Resolved(EffectSet { reads: {}, writes: {}, io: false, self_modifying: false })>
    ; r1 (@names) : Ref<List<String>>
    ; r2 (@names) : List<String>
    ; r3 (@names) : Ref<List<String>>
    ; r4 (iter(...)) : Iterator<String, Resolved(EffectSet { reads: {}, writes: {}, io: false, self_modifying: false })>
    ; r5 (v7) : Fn(String) -> Bool
    ; r6 (filter(...)) : Iterator<String, Resolved(EffectSet { reads: {}, writes: {}, io: false, self_modifying: false })>
    ; r7 (v12) : String
    ; r8 (join(...)) : String
    ; r9 (v17) : String
    ; r10 (v3) : String
    ; r11 (v11) : String
    ; r12 (x) : Iterator<String, Resolved(EffectSet { reads: {}, writes: {}, io: false, self_modifying: false })>
    ; r13 (v15) : String
    ; r14 (v10) : Ref<Iterator<String, Resolved(EffectSet { reads: {}, writes: {}, io: false, self_modifying: false })>>
    ; r15 (v13) : Ref<Iterator<String, Resolved(EffectSet { reads: {}, writes: {}, io: false, self_modifying: false })>>
    ; r16 (v5) : List<String>

=== closure L0 (ValueId(0)) ===
     0 │   r0 = undef
     2 │   r1 = r2 != T2
     3 │   return r1

    ; r0 (v8) : String
    ; r1 (v7) : Bool
    ; r2 (v1) : String
    ; r3 (v3) : Ref<String>
    ; r4 (n) : String
    ; r5 (v6) : String
    ; r6 (v4) : Ref<String>
