---
source: acvus-mir-test/tests/e2e.rs
expression: ir
---
=== main ===
     0 │   r0 = storage_load $users
     1 │   r1 = closure L0 []
     2 │   r2 = call filter(r0, r1)
     3 │   r3 = closure L1 []
     4 │   r4 = call map(r2, r3)
     5 │   r5 = const ","
     6 │   r6 = call join(r4, r5)
     7 │   emit r6

    ; r0 ($users) : List<{age: Int, name: String}>
    ; r1 (v1) : Fn({age: Int, name: String}) -> Bool
    ; r2 (filter(...)) : List<{age: Int, name: String}>
    ; r3 (v3) : Fn({age: Int, name: String}) -> String
    ; r4 (map(...)) : List<String>
    ; r5 (v5) : String
    ; r6 (join(...)) : String

=== closure L0 (u) ===
     0 │   r1 = r0.age
     1 │   r2 = const 18
     2 │   r3 = r1 > r2
     3 │   return r3

    ; r0 (v0) : {age: Int, name: String}
    ; r1 (age) : Int
    ; r2 (v2) : Int
    ; r3 (v3) : Bool

=== closure L1 (u) ===
     0 │   r1 = r0.name
     1 │   return r1

    ; r0 (v0) : {age: Int, name: String}
    ; r1 (name) : String
