---
source: acvus-mir-test/tests/e2e.rs
expression: ir
---
=== literals ===
  T0 = ""
  T1 = "zero"
  T2 = "low"
  T3 = "high"
  T4 = "other"

=== main ===
     0 │   r0 = context_project @score
     1 │   r1 = context_load r0
     3 │ L2:
     4 │   r2 = test r1 == 0
     5 │   jump_if r2 then L5 else L3
     6 │ L5:
     9 │   r3 = T0 + T1
    10 │   jump L0(r3)
    11 │ L3:
    12 │   r4 = test r1 in 1..10
    13 │   jump_if r4 then L6 else L4
    14 │ L6:
    17 │   r5 = T0 + T2
    18 │   jump L0(r5)
    19 │ L4:
    20 │   r6 = test r1 in 10..=100
    21 │   jump_if r6 then L7 else L1
    22 │ L7:
    25 │   r7 = T0 + T3
    26 │   jump L0(r7)
    27 │ L1:
    30 │   r8 = T0 + T4
    31 │   jump L0(r8)
    32 │ L0(r9: String):  ; merge_of L2
    33 │   r10 = T0 + r9
    34 │   return r10

    ; r0 (@score) : <error>
    ; r1 (v1) : Int
    ; r11 (v2) : String
    ; r12 (@score) : Int
    ; r13 (v4) : Int
    ; r2 (v5) : Bool
    ; r14 (v6) : String
    ; r15 (v7) : String
    ; r3 (v8) : String
    ; r4 (v9) : Bool
    ; r16 (v10) : String
    ; r17 (v11) : String
    ; r5 (v12) : String
    ; r6 (v13) : Bool
    ; r18 (v14) : String
    ; r19 (v15) : String
    ; r7 (v16) : String
    ; r20 (v17) : String
    ; r21 (v18) : String
    ; r8 (v19) : String
    ; r9 (v20) : String
    ; r10 (v21) : String
