---
source: acvus-mir-test/tests/e2e.rs
expression: ir
---
=== literals ===
  T0 = ""
  T1 = "zero-one"
  T2 = "one-any"
  T3 = "other"

=== main ===
     0 │   r0 = ref @a
     1 │   r1 = load r0
     2 │   r2 = ref @b
     3 │   r3 = load r2
     5 │   r4 = ref @a
     6 │   r5 = ref @b
     7 │   r6 = tuple (r1, r3)
     8 │ L2:
    10 │   r7 = r6.0
    11 │   r8 = test r7 == 0
    12 │   r9 = true (r10) && r8
    13 │   r11 = r6.1
    14 │   r12 = test r11 == 1
    15 │   r13 = r9 && r12
    16 │   jump_if r13 then L4 else L3
    17 │ L4:
    18 │   r14 = r6.0
    19 │   r15 = r6.1
    22 │   r16 = T0 + T1
    23 │   jump L0(r16)
    24 │ L3:
    26 │   r17 = r6.0
    27 │   r18 = test r17 == 1
    28 │   r19 = true (r20) && r18
    29 │   jump_if r19 then L5 else L1
    30 │ L5:
    31 │   r21 = r6.0
    34 │   r22 = T0 + T2
    35 │   jump L0(r22)
    36 │ L1:
    39 │   r23 = T0 + T3
    40 │   jump L0(r23)
    41 │ L0(r24: String):  ; merge_of L2
    42 │   r25 = T0 + r24
    43 │   return r25

    ; r0 (@a) : Ref<Int>
    ; r1 (@a) : Int
    ; r2 (@b) : Ref<Int>
    ; r3 (@b) : Int
    ; r4 (@a) : Ref<Int>
    ; r5 (@b) : Ref<Int>
    ; r6 (v10) : (Int, Int)
    ; r7 (v12) : Int
    ; r8 (v13) : Bool
    ; r9 (v14) : Bool
    ; r10 (v11) : Bool
    ; r11 (v15) : Int
    ; r12 (v16) : Bool
    ; r13 (v17) : Bool
    ; r14 (v18) : Int
    ; r15 (v19) : Int
    ; r16 (v22) : String
    ; r17 (v24) : Int
    ; r18 (v25) : Bool
    ; r19 (v26) : Bool
    ; r20 (v23) : Bool
    ; r21 (v27) : Int
    ; r22 (v30) : String
    ; r23 (v33) : String
    ; r24 (v34) : String
    ; r25 (v35) : String
    ; r26 (v9) : Int
    ; r27 (v28) : String
    ; r28 (v31) : String
    ; r29 (v20) : String
    ; r30 (v21) : String
    ; r31 (v5) : String
    ; r32 (v7) : Int
    ; r33 (v29) : String
    ; r34 (v32) : String
