---
source: acvus-mir-test/tests/e2e.rs
expression: ir
---
=== literals ===
  T0 = ""
  T1 = "outer"

=== main ===
     0 │   r0 = context_project @name
     1 │   r1 = context_load r0
     5 │   r2 = T0 + T0
     7 │   r3 = r2 + T0
     8 │   r4 = r3 + r1
     9 │   return r4

    ; r0 (@name) : <error>
    ; r1 (v1) : String
    ; r5 (v2) : String
    ; r6 (v3) : String
    ; r7 (v4) : String
    ; r2 (v5) : String
    ; r8 (@name) : String
    ; r9 (v7) : String
    ; r10 (v8) : String
    ; r3 (v9) : String
    ; r4 (v10) : String
