---
source: acvus-mir-test/tests/e2e.rs
expression: ir
---
=== literals ===
  T0 = ""
  T1 = "nope"

=== main ===
     0 │   r0 = undef
     1 │   r1 = ref @opt
     2 │   r2 = load r1
     4 │   r3 = ref @opt
     5 │ L2:
     6 │   r4 = test r2 is Some
     7 │   jump_if r4 then L3 else L4
     8 │ L3:
     9 │   r5 = unwrap r2
    11 │   jump L5(true (r6))
    12 │ L4:
    14 │   jump L5(false (r7))
    15 │ L5(r8: Bool):
    16 │   jump_if r8 then L6 else L1
    17 │ L6:
    18 │   r9 = unwrap r2
    20 │   r10 = call #0(r9)
    21 │   r11 = T0 + r10
    22 │   jump L0(r11, r9)
    23 │ L1:
    26 │   r12 = T0 + T1
    27 │   jump L0(r12, r0)
    28 │ L0(r13: String, r14: Int):  ; merge_of L2
    29 │   r15 = T0 + r13
    30 │   return r15

    ; r0 (v24) : Int
    ; r1 (@opt) : Ref<Option<Int>>
    ; r2 (@opt) : Option<Int>
    ; r3 (@opt) : Ref<Option<Int>>
    ; r4 (v6) : Bool
    ; r5 (v7) : Int
    ; r6 (v8) : Bool
    ; r7 (v10) : Bool
    ; r8 (v9) : Bool
    ; r9 (v) : Int
    ; r10 (to_string(...)) : String
    ; r11 (v18) : String
    ; r12 (v21) : String
    ; r13 (v22) : String
    ; r14 (v26) : Int
    ; r15 (v23) : String
    ; r16 (v3) : String
    ; r17 (v14) : String
    ; r18 (v25) : Int
    ; r19 (v15) : Ref<Int>
    ; r20 (v13) : Ref<Int>
    ; r21 (v20) : String
    ; r22 (v5) : Option<Int>
    ; r23 (v) : Int
    ; r24 (v19) : String
