---
source: acvus-mir-test/tests/e2e.rs
expression: ir
---
=== literals ===
  T0 = ""

=== main ===
     0 │   r0 = undef
     1 │   r1 = ref @users
     2 │   r2 = load r1
     4 │   r3 = ref @users
     5 │   r4 = call #0(r2)
     6 │   r5 = closure L0 []
     7 │   r6 = call #1(r4, r5)
     8 │   r7 = call #2(r6)
    10 │   r8 = T0 + T0
    11 │   r9 = call #3(r7)
    12 │   r10 = call #4(r9)
    13 │   r11 = r8 + r10
    14 │   return r11

    ; r0 (v19) : List<{active: Bool, name: String}>
    ; r1 (@users) : Ref<List<{active: Bool, name: String}>>
    ; r2 (@users) : List<{active: Bool, name: String}>
    ; r3 (@users) : Ref<List<{active: Bool, name: String}>>
    ; r4 (iter(...)) : Iterator<{active: Bool, name: String}, Resolved(EffectSet { reads: {}, writes: {}, io: false, self_modifying: false })>
    ; r5 (v7) : Fn({active: Bool, name: String}) -> Bool
    ; r6 (filter(...)) : Iterator<{active: Bool, name: String}, Resolved(EffectSet { reads: {}, writes: {}, io: false, self_modifying: false })>
    ; r7 (collect(...)) : List<{active: Bool, name: String}>
    ; r8 (v13) : String
    ; r9 (len(...)) : Int
    ; r10 (to_string(...)) : String
    ; r11 (v18) : String
    ; r12 (v3) : String
    ; r13 (v11) : Ref<List<{active: Bool, name: String}>>
    ; r14 (v14) : Ref<List<{active: Bool, name: String}>>
    ; r15 (v12) : String
    ; r16 (x) : List<{active: Bool, name: String}>
    ; r17 (v5) : List<{active: Bool, name: String}>

=== closure L0 (ValueId(0)) ===
     0 │   r0 = undef
     1 │   r1 = r2.active
     2 │   return r1

    ; r0 (v8) : {active: Bool, name: String}
    ; r1 (v5) : Bool
    ; r2 (v1) : {active: Bool, name: String}
    ; r3 (v3) : Ref<{active: Bool, name: String}>
    ; r4 (v7) : {active: Bool, name: String}
    ; r5 (v6) : Ref<{active: Bool, name: String}>
    ; r6 (u.active) : Ref<Bool>
