---
source: acvus-mir-test/tests/e2e.rs
expression: ir
---
=== literals ===
  T0 = ""

=== main ===
     0 │   r0 = context_project @users
     1 │   r1 = context_load r0
     3 │   r2 = cast ListToIterator r1
     5 │   jump L0(r2, T0)
     6 │ L0(r3: Iterator<{name: String, posts: List<{title: String}>}>, r4: String):
     7 │   iter_step r5, r6 = r3 else L1(r4)
     8 │ L3:
     9 │   r7 = r5.name
    10 │   r8 = r5.posts
    12 │   r9 = cast ListToIterator r8
    14 │   jump L4(r9, T0)
    15 │ L4(r10: Iterator<{title: String}>, r11: String):
    16 │   iter_step r12, r13 = r10 else L5(r11)
    17 │ L7:
    18 │   r14 = r12.title
    20 │   r15 = T0 + r14
    21 │   r16 = r11 + r15
    22 │   jump L4(r13, r16)
    23 │ L5(r17: String):
    24 │   jump L6(r17)
    25 │ L6(r18: String):
    26 │   r19 = T0 + r18
    27 │   r20 = r4 + r19
    28 │   jump L0(r6, r20)
    29 │ L1(r21: String):
    30 │   jump L2(r21)
    31 │ L2(r22: String):
    32 │   r23 = T0 + r22
    33 │   return r23

    ; r0 (@users) : <error>
    ; r1 (v1) : List<{name: String, posts: List<{title: String}>}>
    ; r24 (v2) : String
    ; r25 (@users) : List<{name: String, posts: List<{title: String}>}>
    ; r26 (v4) : List<{name: String, posts: List<{title: String}>}>
    ; r2 (v5) : Iterator<{name: String, posts: List<{title: String}>}>
    ; r27 (v6) : String
    ; r3 (v7) : Iterator<{name: String, posts: List<{title: String}>}>
    ; r4 (v8) : String
    ; r5 (v9) : {name: String, posts: List<{title: String}>}
    ; r6 (v10) : Iterator<{name: String, posts: List<{title: String}>}>
    ; r7 (name) : String
    ; r8 (posts) : List<{title: String}>
    ; r28 (v13) : String
    ; r9 (v14) : Iterator<{title: String}>
    ; r29 (v15) : String
    ; r10 (v16) : Iterator<{title: String}>
    ; r11 (v17) : String
    ; r12 (v18) : {title: String}
    ; r13 (v19) : Iterator<{title: String}>
    ; r14 (title) : String
    ; r30 (v21) : String
    ; r15 (v22) : String
    ; r16 (v23) : String
    ; r17 (v24) : String
    ; r18 (v25) : String
    ; r19 (v26) : String
    ; r20 (v27) : String
    ; r21 (v28) : String
    ; r22 (v29) : String
    ; r23 (v30) : String
