---
source: acvus-mir-test/tests/e2e.rs
expression: ir
---
=== literals ===
  T0 = ""

=== main ===
     4 │   r0 = list [1 (r1), 2 (r2), 3 (r3)]
     6 │   r4 = T0 + T0
     7 │   r5 = cast DequeToList r0
     8 │   r6 = poison
     9 │   r7 = poison
    10 │   r8 = r4 + r7
    11 │   return r8

    ; r9 (v0) : String
    ; r1 (v1) : Int
    ; r2 (v2) : Int
    ; r3 (v3) : Int
    ; r0 (v4) : Deque<Int, Origin(0)>
    ; r10 (v5) : String
    ; r4 (v6) : String
    ; r5 (v7) : List<Int>
    ; r6 (len(...)) : Int
    ; r7 (to_string(...)) : String
    ; r8 (v10) : String
