---
source: acvus-mir-test/tests/e2e.rs
expression: ir
---
=== literals ===
  T0 = ""

=== main ===
     0 │   r0 = undef
     1 │   r1 = context_project @name
     2 │   r2 = context_load r1
     4 │   r3 = object {name: r2}
     6 │   r4 = T0 + T0
     7 │   r5 = r3.name
     8 │   r6 = r4 + r5
     9 │   return r6

    ; r0 (v12) : {name: String}
    ; r1 (@name) : String
    ; r2 (v2) : String
    ; r3 (v6) : {name: String}
    ; r4 (v8) : String
    ; r5 (name) : String
    ; r6 (v11) : String
    ; r7 (v7) : String
    ; r8 (v3) : String
    ; r9 (o) : {name: String}
    ; r10 (v5) : String
    ; r11 (@name) : String
