---
source: acvus-mir-test/tests/e2e.rs
expression: ir
---
=== literals ===
  T0 = ""

=== main ===
     0 │   r0 = undef
     1 │   r1 = undef
     2 │   r2 = undef
     3 │   r3 = ref @data
     4 │   r4 = load r3
     6 │   r5 = ref @data
     7 │ L2:
     9 │   r6 = r4.0
    11 │   r7 = true (r8) && true (r9)
    12 │   r10 = r4.1
    14 │   r11 = r7 && true (r12)
    15 │   jump_if r11 then L3 else L1
    16 │ L3:
    17 │   r13 = r4.0
    18 │   r14 = r4.1
    20 │   r15 = T0 + r13
    23 │   jump L4(0 (r16), T0, r2)
    24 │ L4(r17: Int, r18: String, r19: Int):
    25 │   list_step r20, r21 = r14[r17] else L5(r18)
    26 │ L7:
    28 │   r22 = call #0(r20)
    29 │   r23 = T0 + r22
    30 │   r24 = r18 + r23
    31 │   jump L4(r21, r24, r20)
    32 │ L5(r25: String):
    33 │   jump L6(r25)
    34 │ L6(r26: String):
    35 │   r27 = r15 + r26
    36 │   jump L0(r27, r13, r14, r19)
    37 │ L1:
    39 │   jump L0(T0, r0, r1, r2)
    40 │ L0(r28: String, r29: String, r30: List<Int>, r31: Int):  ; merge_of L2
    41 │   r32 = T0 + r28
    42 │   return r32

    ; r0 (v45) : String
    ; r1 (v46) : List<Int>
    ; r2 (v47) : Int
    ; r3 (@data) : Ref<(String, List<Int>)>
    ; r4 (@data) : (String, List<Int>)
    ; r5 (@data) : Ref<(String, List<Int>)>
    ; r6 (v7) : String
    ; r7 (v9) : Bool
    ; r8 (v6) : Bool
    ; r9 (v8) : Bool
    ; r10 (v10) : List<Int>
    ; r11 (v12) : Bool
    ; r12 (v11) : Bool
    ; r13 (label) : String
    ; r14 (items) : List<Int>
    ; r15 (v22) : String
    ; r16 (v25) : Int
    ; r17 (v27) : Int
    ; r18 (v28) : String
    ; r19 (v50) : Int
    ; r20 (x) : Int
    ; r21 (v30) : Int
    ; r22 (to_string(...)) : String
    ; r23 (v37) : String
    ; r24 (v38) : String
    ; r25 (v39) : String
    ; r26 (v40) : String
    ; r27 (v41) : String
    ; r28 (v43) : String
    ; r29 (v51) : String
    ; r30 (v52) : List<Int>
    ; r31 (v53) : Int
    ; r32 (v44) : String
    ; r33 (v3) : String
    ; r34 (label) : String
    ; r35 (items) : List<Int>
    ; r36 (v5) : (String, List<Int>)
    ; r37 (v49) : List<Int>
    ; r38 (v34) : Ref<Int>
    ; r39 (v15) : Ref<String>
    ; r40 (v18) : Ref<List<Int>>
    ; r41 (v33) : String
    ; r42 (v20) : Ref<String>
    ; r43 (v42) : String
    ; r44 (v23) : Ref<List<Int>>
    ; r45 (v26) : String
    ; r46 (v48) : String
    ; r47 (v32) : Ref<Int>
    ; r48 (x) : Int
    ; r49 (v19) : String
