---
source: acvus-mir-test/tests/e2e.rs
expression: ir
---
=== literals ===
  T0 = ""
  T1 = " is here"
  T2 = "no user"

=== main ===
     0 │   r0 = undef
     1 │   r1 = ref @user
     2 │   r2 = load r1
     4 │   r3 = ref @user
     5 │ L2:
     7 │   r4 = test has_key(r2, "name")
     8 │   r5 = r2.name
    10 │   r6 = true (r7) && true (r8)
    11 │   jump_if r6 then L3 else L1
    12 │ L3:
    13 │   r9 = r2.name
    15 │   r10 = T0 + r9
    17 │   r11 = r10 + T1
    18 │   jump L0(r11, r9)
    19 │ L1:
    22 │   r12 = T0 + T2
    23 │   jump L0(r12, r0)
    24 │ L0(r13: String, r14: String):  ; merge_of L2
    25 │   r15 = T0 + r13
    26 │   return r15

    ; r0 (v25) : String
    ; r1 (@user) : Ref<{age: Int, email: String, name: String}>
    ; r2 (@user) : {age: Int, email: String, name: String}
    ; r3 (@user) : Ref<{age: Int, email: String, name: String}>
    ; r4 (v7) : Bool
    ; r5 (v8) : String
    ; r6 (v10) : Bool
    ; r7 (v6) : Bool
    ; r8 (v9) : Bool
    ; r9 (name) : String
    ; r10 (v17) : String
    ; r11 (v19) : String
    ; r12 (v22) : String
    ; r13 (v23) : String
    ; r14 (v26) : String
    ; r15 (v24) : String
    ; r16 (v3) : String
    ; r17 (v14) : String
    ; r18 (v15) : Ref<String>
    ; r19 (v18) : String
    ; r20 (v21) : String
    ; r21 (v13) : Ref<String>
    ; r22 (v20) : String
    ; r23 (v5) : {age: Int, email: String, name: String}
    ; r24 (name) : String
