---
source: acvus-mir-test/tests/e2e.rs
expression: ir
---
=== literals ===
  T0 = ""

=== main ===
     0 │   r0 = undef
     1 │   r1 = undef
     2 │   r2 = context_project @items
     3 │   r3 = context_load r2
     7 │   r4 = T0 + T0
    10 │   jump L0(0 (r5), T0, r0, 0 (r6))
    11 │ L0(r7: Int, r8: String, r9: Int, r10: Int):
    12 │   list_step r11, r12 = r3[r7] else L1(r8)
    13 │ L3:
    16 │   r13 = T0 + T0
    17 │   r14 = r8 + r13
    18 │   jump L0(r12, r14, r11, r11)
    19 │ L1(r15: String):
    20 │   jump L2(r15)
    21 │ L2(r16: String):
    22 │   r17 = r4 + r16
    23 │   r18 = call #0(r10)
    24 │   r19 = r17 + r18
    25 │   return r19

    ; r0 (v26) : Int
    ; r1 (v27) : Int
    ; r2 (@items) : List<Int>
    ; r3 (v2) : List<Int>
    ; r4 (v6) : String
    ; r5 (v9) : Int
    ; r6 (v4) : Int
    ; r7 (v11) : Int
    ; r8 (v12) : String
    ; r9 (v28) : Int
    ; r10 (v29) : Int
    ; r11 (x) : Int
    ; r12 (v14) : Int
    ; r13 (v18) : String
    ; r14 (v19) : String
    ; r15 (v20) : String
    ; r16 (v21) : String
    ; r17 (v22) : String
    ; r18 (to_string(...)) : String
    ; r19 (v25) : String
    ; r20 (v3) : String
    ; r21 (v15) : String
    ; r22 (v8) : List<Int>
    ; r23 (v17) : String
    ; r24 (last) : Int
    ; r25 (v5) : String
    ; r26 (@items) : List<Int>
    ; r27 (v10) : String
    ; r28 (x) : Int
