---
source: acvus-mir-test/tests/e2e.rs
expression: ir
---
=== literals ===
  T0 = ""

=== main ===
     0 │   r0 = ref @items
     1 │   r1 = load r0
     3 │   r2 = ref @items
     4 │   r3 = call #0(r1)
     5 │   r4 = closure L0 []
     6 │   r5 = call #1(r3, r4)
     7 │   r6 = call #2(r5)
     8 │   r7 = T0 + r6
     9 │   return r7

    ; r0 (@items) : Ref<List<Int>>
    ; r1 (@items) : List<Int>
    ; r2 (@items) : Ref<List<Int>>
    ; r3 (v6) : Iterator<?0, Resolved(EffectSet { reads: {}, writes: {}, io: false, self_modifying: false })>
    ; r4 (v7) : Fn(Int) -> Bool
    ; r5 (any(...)) : Bool
    ; r6 (to_string(...)) : String
    ; r7 (v10) : String
    ; r8 (v3) : String
    ; r9 (v5) : List<Int>

=== closure L0 (ValueId(0)) ===
     0 │   r0 = undef
     2 │   r1 = r2 > 10 (r3)
     3 │   return r1

    ; r0 (v8) : Int
    ; r1 (v7) : Bool
    ; r2 (v1) : Int
    ; r3 (v6) : Int
    ; r4 (v3) : Ref<Int>
    ; r5 (x) : Int
    ; r6 (v4) : Ref<Int>
