---
source: acvus-mir-test/tests/e2e.rs
expression: ir
---
=== literals ===
  T0 = ""

=== main ===
     0 │   r0 = undef
     1 │   r1 = undef
     2 │   r2 = undef
     3 │   r3 = context_project @data
     4 │   r4 = context_load r3
     6 │ L2:
     8 │   r5 = r4.0
    10 │   r6 = r5.0
    12 │   r7 = true (r8) && true (r9)
    13 │   r10 = r5.1
    15 │   r11 = r7 && true (r12)
    16 │   r13 = true (r14) && r11
    17 │   r15 = r4.1
    19 │   r16 = r13 && true (r17)
    20 │   jump_if r16 then L3 else L1
    21 │ L3:
    22 │   r18 = r4.0
    23 │   r19 = r18.0
    24 │   r20 = r18.1
    25 │   r21 = r4.1
    27 │   r22 = T0 + r21
    28 │   jump L0(r22, r19, r20, r21)
    29 │ L1:
    31 │   jump L0(T0, r0, r1, r2)
    32 │ L0(r23: String, r24: Int, r25: Int, r26: String):  ; merge_of L2
    33 │   r27 = T0 + r23
    34 │   return r27

    ; r0 (v29) : Int
    ; r1 (v30) : Int
    ; r2 (v31) : String
    ; r3 (@data) : ((Int, Int), String)
    ; r4 (v2) : ((Int, Int), String)
    ; r5 (v7) : (Int, Int)
    ; r6 (v9) : Int
    ; r7 (v11) : Bool
    ; r8 (v8) : Bool
    ; r9 (v10) : Bool
    ; r10 (v12) : Int
    ; r11 (v14) : Bool
    ; r12 (v13) : Bool
    ; r13 (v15) : Bool
    ; r14 (v6) : Bool
    ; r15 (v16) : String
    ; r16 (v18) : Bool
    ; r17 (v17) : Bool
    ; r18 (v19) : (Int, Int)
    ; r19 (a) : Int
    ; r20 (b) : Int
    ; r21 (label) : String
    ; r22 (v25) : String
    ; r23 (v27) : String
    ; r24 (v32) : Int
    ; r25 (v33) : Int
    ; r26 (v34) : String
    ; r27 (v28) : String
    ; r28 (v3) : String
    ; r29 (label) : String
    ; r30 (v5) : ((Int, Int), String)
    ; r31 (v23) : String
    ; r32 (@data) : ((Int, Int), String)
    ; r33 (v26) : String
