---
source: acvus-mir-test/tests/e2e.rs
expression: ir
---
=== literals ===
  T0 = ""

=== main ===
     0 │   r0 = undef
     1 │   r1 = undef
     2 │   r2 = ref @a
     3 │   r3 = load r2
     4 │   r4 = ref @b
     5 │   r5 = load r4
     7 │   r6 = ref @a
     8 │   r7 = ref @b
     9 │   r8 = tuple (r3, r5)
    10 │ L2:
    12 │   r9 = r8.0
    14 │   r10 = true (r11) && true (r12)
    15 │   r13 = r8.1
    17 │   r14 = r10 && true (r15)
    18 │   jump_if r14 then L3 else L1
    19 │ L3:
    20 │   r16 = r8.0
    21 │   r17 = r8.1
    23 │   r18 = call #0(r16)
    24 │   r19 = T0 + r18
    25 │   r20 = r19 + r17
    26 │   jump L0(r20, r16, r17)
    27 │ L1:
    29 │   jump L0(T0, r0, r1)
    30 │ L0(r21: String, r22: Int, r23: String):  ; merge_of L2
    31 │   r24 = T0 + r21
    32 │   return r24

    ; r0 (v35) : Int
    ; r1 (v36) : String
    ; r2 (@a) : Ref<Int>
    ; r3 (@a) : Int
    ; r4 (@b) : Ref<String>
    ; r5 (@b) : String
    ; r6 (@a) : Ref<Int>
    ; r7 (@b) : Ref<String>
    ; r8 (v10) : (Int, String)
    ; r9 (v12) : Int
    ; r10 (v14) : Bool
    ; r11 (v11) : Bool
    ; r12 (v13) : Bool
    ; r13 (v15) : String
    ; r14 (v17) : Bool
    ; r15 (v16) : Bool
    ; r16 (a) : Int
    ; r17 (b) : String
    ; r18 (to_string(...)) : String
    ; r19 (v28) : String
    ; r20 (v31) : String
    ; r21 (v33) : String
    ; r22 (v37) : Int
    ; r23 (v38) : String
    ; r24 (v34) : String
    ; r25 (v25) : Ref<Int>
    ; r26 (v9) : String
    ; r27 (b) : String
    ; r28 (v20) : Ref<Int>
    ; r29 (v24) : String
    ; r30 (v5) : String
    ; r31 (v23) : Ref<String>
    ; r32 (a) : Int
    ; r33 (v7) : Int
    ; r34 (v29) : Ref<String>
    ; r35 (v32) : String
