---
source: acvus-mir-test/tests/e2e.rs
expression: ir
---
=== main ===
     0 │   r0 = context_load @items
     1 │   r1 = closure L0 []
     2 │   r2 = call filter(r0, r1)
     3 │   r3 = call len(r2)
     4 │   r4 = call to_string(r3)
     5 │   emit r4

    ; r0 (@items) : List<Int>
    ; r1 (v1) : Fn(Int) -> Bool
    ; r2 (filter(...)) : List<Int>
    ; r3 (len(...)) : Int
    ; r4 (to_string(...)) : String

=== closure L0 (i) ===
     0 │   r1 = context_load @threshold
     1 │   r2 = r0 > r1
     2 │   return r2

    ; r0 (v0) : Int
    ; r1 (@threshold) : Int
    ; r2 (v2) : Bool
