---
source: acvus-mir-test/tests/e2e.rs
expression: ir
---
=== literals ===
  T0 = ""
  T1 = "Hello, "
  T2 = "!"

=== main ===
     0 │   r0 = context_project @name
     1 │   r1 = context_load r0
     4 │   r2 = T0 + T1
     5 │   r3 = r2 + r1
     7 │   r4 = r3 + T2
     8 │   return r4

    ; r0 (@name) : String
    ; r1 (v2) : String
    ; r2 (v5) : String
    ; r3 (v8) : String
    ; r4 (v10) : String
    ; r5 (v3) : String
    ; r6 (v7) : String
    ; r7 (@name) : String
    ; r8 (v9) : String
    ; r9 (v4) : String
