---
source: acvus-mir-test/tests/e2e.rs
expression: ir
---
=== literals ===
  T0 = ""

=== main ===
     0 │   r0 = undef
     1 │   r1 = undef
     2 │   r2 = undef
     3 │   r3 = context_project @users
     4 │   r4 = context_load r3
     8 │   jump L0(0 (r5), T0, r0, r1, r2)
     9 │ L0(r6: Int, r7: String, r8: String, r9: List<{title: String}>, r10: String):
    10 │   list_step r11, r12 = r4[r6] else L1(r7)
    11 │ L3:
    12 │   r13 = r11.name
    13 │   r14 = r11.posts
    17 │   jump L4(0 (r15), T0, r10)
    18 │ L4(r16: Int, r17: String, r18: String):
    19 │   list_step r19, r20 = r14[r16] else L5(r17)
    20 │ L7:
    21 │   r21 = r19.title
    23 │   r22 = T0 + r21
    24 │   r23 = r17 + r22
    25 │   jump L4(r20, r23, r21)
    26 │ L5(r24: String):
    27 │   jump L6(r24)
    28 │ L6(r25: String):
    29 │   r26 = T0 + r25
    30 │   r27 = r7 + r26
    31 │   jump L0(r12, r27, r13, r14, r18)
    32 │ L1(r28: String):
    33 │   jump L2(r28)
    34 │ L2(r29: String):
    35 │   r30 = T0 + r29
    36 │   return r30

    ; r0 (v34) : String
    ; r1 (v35) : List<{title: String}>
    ; r2 (v36) : String
    ; r3 (@users) : List<{name: String, posts: List<{title: String}>}>
    ; r4 (v2) : List<{name: String, posts: List<{title: String}>}>
    ; r5 (v6) : Int
    ; r6 (v8) : Int
    ; r7 (v9) : String
    ; r8 (v37) : String
    ; r9 (v39) : List<{title: String}>
    ; r10 (v41) : String
    ; r11 (v10) : {name: String, posts: List<{title: String}>}
    ; r12 (v11) : Int
    ; r13 (name) : String
    ; r14 (posts) : List<{title: String}>
    ; r15 (v16) : Int
    ; r16 (v18) : Int
    ; r17 (v19) : String
    ; r18 (v42) : String
    ; r19 (v20) : {title: String}
    ; r20 (v21) : Int
    ; r21 (title) : String
    ; r22 (v25) : String
    ; r23 (v26) : String
    ; r24 (v27) : String
    ; r25 (v28) : String
    ; r26 (v29) : String
    ; r27 (v30) : String
    ; r28 (v31) : String
    ; r29 (v32) : String
    ; r30 (v33) : String
    ; r31 (v3) : String
    ; r32 (v14) : String
    ; r33 (v17) : String
    ; r34 (posts) : List<{title: String}>
    ; r35 (title) : String
    ; r36 (v5) : List<{name: String, posts: List<{title: String}>}>
    ; r37 (v23) : String
    ; r38 (@users) : List<{name: String, posts: List<{title: String}>}>
    ; r39 (v7) : String
