---
source: acvus-mir-test/tests/e2e.rs
expression: ir
---
=== literals ===
  T0 = ""

=== main ===
     0 │   r0 = context_project @a
     1 │   r1 = context_load r0
     2 │   r2 = context_project @b
     3 │   r3 = context_load r2
     5 │   r4 = r1 + r3
     6 │   var_store $result = r4
     8 │   r5 = T0 + T0
     9 │   r6 = var_load $result
    10 │   r7 = poison
    11 │   r8 = r5 + r7
    12 │   return r8

    ; r0 (@a) : <error>
    ; r1 (v1) : Int
    ; r2 (@b) : <error>
    ; r3 (v3) : Int
    ; r9 (v4) : String
    ; r10 (@a) : Int
    ; r11 (v6) : Int
    ; r12 (@b) : Int
    ; r13 (v8) : Int
    ; r4 (v9) : Int
    ; r14 (v10) : String
    ; r5 (v11) : String
    ; r6 ($result) : Int
    ; r7 (to_string(...)) : String
    ; r8 (v14) : String
