---
source: acvus-mir-test/tests/e2e.rs
expression: ir
---
=== literals ===
  T0 = ""

=== main ===
     0 │   r0 = undef
     1 │   r1 = context_project @get_user
     2 │   r2 = context_load r1
     5 │   r3 = call r2(1 (r4))
     7 │   r5 = T0 + T0
     8 │   r6 = r3.name
     9 │   r7 = r5 + r6
    10 │   return r7

    ; r0 (v13) : {age: Int, name: String}
    ; r1 (@get_user) : Fn(Int) -> {age: Int, name: String}
    ; r2 (v2) : Fn(Int) -> {age: Int, name: String}
    ; r3 (<closure>(...)) : {age: Int, name: String}
    ; r4 (v4) : Int
    ; r5 (v9) : String
    ; r6 (name) : String
    ; r7 (v12) : String
    ; r8 (v7) : Fn(Int) -> {age: Int, name: String}
    ; r9 (v3) : String
    ; r10 (u) : {age: Int, name: String}
    ; r11 (@get_user) : Fn(Int) -> {age: Int, name: String}
    ; r12 (v8) : String
