---
source: acvus-mir-test/tests/e2e.rs
expression: ir
---
=== literals ===
  T0 = ""

=== main ===
     0 │   r0 = undef
     1 │   r1 = context_project @items
     2 │   r2 = context_load r1
     3 │   r3 = context_project @threshold
     4 │   r4 = context_load r3
     6 │   r5 = call #0(r2)
     7 │   r6 = closure L0 []
     8 │   r7 = call #1(r5, r6)
     9 │   r8 = call #2(r7)
    11 │   r9 = T0 + T0
    12 │   r10 = call #3(r8)
    13 │   r11 = call #4(r10)
    14 │   r12 = r9 + r11
    15 │   return r12

    ; r0 (v18) : List<Int>
    ; r1 (@items) : List<Int>
    ; r2 (v2) : List<Int>
    ; r3 (@threshold) : Int
    ; r4 (v4) : Int
    ; r5 (iter(...)) : Iterator<Int, Resolved(EffectSet { reads: {}, writes: {}, io: false, self_modifying: false })>
    ; r6 (v9) : Fn(Int) -> Bool
    ; r7 (filter(...)) : Iterator<Int, Resolved(EffectSet { reads: {}, writes: {}, io: false, self_modifying: false })>
    ; r8 (collect(...)) : List<Int>
    ; r9 (v13) : String
    ; r10 (len(...)) : Int
    ; r11 (to_string(...)) : String
    ; r12 (v17) : String
    ; r13 (x) : List<Int>
    ; r14 (@items) : List<Int>
    ; r15 (v12) : String
    ; r16 (v7) : List<Int>
    ; r17 (v5) : String

=== closure L0 (ValueId(0)) ===
     0 │   r0 = undef
     1 │   r1 = context_project @threshold
     2 │   r2 = context_load r1
     3 │   r3 = r4 > r2
     4 │   return r3

    ; r0 (v6) : Int
    ; r1 (@threshold) : Int
    ; r2 (v4) : Int
    ; r3 (v5) : Bool
    ; r4 (v1) : Int
    ; r5 (i) : Int
