---
source: acvus-mir-test/tests/e2e.rs
expression: ir
---
=== main ===
     0 │   r0 = context_load @data
     1 │ L2:
     2 │   r1 = const true
     3 │   r2 = r0.0
     4 │   r3 = const true
     5 │   r4 = r2.0
     6 │   r5 = const true
     7 │   r6 = r3 && r5
     8 │   r7 = r2.1
     9 │   r8 = const true
    10 │   r9 = r6 && r8
    11 │   r10 = r1 && r9
    12 │   r11 = r0.1
    13 │   r12 = const true
    14 │   r13 = r10 && r12
    15 │   jump_if r13 then L3 else L1
    16 │ L3:
    17 │   r14 = r0.0
    18 │   r15 = r14.0
    19 │   r16 = r14.1
    20 │   r17 = r0.1
    21 │   emit r17
    22 │   jump L0
    23 │ L1:
    24 │ L0:

    ; r0 (@data) : ((Int, Int), String)
    ; r1 (v1) : Bool
    ; r2 (v2) : (Int, Int)
    ; r3 (v3) : Bool
    ; r4 (v4) : Int
    ; r5 (v5) : Bool
    ; r6 (v6) : Bool
    ; r7 (v7) : Int
    ; r8 (v8) : Bool
    ; r9 (v9) : Bool
    ; r10 (v10) : Bool
    ; r11 (v11) : String
    ; r12 (v12) : Bool
    ; r13 (v13) : Bool
    ; r14 (v14) : (Int, Int)
    ; r15 (a) : Int
    ; r16 (b) : Int
    ; r17 (label) : String
