---
source: acvus-mir-test/tests/e2e.rs
expression: ir
---
=== literals ===
  T0 = ""
  T1 = ","

=== main ===
     0 │   r0 = undef
     1 │   r1 = context_project @users
     2 │   r2 = context_load r1
     4 │   r3 = call #0(r2)
     5 │   r4 = closure L0 []
     6 │   r5 = call #1(r3, r4)
     7 │   r6 = closure L1 []
     8 │   r7 = call #2(r5, r6)
    10 │   r8 = T0 + T0
    12 │   r9 = call #3(r7, T1)
    13 │   r10 = r8 + r9
    14 │   return r10

    ; r0 (v17) : Iterator<String, Resolved(EffectSet { reads: {}, writes: {}, io: false, self_modifying: false })>
    ; r1 (@users) : List<{age: Int, name: String}>
    ; r2 (v2) : List<{age: Int, name: String}>
    ; r3 (iter(...)) : Iterator<{age: Int, name: String}, Resolved(EffectSet { reads: {}, writes: {}, io: false, self_modifying: false })>
    ; r4 (v7) : Fn({age: Int, name: String}) -> Bool
    ; r5 (filter(...)) : Iterator<{age: Int, name: String}, Resolved(EffectSet { reads: {}, writes: {}, io: false, self_modifying: false })>
    ; r6 (v9) : Fn({age: Int, name: String}) -> String
    ; r7 (map(...)) : Iterator<String, Resolved(EffectSet { reads: {}, writes: {}, io: false, self_modifying: false })>
    ; r8 (v12) : String
    ; r9 (join(...)) : String
    ; r10 (v16) : String
    ; r11 (v3) : String
    ; r12 (v11) : String
    ; r13 (v14) : String
    ; r14 (@users) : List<{age: Int, name: String}>
    ; r15 (x) : Iterator<String, Resolved(EffectSet { reads: {}, writes: {}, io: false, self_modifying: false })>
    ; r16 (v5) : List<{age: Int, name: String}>

=== closure L0 (ValueId(0)) ===
     0 │   r0 = undef
     1 │   r1 = r2.age
     3 │   r3 = r1 > 18 (r4)
     4 │   return r3

    ; r0 (v6) : {age: Int, name: String}
    ; r1 (age) : Int
    ; r2 (v1) : {age: Int, name: String}
    ; r3 (v5) : Bool
    ; r4 (v4) : Int
    ; r5 (u) : {age: Int, name: String}

=== closure L1 (ValueId(0)) ===
     0 │   r0 = undef
     1 │   r1 = r2.name
     2 │   return r1

    ; r0 (v4) : {age: Int, name: String}
    ; r1 (name) : String
    ; r2 (v1) : {age: Int, name: String}
    ; r3 (u) : {age: Int, name: String}
