---
source: acvus-mir-test/tests/e2e.rs
expression: ir
---
=== main ===
     0 │   r0 = context_load @users
     1 │   r1 = iter_init r0
     2 │ L0:
     3 │   r2, r3 = iter_next r1
     4 │   jump_if r3 then L1 else L3
     5 │ L3:
     6 │   r4 = r2.name
     7 │   r5 = r2.posts
     8 │   r6 = iter_init r5
     9 │ L4:
    10 │   r7, r8 = iter_next r6
    11 │   jump_if r8 then L5 else L7
    12 │ L7:
    13 │   r9 = r7.title
    14 │   emit r9
    15 │   jump L4
    16 │ L5:
    17 │ L6:
    18 │   jump L0
    19 │ L1:
    20 │ L2:

    ; r0 (@users) : List<{name: String, posts: List<{title: String}>}>
    ; r1 (v1) : Unit
    ; r2 (v2) : {name: String, posts: List<{title: String}>}
    ; r3 (v3) : Bool
    ; r4 (name) : String
    ; r5 (posts) : List<{title: String}>
    ; r6 (v6) : Unit
    ; r7 (v7) : {title: String}
    ; r8 (v8) : Bool
    ; r9 (title) : String
