---
source: acvus-mir-test/tests/e2e.rs
expression: ir
---
=== literals ===
  T0 = ""

=== main ===
     0 │   r0 = context_project @items
     1 │   r1 = context_load r0
     3 │   r2 = poison
     4 │   r3 = poison
     5 │   r4 = T0 + r3
     6 │   return r4

    ; r0 (@items) : <error>
    ; r1 (v1) : List<Int>
    ; r5 (v2) : String
    ; r6 (@items) : List<Int>
    ; r7 (v4) : List<Int>
    ; r2 (len(...)) : Int
    ; r3 (to_string(...)) : String
    ; r4 (v7) : String
