---
source: acvus-mir-test/tests/e2e.rs
expression: ir
---
=== texts ===
  T0 = " is here"
  T1 = "no user"

=== main ===
     0 │   r0 = context_load @user
     1 │ L2:
     2 │   r1 = const true
     3 │   r2 = test has_key(r0, "name")
     4 │   r3 = r0.name
     5 │   r4 = const true
     6 │   r5 = r1 && r4
     7 │   jump_if r5 then L3 else L1
     8 │ L3:
     9 │   r6 = r0.name
    10 │   emit r6
    11 │   emit_text T0
    12 │   jump L0
    13 │ L1:
    14 │   emit_text T1
    15 │ L0:

    ; r0 (@user) : {age: Int, email: String, name: String}
    ; r1 (v1) : Bool
    ; r2 (v2) : Bool
    ; r3 (v3) : String
    ; r4 (v4) : Bool
    ; r5 (v5) : Bool
    ; r6 (name) : String
