---
source: acvus-mir-test/tests/e2e.rs
expression: ir
---
=== literals ===
  T0 = ""
  T1 = "low"
  T2 = "high"
  T3 = "guest"

=== main ===
     0 │   r0 = ref @level
     1 │   r1 = load r0
     2 │   r2 = ref @role
     3 │   r3 = load r2
     5 │   r4 = ref @role
     6 │ L2:
     7 │   r5 = test r3 == "admin"
     8 │   jump_if r5 then L3 else L1
     9 │ L3:
    11 │   r6 = ref @level
    12 │ L6:
    13 │   r7 = test r1 in 1..10
    14 │   jump_if r7 then L7 else L5
    15 │ L7:
    18 │   r8 = T0 + T1
    19 │   jump L4(r8)
    20 │ L5:
    23 │   r9 = T0 + T2
    24 │   jump L4(r9)
    25 │ L4(r10: String):  ; merge_of L6
    26 │   r11 = T0 + r10
    27 │   jump L0(r11)
    28 │ L1:
    31 │   r12 = T0 + T3
    32 │   jump L0(r12)
    33 │ L0(r13: String):  ; merge_of L2
    34 │   r14 = T0 + r13
    35 │   return r14

    ; r0 (@level) : Ref<Int>
    ; r1 (@level) : Int
    ; r2 (@role) : Ref<String>
    ; r3 (@role) : String
    ; r4 (@role) : Ref<String>
    ; r5 (v8) : Bool
    ; r6 (@level) : Ref<Int>
    ; r7 (v12) : Bool
    ; r8 (v15) : String
    ; r9 (v18) : String
    ; r10 (v19) : String
    ; r11 (v20) : String
    ; r12 (v23) : String
    ; r13 (v24) : String
    ; r14 (v25) : String
    ; r15 (v22) : String
    ; r16 (v11) : Int
    ; r17 (v14) : String
    ; r18 (v9) : String
    ; r19 (v17) : String
    ; r20 (v7) : String
    ; r21 (v21) : String
    ; r22 (v13) : String
    ; r23 (v5) : String
    ; r24 (v16) : String
