---
source: acvus-mir-test/tests/e2e.rs
expression: ir
---
=== literals ===
  T0 = ""

=== main ===
     0 │   r0 = context_project @items
     1 │   r1 = context_load r0
     2 │   r2 = context_project @offset
     3 │   r3 = context_load r2
     5 │   r4 = poison
     6 │   r5 = closure L0 []
     7 │   r6 = poison
     8 │   r7 = closure L1 []
     9 │   r8 = poison
    10 │   r9 = poison
    12 │   r10 = T0 + T0
    13 │   r11 = poison
    14 │   r12 = poison
    15 │   r13 = r10 + r12
    16 │   return r13

    ; r0 (@items) : <error>
    ; r1 (v1) : List<Int>
    ; r2 (@offset) : <error>
    ; r3 (v3) : Int
    ; r4 (iter(...)) : Iterator<Int>
    ; r5 (v8) : Fn!(Int) -> Int
    ; r6 (map(...)) : Iterator!<Int>
    ; r7 (v10) : Fn(Int) -> Bool
    ; r8 (filter(...)) : Iterator!<Int>
    ; r9 (collect(...)) : List<Int>
    ; r10 (v14) : String
    ; r11 (len(...)) : Int
    ; r12 (to_string(...)) : String
    ; r13 (v18) : String
    ; r14 (v6) : List<Int>
    ; r15 (v4) : String
    ; r16 (x) : List<Int>
    ; r17 (v13) : String
    ; r18 (@items) : List<Int>
    ; r19 (v19) : List<Int>

=== closure L0 (ValueId(0)) ===
     0 │   r0 = context_project @offset
     1 │   r1 = context_load r0
     2 │   r2 = r3 + r1
     3 │   return r2

    ; r0 (@offset) : Int
    ; r1 (v3) : Int
    ; r2 (v4) : Int
    ; r3 (v0) : Int
    ; r4 (i) : Int
    ; r5 (v5) : Int

=== closure L1 (ValueId(0)) ===
     1 │   r0 = r1 > 0 (r2)
     2 │   return r0

    ; r0 (v3) : Bool
    ; r1 (v0) : Int
    ; r2 (v2) : Int
    ; r3 (i) : Int
    ; r4 (v4) : Int
