---
source: acvus-mir-test/tests/e2e.rs
expression: ir
---
=== literals ===
  T0 = ""

=== main ===
     0 │   r0 = ref @user
     1 │   r1 = load r0
     3 │   r2 = ref @user
     4 │   r3 = r1.name
     5 │   r4 = T0 + r3
     6 │   return r4

    ; r0 (@user) : Ref<{age: Int, email: String, name: String}>
    ; r1 (@user) : {age: Int, email: String, name: String}
    ; r2 (v7) : Ref<{age: Int, email: String, name: String}>
    ; r3 (v5) : String
    ; r4 (v6) : String
    ; r5 (v3) : String
    ; r6 (v8) : {age: Int, email: String, name: String}
    ; r7 (@user.name) : Ref<String>
