---
source: acvus-mir-test/tests/e2e.rs
expression: ir
---
=== literals ===
  T0 = ""
  T1 = "hello"
  T2 = " "
  T3 = "world"

=== main ===
     3 │   r0 = T1 + T2
     5 │   r1 = r0 + T3
     6 │   r2 = T0 + r1
     7 │   return r2

    ; r3 (v0) : String
    ; r4 (v1) : String
    ; r5 (v2) : String
    ; r0 (v3) : String
    ; r6 (v4) : String
    ; r1 (v5) : String
    ; r2 (v6) : String
