---
source: acvus-mir-test/tests/e2e.rs
expression: ir
---
=== literals ===
  T0 = ""
  T1 = "outer"

=== main ===
     0 │   r0 = undef
     1 │   r1 = ref @name
     2 │   r2 = load r1
     6 │   r3 = T0 + T0
     7 │   r4 = ref @name
     9 │   r5 = r3 + T0
    10 │   r6 = r5 + r2
    11 │   return r6

    ; r0 (v17) : String
    ; r1 (@name) : Ref<String>
    ; r2 (@name) : String
    ; r3 (v8) : String
    ; r4 (@name) : Ref<String>
    ; r5 (v13) : String
    ; r6 (v16) : String
    ; r7 (v3) : String
    ; r8 (v11) : Ref<String>
    ; r9 (v14) : Ref<String>
    ; r10 (v6) : Ref<String>
    ; r11 (v12) : String
    ; r12 (v4) : String
    ; r13 (x) : String
    ; r14 (v7) : String
    ; r15 (v10) : String
