---
source: acvus-mir-test/tests/e2e.rs
expression: ir
---
=== literals ===
  T0 = ""
  T1 = "equal"
  T2 = "not equal"

=== main ===
     0 │   r0 = ref @a
     1 │   r1 = load r0
     2 │   r2 = ref @b
     3 │   r3 = load r2
     5 │   r4 = ref @a
     6 │   r5 = ref @b
     7 │   r6 = r1 == r3
     8 │ L2:
     9 │   r7 = test r6 == true
    10 │   jump_if r7 then L3 else L1
    11 │ L3:
    14 │   r8 = T0 + T1
    15 │   jump L0(r8)
    16 │ L1:
    19 │   r9 = T0 + T2
    20 │   jump L0(r9)
    21 │ L0(r10: String):  ; merge_of L2
    22 │   r11 = T0 + r10
    23 │   return r11

    ; r0 (@a) : Ref<Int>
    ; r1 (@a) : Int
    ; r2 (@b) : Ref<Int>
    ; r3 (@b) : Int
    ; r4 (@a) : Ref<Int>
    ; r5 (@b) : Ref<Int>
    ; r6 (v10) : Bool
    ; r7 (v11) : Bool
    ; r8 (v14) : String
    ; r9 (v17) : String
    ; r10 (v18) : String
    ; r11 (v19) : String
    ; r12 (v9) : Int
    ; r13 (v12) : String
    ; r14 (v15) : String
    ; r15 (v7) : Int
    ; r16 (v13) : String
    ; r17 (v5) : String
    ; r18 (v16) : String
