---
source: acvus-mir-test/tests/e2e.rs
expression: ir
---
=== literals ===
  T0 = ""
  T1 = "low"
  T2 = "high"
  T3 = "guest"

=== main ===
     0 │   r0 = context_project @level
     1 │   r1 = context_load r0
     2 │   r2 = context_project @role
     3 │   r3 = context_load r2
     5 │ L2:
     6 │   r4 = test r3 == "admin"
     7 │   jump_if r4 then L3 else L1
     8 │ L3:
    10 │   r5 = context_project @level
    11 │   r6 = context_load r5
    12 │ L6:
    13 │   r7 = test r6 in 1..10
    14 │   jump_if r7 then L7 else L5
    15 │ L7:
    18 │   r8 = T0 + T1
    19 │   jump L4(r8)
    20 │ L5:
    23 │   r9 = T0 + T2
    24 │   jump L4(r9)
    25 │ L4(r10: String):  ; merge_of L6
    26 │   r11 = T0 + r10
    27 │   jump L0(r11)
    28 │ L1:
    31 │   r12 = T0 + T3
    32 │   jump L0(r12)
    33 │ L0(r13: String):  ; merge_of L2
    34 │   r14 = T0 + r13
    35 │   return r14

    ; r0 (@level) : <error>
    ; r1 (v1) : Int
    ; r2 (@role) : <error>
    ; r3 (v3) : String
    ; r15 (v4) : String
    ; r16 (@role) : String
    ; r17 (v6) : String
    ; r4 (v7) : Bool
    ; r18 (v8) : String
    ; r5 (@level) : Int
    ; r6 (v10) : Int
    ; r7 (v11) : Bool
    ; r19 (v12) : String
    ; r20 (v13) : String
    ; r8 (v14) : String
    ; r21 (v15) : String
    ; r22 (v16) : String
    ; r9 (v17) : String
    ; r10 (v18) : String
    ; r11 (v19) : String
    ; r23 (v20) : String
    ; r24 (v21) : String
    ; r12 (v22) : String
    ; r13 (v23) : String
    ; r14 (v24) : String
