---
source: acvus-mir-test/tests/e2e.rs
expression: ir
---
=== literals ===
  T0 = ""

=== main ===
     0 │   r0 = context_project @items
     1 │   r1 = context_load r0
     3 │   r2 = cast ListToIterator r1
     5 │   jump L0(r2, T0)
     6 │ L0(r3: Iterator<Int>, r4: String):
     7 │   iter_step r5, r6 = r3 else L1(r4)
     8 │ L3:
    10 │   var_store $last = r5
    12 │   r7 = T0 + T0
    13 │   r8 = r4 + r7
    14 │   jump L0(r6, r8)
    15 │ L1(r9: String):
    16 │   jump L2(r9)
    17 │ L2(r10: String):
    18 │   r11 = T0 + r10
    19 │   r12 = var_load $last
    20 │   r13 = poison
    21 │   r14 = r11 + r13
    22 │   return r14

    ; r0 (@items) : <error>
    ; r1 (v1) : List<Int>
    ; r15 (v2) : String
    ; r16 (@items) : List<Int>
    ; r17 (v4) : List<Int>
    ; r2 (v5) : Iterator<Int>
    ; r18 (v6) : String
    ; r3 (v7) : Iterator<Int>
    ; r4 (v8) : String
    ; r5 (x) : Int
    ; r6 (v10) : Iterator<Int>
    ; r19 (v11) : String
    ; r20 (v12) : String
    ; r7 (v13) : String
    ; r8 (v14) : String
    ; r9 (v15) : String
    ; r10 (v16) : String
    ; r11 (v17) : String
    ; r12 ($last) : Int
    ; r13 (to_string(...)) : String
    ; r14 (v20) : String
