---
source: acvus-mir-test/tests/e2e.rs
expression: ir
---
=== literals ===
  T0 = ""

=== main ===
     0 │   r0 = context_project @users
     1 │   r1 = context_load r0
     3 │   r2 = poison
     4 │   r3 = closure L0 []
     5 │   r4 = poison
     6 │   r5 = poison
     8 │   r6 = T0 + T0
     9 │   r7 = poison
    10 │   r8 = poison
    11 │   r9 = r6 + r8
    12 │   return r9

    ; r0 (@users) : <error>
    ; r1 (v1) : List<{age: Int, name: String}>
    ; r10 (v2) : String
    ; r11 (@users) : List<{age: Int, name: String}>
    ; r12 (v4) : List<{age: Int, name: String}>
    ; r2 (iter(...)) : Iterator<{age: Int, name: String}>
    ; r3 (v6) : Fn({age: Int, name: String}) -> (String, Int)
    ; r4 (map(...)) : Iterator<(String, Int)>
    ; r5 (collect(...)) : List<(String, Int)>
    ; r13 (v9) : String
    ; r6 (v10) : String
    ; r7 (len(...)) : Int
    ; r8 (to_string(...)) : String
    ; r9 (v13) : String

=== closure L0 (ValueId(0)) ===
     0 │   r0 = r1.name
     1 │   r2 = r1.age
     2 │   r3 = tuple (r0, r2)
     3 │   return r3

    ; r1 (v0) : {age: Int, name: String}
    ; r0 (name) : String
    ; r2 (age) : Int
    ; r3 (v3) : (String, Int)
