---
source: acvus-mir-test/tests/e2e.rs
expression: ir
---
=== literals ===
  T0 = "empty"

=== main ===
     0 │   r0 = context_load @items
     1 │ L2:
     2 │   r1 = test len(r0) >= 2
     3 │   jump_if r1 then L3 else L4
     4 │ L3:
     5 │   r2 = r0[0]
     7 │   r4 = r1 && true (r3)
     8 │   r5 = r0[1]
    10 │   r7 = r4 && true (r6)
    11 │   jump L5(r7)
    12 │ L4:
    14 │   jump L5(false (r9))
    15 │ L5(r8: Bool):
    16 │   jump_if r8 then L6 else L1
    17 │ L6:
    18 │   r10 = r0[0]
    19 │   r11 = r0[1]
    20 │   r12 = call to_string(r10)
    21 │   yield r12
    22 │   jump L0
    23 │ L1:
    25 │   yield T0
    26 │ L0:  ; merge_of L2

    ; r0 (@items) : List<Int>
    ; r1 (v1) : Bool
    ; r2 (v2) : Int
    ; r3 (v3) : Bool
    ; r4 (v4) : Bool
    ; r5 (v5) : Int
    ; r6 (v6) : Bool
    ; r7 (v7) : Bool
    ; r8 (v8) : Bool
    ; r9 (v9) : Bool
    ; r10 (a) : Int
    ; r11 (b) : Int
    ; r12 (to_string(...)) : String
    ; r13 (v13) : String
