---
source: acvus-mir-test/tests/inline.rs
expression: ir
---
=== main ===
     0 │   r0 = context_project @count
     1 │   r1 = context_load r0
     3 │   r2 = context_project @count
     4 │   r3 = context_load r2
     5 │   r4 = context_project @count
     6 │   ctx_store r4 = 42 (r5)
     7 │   return 42 (r5)

    ; r0 (@count) : Int
    ; r1 (v2) : Int
    ; r2 (@count) : Int
    ; r3 (v6) : Int
    ; r4 (v8) : Int
    ; r5 (v3) : Int
    ; r6 ($x) : Int
    ; r7 ($x) : Int
    ; r8 (set_count(...)) : Int
