---
source: acvus-mir-test/tests/inline.rs
expression: ir
---
=== main ===
     0 │   r0 = context_project @count
     1 │   r1 = context_load r0
     2 │   r2 = context_project @count
     3 │   r3 = context_load r2
     4 │   r4 = context_project @count
     5 │   r5 = context_load r4
     6 │   return r5

    ; r0 (@count) : Int
    ; r1 (v2) : Int
    ; r2 (@count) : Int
    ; r3 (v5) : Int
    ; r4 (@count) : Int
    ; r5 (v7) : Int
    ; r6 (get_count(...)) : Int
