---
source: acvus-mir-test/tests/inline.rs
expression: ir
---
=== main ===
     2 │   r0 = 10 (r1) + 1 (r2)
     4 │   r3 = 10 (r1) + 1 (r4)
     5 │   r5 = r0 + r3
     7 │   r6 = r5 * 2 (r7)
     8 │   return r6

    ; r0 (v14) : Int
    ; r1 (v1) : Int
    ; r2 (v13) : Int
    ; r3 (v17) : Int
    ; r4 (v16) : Int
    ; r5 (v11) : Int
    ; r6 (v6) : Int
    ; r7 (v5) : Int
    ; r8 ($x) : Int
    ; r9 ($x) : Int
    ; r10 ($x) : Int
    ; r11 (b(...)) : Int
    ; r12 ($x) : Int
    ; r13 ($x) : Int
    ; r14 (a(...)) : Int
    ; r15 (c(...)) : Int
    ; r16 (a(...)) : Int
