---
source: acvus-mir-test/tests/inline.rs
expression: ir
---
=== main ===
     0 │   r0 = context_project @count
     1 │   r1 = context_load r0
     2 │   r2 = context_project @count
     3 │   r3 = context_load r2
     4 │   r4 = context_project @count
     5 │   r5 = context_load r4
     7 │   r6 = r5 + 1 (r7)
     8 │   r8 = context_project @count
     9 │   ctx_store r8 = r6
    10 │   r9 = context_project @count
    11 │   r10 = context_load r9
    12 │   var_store x = r10
    13 │   r11 = var_load x
    14 │   r12 = context_project @count
    15 │   r13 = context_load r12
    16 │   r14 = r11 + r13
    17 │   return r14

    ; r0 (@count) : Int
    ; r1 (v2) : Int
    ; r2 (@count) : Int
    ; r3 (v9) : Int
    ; r4 (@count) : Int
    ; r5 (v11) : Int
    ; r6 (v13) : Int
    ; r7 (v12) : Int
    ; r8 (v14) : Int
    ; r9 (@count) : Int
    ; r10 (v16) : Int
    ; r11 (x) : Int
    ; r12 (@count) : Int
    ; r13 (v6) : Int
    ; r14 (v7) : Int
    ; r15 (bump(...)) : Int
