---
source: acvus-mir-test/tests/inline.rs
expression: ir
---
=== main ===
     0 │   r0 = closure L0 []
     1 │   var_store f = r0
     3 │   r1 = var_load f
     4 │   r2 = call r1(5 (r3))
     5 │   return r2

    ; r0 (v1) : Fn(Int) -> Int
    ; r1 (f) : Fn(Int) -> Int
    ; r2 (f(...)) : Int
    ; r3 (v2) : Int

=== closure L0 (ValueId(0)) ===
     0 │   var_store x = r0
     1 │   r1 = var_load x
     3 │   r2 = r1 + 1 (r3)
     4 │   return r2

    ; r0 (v1) : Int
    ; r1 (x) : Int
    ; r2 (v4) : Int
    ; r3 (v3) : Int
