---
source: acvus-mir-test/tests/inline.rs
expression: ir
---
=== main ===
     2 │   r0 = 5 (r1) * 2 (r2)
     3 │   var_store y = r0
     4 │   r3 = var_load y
     6 │   r4 = r3 + 1 (r5)
     7 │   return r4

    ; r0 (v5) : Int
    ; r1 (v1) : Int
    ; r2 (v4) : Int
    ; r3 (y) : Int
    ; r4 (v8) : Int
    ; r5 (v7) : Int
    ; r6 ($x) : Int
    ; r7 (compute(...)) : Int
