---
source: acvus-mir-test/tests/inline.rs
expression: ir
---
=== main ===
     1 │   r0 = 3 (r1) * 3 (r1)
     3 │   r2 = 4 (r3) * 4 (r3)
     4 │   r4 = r0 + r2
     5 │   return r4

    ; r0 (v8) : Int
    ; r1 (v1) : Int
    ; r2 (v11) : Int
    ; r3 (v3) : Int
    ; r4 (v5) : Int
    ; r5 ($x) : Int
    ; r6 ($x) : Int
    ; r7 ($x) : Int
    ; r8 (square(...)) : Int
    ; r9 ($x) : Int
    ; r10 (square(...)) : Int
