---
source: acvus-mir-test/tests/inline.rs
expression: ir
---
=== main ===
     1 │   r0 = undef
     3 │   r1 = r2 * 2 (r3)
     5 │   r4 = r1 + 1 (r5)
     6 │   return r4

    ; r0 (v8) : Int
    ; r1 (v4) : Int
    ; r2 ($x) : Int
    ; r3 (v3) : Int
    ; r4 (v7) : Int
    ; r5 (v6) : Int
    ; r6 (v0) : Int
    ; r7 (y) : Int
    ; r8 (compute(...)) : Int
