---
source: acvus-mir-test/tests/inline.rs
expression: ir
---
=== main ===
     0 │   r0 = ref @items
     1 │   r1 = load r0
     2 │   r2 = ref @items
     3 │   r3 = load r2
     5 │   r4 = ref @items
     6 │   r5 = load r4
     7 │   r6 = ref $v4
     8 │   r7 = load r6
     9 │   r8 = call #0(r7)
    10 │   r9 = ref $v5
    11 │   r10 = load r9
    12 │   r11 = closure L0 [r10]
    13 │   r12 = call #1(r8, r11)
    14 │   r13 = call #2(r12)
    15 │   return r13

    ; r0 (@items) : Ref<List<Int>>
    ; r1 (@items) : List<Int>
    ; r2 (@items) : Ref<List<Int>>
    ; r3 (v4) : List<Int>
    ; r4 (@items) : Ref<List<Int>>
    ; r5 (@items) : List<Int>
    ; r6 (v12) : Ref<List<Int>>
    ; r7 ($xs) : List<Int>
    ; r8 (v14) : Iterator<?0, Resolved(EffectSet { reads: {}, writes: {}, io: false, self_modifying: false })>
    ; r9 (v15) : Ref<Int>
    ; r10 ($n) : Int
    ; r11 (v17) : Fn(Int) -> Int
    ; r12 (map(...)) : Iterator<Int, Resolved(EffectSet { reads: {}, writes: {}, io: false, self_modifying: false })>
    ; r13 (collect(...)) : List<Int>
    ; r14 (add_n(...)) : Iterator<Int, Resolved(EffectSet { reads: {}, writes: {}, io: false, self_modifying: false })>
    ; r15 (v5) : Int
