---
source: acvus-mir-test/tests/inline.rs
expression: ir
---
=== main ===
     0 │   r0 = closure L0 []
     1 │   r1 = ref f
     2 │   store r1 = r0
     4 │   r2 = ref f
     5 │   r3 = load r2
     6 │   r4 = call r3(5 (r5))
     7 │   return r4

    ; r0 (v1) : Fn(Int) -> Int
    ; r1 (v3) : Ref<Fn(Int) -> Int>
    ; r2 (v6) : Ref<Fn(Int) -> Int>
    ; r3 (f) : Fn(Int) -> Int
    ; r4 (f(...)) : Int
    ; r5 (v4) : Int

=== closure L0 (ValueId(0)) ===
     0 │   r0 = ref x
     1 │   store r0 = r1
     2 │   r2 = ref x
     3 │   r3 = load r2
     5 │   r4 = r3 + 1 (r5)
     6 │   return r4

    ; r0 (v3) : Ref<Int>
    ; r1 (v1) : Int
    ; r2 (v4) : Ref<Int>
    ; r3 (x) : Int
    ; r4 (v7) : Int
    ; r5 (v6) : Int
