---
source: acvus-mir-test/tests/inline.rs
expression: ir
---
=== main ===
     0 │   r0 = ref @count
     1 │   r1 = load r0
     2 │   r2 = ref @count
     3 │   r3 = load r2
     5 │   r4 = ref @count
     6 │   r5 = load r4
     7 │   r6 = ref $v5
     8 │   r7 = load r6
     9 │   r8 = ref @count
    10 │   r9 = load r8
    11 │   r10 = r7 + r9
    12 │   r11 = r3 + r10
    13 │   return r11

    ; r0 (@count) : Ref<Int>
    ; r1 (@count) : Int
    ; r2 (@count) : Ref<Int>
    ; r3 (v4) : Int
    ; r4 (@count) : Ref<Int>
    ; r5 (@count) : Int
    ; r6 (v11) : Ref<Int>
    ; r7 ($x) : Int
    ; r8 (@count) : Ref<Int>
    ; r9 (v14) : Int
    ; r10 (v15) : Int
    ; r11 (v7) : Int
    ; r12 (add_count(...)) : Int
    ; r13 (v5) : Int
