---
source: acvus-mir-test/tests/optimized_cross_fn.rs
expression: raw
---
── enrich ──
=== main ===
     0 │   r0 = ref @offset
     1 │   r1 = load r0
     2 │   r2 = ref @precision
     3 │   r3 = load r2
     4 │   r4 = ref @scale
     5 │   r5 = load r4
     6 │   r6 = ref @source_id
     7 │   r7 = load r6
     8 │   r8 = ref @stage1
     9 │   r9 = load r8
    10 │   r10 = ref @stage2
    11 │   r11 = load r10
    12 │   r12 = ref @stage3
    13 │   r13 = load r12
    14 │   r14 = ref $v1
    15 │   r15 = load r14
    16 │   r16 = ref $v2
    17 │   r17 = load r16
    18 │   r18 = r15 + r17
    19 │   r19 = ref $v1
    20 │   r20 = load r19
    22 │   r21 = r20 / 10 (r22)
    23 │   r23 = r18 + r21
    24 │   return r23

    ; r0 (@offset) : Ref<Int>
    ; r1 (@offset) : Int
    ; r2 (@precision) : Ref<Int>
    ; r3 (@precision) : Int
    ; r4 (@scale) : Ref<Int>
    ; r5 (@scale) : Int
    ; r6 (@source_id) : Ref<Int>
    ; r7 (@source_id) : Int
    ; r8 (@stage1) : Ref<Int>
    ; r9 (@stage1) : Int
    ; r10 (@stage2) : Ref<Int>
    ; r11 (@stage2) : Int
    ; r12 (@stage3) : Ref<Int>
    ; r13 (@stage3) : Int
    ; r14 (v17) : Ref<Int>
    ; r15 ($val) : Int
    ; r16 (v19) : Ref<Int>
    ; r17 ($offset) : Int
    ; r18 (v21) : Int
    ; r19 (v22) : Ref<Int>
    ; r20 ($val) : Int
    ; r21 (v25) : Int
    ; r22 (v24) : Int
    ; r23 (v26) : Int
    ; r24 (v2) : Int
    ; r25 (v1) : Int

── finalize ──
=== main ===
     0 │   r0 = ref @offset
     1 │   r1 = load r0
     2 │   r2 = ref @precision
     3 │   r3 = load r2
     4 │   r4 = ref @scale
     5 │   r5 = load r4
     6 │   r6 = ref @source_id
     7 │   r7 = load r6
     8 │   r8 = ref @stage1
     9 │   r9 = load r8
    10 │   r10 = ref @stage2
    11 │   r11 = load r10
    12 │   r12 = ref @stage3
    13 │   r13 = load r12
    14 │   r14 = ref $v1
    15 │   r15 = load r14
    16 │   r16 = ref $v2
    17 │   r17 = load r16
    18 │   r18 = r15 / r17
    19 │   r19 = ref $v2
    20 │   r20 = load r19
    21 │   r21 = r18 * r20
    22 │   return r21

    ; r0 (@offset) : Ref<Int>
    ; r1 (@offset) : Int
    ; r2 (@precision) : Ref<Int>
    ; r3 (@precision) : Int
    ; r4 (@scale) : Ref<Int>
    ; r5 (@scale) : Int
    ; r6 (@source_id) : Ref<Int>
    ; r7 (@source_id) : Int
    ; r8 (@stage1) : Ref<Int>
    ; r9 (@stage1) : Int
    ; r10 (@stage2) : Ref<Int>
    ; r11 (@stage2) : Int
    ; r12 (@stage3) : Ref<Int>
    ; r13 (@stage3) : Int
    ; r14 (v17) : Ref<Int>
    ; r15 ($val) : Int
    ; r16 (v19) : Ref<Int>
    ; r17 ($prec) : Int
    ; r18 (v21) : Int
    ; r19 (v22) : Ref<Int>
    ; r20 ($prec) : Int
    ; r21 (v24) : Int
    ; r22 (v2) : Int
    ; r23 (v1) : Int

── main ──
=== main ===
     0 │   r0 = ref @offset
     1 │   r1 = load r0
     2 │   r2 = ref @precision
     3 │   r3 = load r2
     4 │   r4 = ref @scale
     5 │   r5 = load r4
     6 │   r6 = ref @source_id
     7 │   r7 = load r6
     8 │   r8 = ref @stage1
     9 │   r9 = load r8
    10 │   r10 = ref @stage2
    11 │   r11 = load r10
    12 │   r12 = ref @stage3
    13 │   r13 = load r12
    14 │   r14 = ref @source_id
    15 │   r15 = load r14
    16 │   r16 = call #0(r15)
    17 │   r17 = ref raw
    18 │   store r17 = r16
    19 │   r18 = ref raw
    20 │   r19 = load r18
    21 │   r20 = ref @scale
    22 │   r21 = load r20
    23 │   r22 = call #1(r19, r21)
    24 │   r23 = ref s1
    25 │   store r23 = r22
    26 │   r24 = ref s1
    27 │   r25 = load r24
    28 │   r26 = ref @stage1
    29 │   store r26 = r25
    30 │   r27 = ref s1
    31 │   r28 = load r27
    32 │   r29 = ref @offset
    33 │   r30 = load r29
    34 │   r31 = call #2(r28, r30)
    35 │   r32 = ref s2
    36 │   store r32 = r31
    37 │   r33 = ref s2
    38 │   r34 = load r33
    39 │   r35 = ref @stage2
    40 │   store r35 = r34
    41 │   r36 = ref s2
    42 │   r37 = load r36
    43 │   r38 = ref @precision
    44 │   r39 = load r38
    45 │   r40 = call #3(r37, r39)
    46 │   r41 = ref s3
    47 │   store r41 = r40
    48 │   r42 = ref s3
    49 │   r43 = load r42
    50 │   r44 = ref @stage3
    51 │   store r44 = r43
    52 │   r45 = ref s1
    53 │   r46 = load r45
    54 │   r47 = ref s2
    55 │   r48 = load r47
    56 │   r49 = ref s3
    57 │   r50 = load r49
    58 │   r51 = call #4(r46, r48, r50)
    59 │   r52 = ref s3
    60 │   r53 = load r52
    61 │   return r53

    ; r0 (@offset) : Ref<Int>
    ; r1 (@offset) : Int
    ; r2 (@precision) : Ref<Int>
    ; r3 (@precision) : Int
    ; r4 (@scale) : Ref<Int>
    ; r5 (@scale) : Int
    ; r6 (@source_id) : Ref<Int>
    ; r7 (@source_id) : Int
    ; r8 (@stage1) : Ref<Int>
    ; r9 (@stage1) : Int
    ; r10 (@stage2) : Ref<Int>
    ; r11 (@stage2) : Int
    ; r12 (@stage3) : Ref<Int>
    ; r13 (@stage3) : Int
    ; r14 (@source_id) : Ref<Int>
    ; r15 (v16) : Int
    ; r16 (fetch_data(...)) : Int
    ; r17 (v19) : Ref<Int>
    ; r18 (v20) : Ref<Int>
    ; r19 (raw) : Int
    ; r20 (@scale) : Ref<Int>
    ; r21 (v23) : Int
    ; r22 (normalize(...)) : Int
    ; r23 (v26) : Ref<Int>
    ; r24 (v27) : Ref<Int>
    ; r25 (s1) : Int
    ; r26 (@stage1) : Ref<Int>
    ; r27 (v30) : Ref<Int>
    ; r28 (s1) : Int
    ; r29 (@offset) : Ref<Int>
    ; r30 (v33) : Int
    ; r31 (enrich(...)) : Int
    ; r32 (v36) : Ref<Int>
    ; r33 (v37) : Ref<Int>
    ; r34 (s2) : Int
    ; r35 (@stage2) : Ref<Int>
    ; r36 (v40) : Ref<Int>
    ; r37 (s2) : Int
    ; r38 (@precision) : Ref<Int>
    ; r39 (v43) : Int
    ; r40 (finalize(...)) : Int
    ; r41 (v46) : Ref<Int>
    ; r42 (v47) : Ref<Int>
    ; r43 (s3) : Int
    ; r44 (@stage3) : Ref<Int>
    ; r45 (v50) : Ref<Int>
    ; r46 (s1) : Int
    ; r47 (v52) : Ref<Int>
    ; r48 (s2) : Int
    ; r49 (v54) : Ref<Int>
    ; r50 (s3) : Int
    ; r51 (log_pipeline(...)) : Int
    ; r52 (v57) : Ref<Int>
    ; r53 (s3) : Int

── normalize ──
=== main ===
     0 │   r0 = ref @offset
     1 │   r1 = load r0
     2 │   r2 = ref @precision
     3 │   r3 = load r2
     4 │   r4 = ref @scale
     5 │   r5 = load r4
     6 │   r6 = ref @source_id
     7 │   r7 = load r6
     8 │   r8 = ref @stage1
     9 │   r9 = load r8
    10 │   r10 = ref @stage2
    11 │   r11 = load r10
    12 │   r12 = ref @stage3
    13 │   r13 = load r12
    14 │   r14 = ref $v1
    15 │   r15 = load r14
    16 │   r16 = ref $v2
    17 │   r17 = load r16
    18 │   r18 = r15 * r17
    20 │   r19 = r18 / 1000 (r20)
    21 │   return r19

    ; r0 (@offset) : Ref<Int>
    ; r1 (@offset) : Int
    ; r2 (@precision) : Ref<Int>
    ; r3 (@precision) : Int
    ; r4 (@scale) : Ref<Int>
    ; r5 (@scale) : Int
    ; r6 (@source_id) : Ref<Int>
    ; r7 (@source_id) : Int
    ; r8 (@stage1) : Ref<Int>
    ; r9 (@stage1) : Int
    ; r10 (@stage2) : Ref<Int>
    ; r11 (@stage2) : Int
    ; r12 (@stage3) : Ref<Int>
    ; r13 (@stage3) : Int
    ; r14 (v17) : Ref<Int>
    ; r15 ($val) : Int
    ; r16 (v19) : Ref<Int>
    ; r17 ($scale) : Int
    ; r18 (v21) : Int
    ; r19 (v23) : Int
    ; r20 (v22) : Int
    ; r21 (v2) : Int
    ; r22 (v1) : Int
