---
source: acvus-mir-test/tests/optimized.rs
expression: opt
---
=== literals ===
  T0 = " (score: "
  T1 = ")"

=== main ===
     0 │   r0 = ref @min_score
     1 │   r1 = ref @user
     2 │   r2 = load r1
     3 │   r3 = r2.age
     5 │   r4 = r3 * 2 (r5)
     6 │   r6 = r2.name
     8 │   r7 = T1 + T0
     9 │   r6 = call #0(r4)
    10 │   r8 = r7 + T1
    12 │   r7 = T0 + T1
    13 │   r3 = load r0
    14 │   r9 = r4 > r3
    15 │   r10 = object {label: r7, score: r4, eligible: r9}
    16 │   r11 = ref @output
    17 │   store r11 = r10
    18 │   return r10

    ; r0 (@min_score) : Ref<Int>
    ; r1 (@user) : Ref<{age: Int, name: String}>
    ; r2 (@user) : {age: Int, name: String}
    ; r3 (@min_score) : Int
    ; r4 (v6) : Int
    ; r5 (v5) : Int
    ; r6 (to_string(...)) : String
    ; r7 (v9) : String
    ; r8 (v8) : String
    ; r9 (v10) : Bool
    ; r10 (v11) : {eligible: Bool, label: String, score: Int}
    ; r11 (@output) : Ref<{eligible: Bool, label: String, score: Int}>
