---
source: acvus-mir-test/tests/optimized.rs
expression: raw
---
=== main ===
     0 │   r0 = ref @a
     1 │   r1 = load r0
     2 │   r2 = ref @b
     3 │   r3 = load r2
     4 │   r4 = ref @output
     5 │   r5 = load r4
     6 │   r6 = ref @scale
     7 │   r7 = load r6
     8 │   r8 = ref @a
     9 │   r9 = load r8
    10 │   r10 = ref @b
    11 │   r11 = load r10
    12 │   r12 = r9 + r11
    13 │   r13 = ref sum
    14 │   store r13 = r12
    15 │   r14 = ref sum
    16 │   r15 = load r14
    17 │   r16 = ref @scale
    18 │   r17 = load r16
    19 │   r18 = r15 * r17
    20 │   r19 = ref scaled
    21 │   store r19 = r18
    22 │   r20 = ref scaled
    23 │   r21 = load r20
    24 │   r22 = ref @a
    25 │   r23 = load r22
    26 │   r24 = r21 + r23
    27 │   r25 = ref @output
    28 │   store r25 = r24
    29 │   r26 = ref @output
    30 │   r27 = load r26
    31 │   return r27

    ; r0 (@a) : Ref<Int>
    ; r1 (@a) : Int
    ; r2 (@b) : Ref<Int>
    ; r3 (@b) : Int
    ; r4 (@output) : Ref<Int>
    ; r5 (@output) : Int
    ; r6 (@scale) : Ref<Int>
    ; r7 (@scale) : Int
    ; r8 (@a) : Ref<Int>
    ; r9 (v10) : Int
    ; r10 (@b) : Ref<Int>
    ; r11 (v12) : Int
    ; r12 (v13) : Int
    ; r13 (v15) : Ref<Int>
    ; r14 (v16) : Ref<Int>
    ; r15 (sum) : Int
    ; r16 (@scale) : Ref<Int>
    ; r17 (v19) : Int
    ; r18 (v20) : Int
    ; r19 (v22) : Ref<Int>
    ; r20 (v23) : Ref<Int>
    ; r21 (scaled) : Int
    ; r22 (@a) : Ref<Int>
    ; r23 (v26) : Int
    ; r24 (v27) : Int
    ; r25 (@output) : Ref<Int>
    ; r26 (@output) : Ref<Int>
    ; r27 (v30) : Int
