---
source: acvus-mir-test/tests/optimized_cross_fn.rs
expression: opt
---
=== main ===
     0 │   r0 = ref @stage3
     1 │   r1 = ref @precision
     2 │   r2 = ref @stage1
     3 │   r3 = ref @source_id
     4 │   r4 = load r3
     5 │   r5 = spawn #0(10 (r4))
     6 │   r4 = load r2
     7 │   r6 = eval r5
     8 │   r7 = r6 * 10 (r4)
    10 │   r6 = r7 / 10 (r4)
    11 │   r2 = ref @stage1
    12 │   store r2 = r6
    13 │   r4 = load r0
    14 │   r7 = r6 + 10 (r4)
    16 │   r8 = r6 / 10 (r4)
    17 │   r4 = r7 + r8
    18 │   r0 = ref @stage3
    19 │   store r0 = 10 (r4)
    20 │   r7 = load r1
    21 │   r8 = 10 (r4) / r7
    22 │   r9 = r8 * r7
    23 │   r5 = spawn #1(r6, 10 (r4), r9)
    24 │   r0 = ref @stage3
    25 │   store r0 = r9
    26 │   r4 = eval r5
    27 │   return r9

    ; r0 (@stage3) : Ref<Int>
    ; r1 (@precision) : Ref<Int>
    ; r2 (@stage1) : Ref<Int>
    ; r3 (@source_id) : Ref<Int>
    ; r4 (@offset) : Int
    ; r5 (v6) : Handle!<Int>
    ; r6 (v7) : Int
    ; r7 (@precision) : Int
    ; r8 (v9) : Int
    ; r9 (v10) : Int
