---
source: acvus-mir-test/tests/script.rs
expression: ir
---
=== main ===
     0 │   r0 = context_project @items
     1 │   r1 = context_load r0
     2 │   r2 = context_project @out
     3 │   r3 = context_load r2
     4 │   r4 = cast ListToIterator r1
     5 │   jump L0(r4, r3, r5)
     6 │ L0(r6: Iterator<Int>, r7: <error>, r8: Int):
     7 │   r9 = context_project @out
     8 │   ctx_store r9 = r7
     9 │   iter_step r10, r11 = r6 else L1()
    10 │ L2:
    11 │   r12 = context_project @out
    12 │   r13 = context_load r12
    13 │   r14 = poison
    14 │   r15 = r13 + r14
    15 │   jump L0(r11, r15, r10)
    16 │ L1:
    17 │   r16 = context_project @out
    18 │   r17 = context_load r16
    19 │   return r17

    ; r0 (@items) : <error>
    ; r1 (v1) : List<Int>
    ; r2 (@out) : <error>
    ; r3 (v3) : String
    ; r4 (v6) : Iterator<Int>
    ; r5 (v18) : Int
    ; r6 (v7) : Iterator<Int>
    ; r7 (v19) : <error>
    ; r8 (v20) : Int
    ; r9 (v21) : <error>
    ; r10 (x) : Int
    ; r11 (v9) : Iterator<Int>
    ; r12 (@out) : String
    ; r13 (v11) : String
    ; r14 (to_string(...)) : String
    ; r15 (v14) : String
    ; r16 (@out) : String
    ; r17 (v17) : String
    ; r18 (v15) : String
    ; r19 (v5) : List<Int>
    ; r20 (x) : Int
    ; r21 (@items) : List<Int>
