---
source: acvus-mir-test/tests/script.rs
expression: ir
---
=== main ===
     0 │   r0 = context_project @count
     1 │   r1 = context_load r0
     2 │   r2 = context_project @items
     3 │   r3 = context_load r2
     4 │   r4 = cast ListToIterator r3
     5 │   jump L0(r4, r1, r5)
     6 │ L0(r6: Iterator<Int>, r7: <error>, r8: Int):
     7 │   r9 = context_project @count
     8 │   ctx_store r9 = r7
     9 │   iter_step r10, r11 = r6 else L1()
    10 │ L2:
    11 │   r12 = test r10 == 0
    12 │   jump_if r12 then L3 else L4(r7)
    13 │ L3:
    14 │   r13 = context_project @count
    15 │   r14 = context_load r13
    17 │   r15 = r14 + 1 (r16)
    18 │   jump L4(r15)
    19 │ L4(r17: <error>):
    20 │   r18 = context_project @count
    21 │   ctx_store r18 = r17
    22 │   jump L0(r11, r17, r10)
    23 │ L1:
    24 │   r19 = context_project @count
    25 │   r20 = context_load r19
    26 │   return r20

    ; r0 (@count) : <error>
    ; r1 (v1) : Int
    ; r2 (@items) : <error>
    ; r3 (v3) : List<Int>
    ; r4 (v6) : Iterator<Int>
    ; r5 (v19) : Int
    ; r6 (v7) : Iterator<Int>
    ; r7 (v20) : <error>
    ; r8 (v22) : Int
    ; r9 (v24) : <error>
    ; r10 (x) : Int
    ; r11 (v9) : Iterator<Int>
    ; r12 (v11) : Bool
    ; r13 (@count) : Int
    ; r14 (v13) : Int
    ; r15 (v15) : Int
    ; r16 (v14) : Int
    ; r17 (v21) : <error>
    ; r18 (v25) : <error>
    ; r19 (@count) : Int
    ; r20 (v18) : Int
    ; r21 (@items) : List<Int>
    ; r22 (x) : Int
    ; r23 (v5) : List<Int>
    ; r24 (v16) : Int
