---
source: acvus-mir-test/tests/script.rs
expression: ir
---
=== main ===
     0 │   r0 = context_project @a
     1 │   r1 = context_load r0
     2 │   r2 = context_project @b
     3 │   r3 = context_load r2
     5 │   r4 = r1 + 1 (r5)
     6 │   r6 = context_project @a
     7 │   ctx_store r6 = r4
     9 │   r7 = r3 + 2 (r8)
    10 │   r9 = context_project @b
    11 │   ctx_store r9 = r7
    12 │   r10 = r4 + r7
    13 │   return r10

    ; r0 (@a) : Int
    ; r1 (v2) : Int
    ; r2 (@b) : Int
    ; r3 (v4) : Int
    ; r4 (v8) : Int
    ; r5 (v7) : Int
    ; r6 (v9) : Int
    ; r7 (v13) : Int
    ; r8 (v12) : Int
    ; r9 (v14) : Int
    ; r10 (v19) : Int
    ; r11 (v11) : Int
    ; r12 (v6) : Int
    ; r13 (@b) : Int
    ; r14 (@a) : Int
    ; r15 (v18) : Int
    ; r16 (@b) : Int
    ; r17 (@a) : Int
    ; r18 (v16) : Int
