---
source: acvus-mir-test/tests/script.rs
expression: ir
---
=== main ===
     0 │   r0 = undef
     1 │   r1 = undef
     2 │   r2 = ref @sum
     3 │   r3 = ref @a
     4 │   r4 = load r3
     5 │   r5 = ref @b
     6 │   r6 = load r5
     7 │   r7 = ref @sum
     8 │   r8 = load r7
     9 │   r9 = ref @a
    11 │   jump L0(0 (r10), r8, r0)
    12 │ L0(r11: Int, r12: Int, r13: Int):
    13 │   store r2 = r12
    14 │   list_step r14, r15 = r4[r11] else L1()
    15 │ L2:
    16 │   r16 = ref @sum
    17 │   r17 = r12 + r14
    18 │   jump L0(r15, r17, r14)
    19 │ L1:
    20 │   r18 = ref @b
    22 │   jump L3(0 (r19), r12, r1)
    23 │ L3(r20: Int, r21: Int, r22: Int):
    24 │   store r2 = r21
    25 │   list_step r23, r24 = r6[r20] else L4()
    26 │ L5:
    27 │   r25 = ref @sum
    28 │   r26 = r21 + r23
    29 │   jump L3(r24, r26, r23)
    30 │ L4:
    31 │   r27 = ref @sum
    32 │   return r21

    ; r0 (v37) : Int
    ; r1 (v38) : Int
    ; r2 (v45) : Ref<Int>
    ; r3 (@a) : Ref<List<Int>>
    ; r4 (@a) : List<Int>
    ; r5 (@b) : Ref<List<Int>>
    ; r6 (@b) : List<Int>
    ; r7 (@sum) : Ref<Int>
    ; r8 (@sum) : Int
    ; r9 (@a) : Ref<List<Int>>
    ; r10 (v9) : Int
    ; r11 (v10) : Int
    ; r12 (v39) : Int
    ; r13 (v40) : Int
    ; r14 (x) : Int
    ; r15 (v12) : Int
    ; r16 (@sum) : Ref<Int>
    ; r17 (v19) : Int
    ; r18 (@b) : Ref<List<Int>>
    ; r19 (v23) : Int
    ; r20 (v24) : Int
    ; r21 (v42) : Int
    ; r22 (v44) : Int
    ; r23 (y) : Int
    ; r24 (v26) : Int
    ; r25 (@sum) : Ref<Int>
    ; r26 (v33) : Int
    ; r27 (@sum) : Ref<Int>
    ; r28 (v22) : List<Int>
    ; r29 (v28) : Ref<Int>
    ; r30 (v31) : Ref<Int>
    ; r31 (v8) : List<Int>
    ; r32 (v30) : Int
    ; r33 (v14) : Ref<Int>
    ; r34 (@sum) : Ref<Int>
    ; r35 (x) : Int
    ; r36 (v43) : Int
    ; r37 (v36) : Int
    ; r38 (v17) : Ref<Int>
    ; r39 (@sum) : Ref<Int>
    ; r40 (y) : Int
    ; r41 (v16) : Int
    ; r42 (v41) : Int
