---
source: acvus-mir-test/tests/script.rs
expression: ir
---
=== main ===
     0 │   r0 = undef
     1 │   r1 = undef
     2 │   r2 = context_project @out
     3 │   r3 = context_load r2
     4 │   r4 = context_project @user
     5 │   r5 = context_load r4
     7 │   r6 = test has_key(r5, "name")
     8 │   r7 = r5.name
    10 │   r8 = true (r9) && true (r10)
    11 │   r11 = test has_key(r5, "age")
    12 │   r12 = r5.age
    14 │   r13 = r8 && true (r14)
    15 │   jump_if r13 then L0 else L1(r3, r0, r1)
    16 │ L0:
    17 │   r15 = r5.name
    18 │   r16 = r5.age
    19 │   jump L1(r15, r15, r16)
    20 │ L1(r17: String, r18: String, r19: Int):
    21 │   r20 = context_project @out
    22 │   ctx_store r20 = r17
    23 │   return r17

    ; r0 (v22) : String
    ; r1 (v23) : Int
    ; r2 (@out) : String
    ; r3 (v2) : String
    ; r4 (@user) : {age: Int, name: String}
    ; r5 (v4) : {age: Int, name: String}
    ; r6 (v8) : Bool
    ; r7 (v9) : String
    ; r8 (v11) : Bool
    ; r9 (v7) : Bool
    ; r10 (v10) : Bool
    ; r11 (v12) : Bool
    ; r12 (v13) : Int
    ; r13 (v15) : Bool
    ; r14 (v14) : Bool
    ; r15 (name) : String
    ; r16 (age) : Int
    ; r17 (v24) : String
    ; r18 (v25) : String
    ; r19 (v26) : Int
    ; r20 (v27) : String
    ; r21 (v6) : {age: Int, name: String}
    ; r22 (name) : String
    ; r23 (v21) : String
    ; r24 (@out) : String
    ; r25 (@user) : {age: Int, name: String}
    ; r26 (v19) : String
