---
source: acvus-mir-test/tests/script.rs
expression: ir
---
=== main ===
     0 │   r0 = undef
     1 │   r1 = undef
     2 │   r2 = ref @sum
     3 │   r3 = ref @matrix
     4 │   r4 = load r3
     5 │   r5 = ref @sum
     6 │   r6 = load r5
     7 │   r7 = ref @matrix
     9 │   jump L0(0 (r8), r6, r0, r1)
    10 │ L0(r9: Int, r10: Int, r11: List<Int>, r12: Int):
    11 │   store r2 = r10
    12 │   list_step r13, r14 = r4[r9] else L1()
    13 │ L2:
    15 │   jump L3(0 (r15), r10, r12)
    16 │ L3(r16: Int, r17: Int, r18: Int):
    17 │   store r2 = r17
    18 │   list_step r19, r20 = r13[r16] else L4()
    19 │ L5:
    20 │   r21 = ref @sum
    21 │   r22 = r17 + r19
    22 │   jump L3(r20, r22, r19)
    23 │ L4:
    24 │   jump L0(r14, r17, r13, r18)
    25 │ L1:
    26 │   r23 = ref @sum
    27 │   return r10

    ; r0 (v29) : List<Int>
    ; r1 (v30) : Int
    ; r2 (v37) : Ref<Int>
    ; r3 (@matrix) : Ref<List<List<Int>>>
    ; r4 (@matrix) : List<List<Int>>
    ; r5 (@sum) : Ref<Int>
    ; r6 (@sum) : Int
    ; r7 (@matrix) : Ref<List<List<Int>>>
    ; r8 (v7) : Int
    ; r9 (v8) : Int
    ; r10 (v31) : Int
    ; r11 (v33) : List<Int>
    ; r12 (v35) : Int
    ; r13 (row) : List<Int>
    ; r14 (v10) : Int
    ; r15 (v15) : Int
    ; r16 (v16) : Int
    ; r17 (v32) : Int
    ; r18 (v36) : Int
    ; r19 (x) : Int
    ; r20 (v18) : Int
    ; r21 (@sum) : Ref<Int>
    ; r22 (v25) : Int
    ; r23 (@sum) : Ref<Int>
    ; r24 (v22) : Int
    ; r25 (v6) : List<List<Int>>
    ; r26 (v28) : Int
    ; r27 (v12) : Ref<List<Int>>
    ; r28 (row) : List<Int>
    ; r29 (v20) : Ref<Int>
    ; r30 (v34) : List<Int>
    ; r31 (x) : Int
    ; r32 (v23) : Ref<Int>
    ; r33 (@sum) : Ref<Int>
    ; r34 (v13) : Ref<List<Int>>
