---
source: acvus-mir-test/tests/script.rs
expression: ir
---
=== main ===
     0 │   r0 = undef
     1 │   r1 = context_project @count
     2 │   r2 = context_load r1
     3 │   r3 = context_project @items
     4 │   r4 = context_load r3
     6 │   jump L0(0 (r5), r2, r0)
     7 │ L0(r6: Int, r7: Int, r8: Int):
     8 │   r9 = context_project @count
     9 │   ctx_store r9 = r7
    10 │   list_step r10, r11 = r4[r6] else L1()
    11 │ L2:
    12 │   r12 = test r10 == 0
    13 │   jump_if r12 then L3 else L4(r7)
    14 │ L3:
    15 │   r13 = context_project @count
    16 │   r14 = context_load r13
    18 │   r15 = r14 + 1 (r16)
    19 │   jump L4(r15)
    20 │ L4(r17: Int):
    21 │   r18 = context_project @count
    22 │   ctx_store r18 = r17
    23 │   jump L0(r11, r17, r10)
    24 │ L1:
    25 │   r19 = context_project @count
    26 │   r20 = context_load r19
    27 │   return r20

    ; r0 (v20) : Int
    ; r1 (@count) : Int
    ; r2 (v2) : Int
    ; r3 (@items) : List<Int>
    ; r4 (v4) : List<Int>
    ; r5 (v7) : Int
    ; r6 (v8) : Int
    ; r7 (v21) : Int
    ; r8 (v23) : Int
    ; r9 (v25) : Int
    ; r10 (x) : Int
    ; r11 (v10) : Int
    ; r12 (v12) : Bool
    ; r13 (@count) : Int
    ; r14 (v14) : Int
    ; r15 (v16) : Int
    ; r16 (v15) : Int
    ; r17 (v22) : Int
    ; r18 (v26) : Int
    ; r19 (@count) : Int
    ; r20 (v19) : Int
    ; r21 (x) : Int
    ; r22 (v6) : List<Int>
    ; r23 (v17) : Int
    ; r24 (@items) : List<Int>
