---
source: acvus-mir-test/tests/script.rs
expression: ir
---
=== main ===
     0 │   r0 = undef
     1 │   r1 = undef
     2 │   r2 = ref @a
     3 │   r3 = load r2
     4 │   r4 = ref @b
     5 │   r5 = load r4
     6 │   r6 = ref @out
     7 │   r7 = load r6
     8 │   r8 = ref @a
     9 │   r9 = ref @b
    10 │   r10 = r3 + r5
    11 │   r11 = ref @out
    12 │   store r11 = r10
    13 │   r12 = ref @out
    14 │   return r10

    ; r0 (v23) : Int
    ; r1 (v24) : Int
    ; r2 (@a) : Ref<Int>
    ; r3 (@a) : Int
    ; r4 (@b) : Ref<Int>
    ; r5 (@b) : Int
    ; r6 (@out) : Ref<Int>
    ; r7 (@out) : Int
    ; r8 (@a) : Ref<Int>
    ; r9 (@b) : Ref<Int>
    ; r10 (v19) : Int
    ; r11 (@out) : Ref<Int>
    ; r12 (@out) : Ref<Int>
    ; r13 (v22) : Int
    ; r14 (v14) : Ref<Int>
    ; r15 (v17) : Ref<Int>
    ; r16 (v15) : Ref<Int>
    ; r17 (v10) : Ref<Int>
    ; r18 (y) : Int
    ; r19 (x) : Int
    ; r20 (y) : Int
    ; r21 (x) : Int
