---
source: acvus-mir-test/tests/script.rs
expression: ir
---
=== main ===
     0 │   r0 = undef
     1 │   r1 = undef
     2 │   r2 = context_project @data
     3 │   r3 = context_load r2
     4 │   r4 = context_project @sum
     5 │   r5 = context_load r4
     7 │   r6 = test has_key(r3, "items")
     8 │   r7 = r3.items
    10 │   r8 = true (r9) && true (r10)
    11 │   jump_if r8 then L0 else L1(r5, r0, r1)
    12 │ L0:
    13 │   r11 = r3.items
    15 │   jump L2(0 (r12), r5, r0)
    16 │ L2(r13: Int, r14: Int, r15: Int):
    17 │   r16 = context_project @sum
    18 │   ctx_store r16 = r14
    19 │   list_step r17, r18 = r11[r13] else L3()
    20 │ L4:
    21 │   r19 = context_project @sum
    22 │   r20 = context_load r19
    23 │   r21 = r20 + r17
    24 │   jump L2(r18, r21, r17)
    25 │ L3:
    26 │   jump L1(r14, r15, r11)
    27 │ L1(r22: Int, r23: Int, r24: List<Int>):
    28 │   r25 = context_project @sum
    29 │   ctx_store r25 = r22
    30 │   return r22

    ; r0 (v25) : Int
    ; r1 (v26) : List<Int>
    ; r2 (@data) : {items: List<Int>}
    ; r3 (v2) : {items: List<Int>}
    ; r4 (@sum) : Int
    ; r5 (v4) : Int
    ; r6 (v8) : Bool
    ; r7 (v9) : List<Int>
    ; r8 (v11) : Bool
    ; r9 (v7) : Bool
    ; r10 (v10) : Bool
    ; r11 (items) : List<Int>
    ; r12 (v14) : Int
    ; r13 (v15) : Int
    ; r14 (v27) : Int
    ; r15 (v28) : Int
    ; r16 (v33) : Int
    ; r17 (x) : Int
    ; r18 (v17) : Int
    ; r19 (@sum) : Int
    ; r20 (v19) : Int
    ; r21 (v21) : Int
    ; r22 (v30) : Int
    ; r23 (v31) : Int
    ; r24 (v32) : List<Int>
    ; r25 (v34) : Int
    ; r26 (v22) : Int
    ; r27 (v6) : {items: List<Int>}
    ; r28 (x) : Int
    ; r29 (v24) : Int
    ; r30 (@data) : {items: List<Int>}
    ; r31 (@sum) : Int
    ; r32 (items) : List<Int>
