---
source: acvus-mir-test/tests/script.rs
expression: ir
---
=== main ===
     0 │   r0 = context_project @a
     1 │   r1 = context_load r0
     2 │   r2 = context_project @b
     3 │   r3 = context_load r2
     4 │   r4 = context_project @out
     5 │   r5 = context_load r4
     6 │   r6 = r1 + r3
     7 │   r7 = context_project @out
     8 │   ctx_store r7 = r6
     9 │   return r6

    ; r0 (@a) : <error>
    ; r1 (v1) : Int
    ; r2 (@b) : <error>
    ; r3 (v3) : Int
    ; r4 (@out) : <error>
    ; r5 (v5) : Int
    ; r8 (@a) : Int
    ; r9 (x) : Int
    ; r10 (@b) : Int
    ; r11 (y) : Int
    ; r6 (v10) : Int
    ; r7 (v11) : Int
    ; r12 (@out) : Int
    ; r13 (v13) : Int
