---
source: acvus-mir-test/tests/script.rs
expression: ir
---
=== main ===
     0 │   r0 = context_project @acc
     1 │   r1 = context_load r0
     2 │   r2 = context_project @items
     3 │   r3 = context_load r2
     4 │   r4 = cast ListToIterator r3
     5 │   jump L0(r4, r1)
     6 │ L0(r5: Iterator<Int>, r6: Int):
     7 │   r7 = context_project @acc
     8 │   ctx_store r7 = r6
     9 │   iter_step r8, r9 = r5 else L1()
    10 │ L2:
    11 │   r10 = context_project @acc
    12 │   r11 = context_load r10
    13 │   r12 = r11 + r8
    14 │   jump L0(r9, r12)
    15 │ L1:
    16 │   r13 = context_project @acc
    17 │   r14 = context_load r13
    18 │   return r14

    ; r0 (@acc) : <error>
    ; r1 (v1) : Int
    ; r2 (@items) : <error>
    ; r3 (v3) : List<Int>
    ; r15 (@items) : List<Int>
    ; r16 (v5) : List<Int>
    ; r4 (v6) : Iterator<Int>
    ; r5 (v7) : Iterator<Int>
    ; r8 (x) : Int
    ; r9 (v9) : Iterator<Int>
    ; r10 (@acc) : Int
    ; r11 (v11) : Int
    ; r12 (v12) : Int
    ; r17 (v13) : Int
    ; r13 (@acc) : Int
    ; r14 (v15) : Int
    ; r6 (v16) : Int
    ; r7 (v17) : Int
