---
source: acvus-mir-test/tests/script.rs
expression: ir
---
=== main ===
     0 │   r0 = context_project @val
     1 │   r1 = context_load r0
     2 │   r2 = call #0(r1)
     3 │   return r2

    ; r0 (@val) : Int
    ; r1 (v2) : Int
    ; r2 (to_string(...)) : String
    ; r3 (@val) : Int
    ; r4 (v4) : Int
