---
source: acvus-mir-test/tests/script.rs
expression: ir
---
=== main ===
     0 │   r0 = context_project @data
     1 │   r1 = context_load r0
     2 │   r2 = context_project @out
     3 │   r3 = context_load r2
     5 │   r4 = r1 + 1 (r5)
     6 │   r6 = context_project @out
     7 │   ctx_store r6 = r4
     8 │   return r4

    ; r0 (@data) : <error>
    ; r1 (v1) : Int
    ; r2 (@out) : <error>
    ; r3 (v3) : Int
    ; r4 (v8) : Int
    ; r5 (v7) : Int
    ; r6 (v9) : Int
    ; r7 (v11) : Int
    ; r8 (@out) : Int
    ; r9 (x) : Int
    ; r10 (x) : Int
    ; r11 (v12) : Int
    ; r12 (@data) : Int
