---
source: acvus-mir-test/tests/script.rs
expression: ir
---
=== main ===
     0 │   r0 = undef
     1 │   r1 = undef
     2 │   r2 = context_project @matrix
     3 │   r3 = context_load r2
     4 │   r4 = context_project @sum
     5 │   r5 = context_load r4
     7 │   jump L0(0 (r6), r5, r0, r1)
     8 │ L0(r7: Int, r8: Int, r9: Int, r10: List<Int>):
     9 │   r11 = context_project @sum
    10 │   ctx_store r11 = r8
    11 │   list_step r12, r13 = r3[r7] else L1()
    12 │ L2:
    14 │   jump L3(0 (r14), r8, r9)
    15 │ L3(r15: Int, r16: Int, r17: Int):
    16 │   r18 = context_project @sum
    17 │   ctx_store r18 = r16
    18 │   list_step r19, r20 = r12[r15] else L4()
    19 │ L5:
    20 │   r21 = context_project @sum
    21 │   r22 = context_load r21
    22 │   r23 = r22 + r19
    23 │   jump L3(r20, r23, r19)
    24 │ L4:
    25 │   jump L0(r13, r16, r17, r12)
    26 │ L1:
    27 │   r24 = context_project @sum
    28 │   r25 = context_load r24
    29 │   return r25

    ; r0 (v23) : Int
    ; r1 (v24) : List<Int>
    ; r2 (@matrix) : List<List<Int>>
    ; r3 (v2) : List<List<Int>>
    ; r4 (@sum) : Int
    ; r5 (v4) : Int
    ; r6 (v7) : Int
    ; r7 (v8) : Int
    ; r8 (v25) : Int
    ; r9 (v27) : Int
    ; r10 (v29) : List<Int>
    ; r11 (v31) : Int
    ; r12 (row) : List<Int>
    ; r13 (v10) : Int
    ; r14 (v12) : Int
    ; r15 (v13) : Int
    ; r16 (v26) : Int
    ; r17 (v28) : Int
    ; r18 (v32) : Int
    ; r19 (x) : Int
    ; r20 (v15) : Int
    ; r21 (@sum) : Int
    ; r22 (v17) : Int
    ; r23 (v19) : Int
    ; r24 (@sum) : Int
    ; r25 (v22) : Int
    ; r26 (v6) : List<List<Int>>
    ; r27 (row) : List<Int>
    ; r28 (v20) : Int
    ; r29 (x) : Int
    ; r30 (@matrix) : List<List<Int>>
