---
source: acvus-mir-test/tests/script.rs
expression: ir
---
=== main ===
     0 │   r0 = context_project @items
     1 │   r1 = context_load r0
     2 │   r2 = context_project @product
     3 │   r3 = context_load r2
     4 │   r4 = context_project @sum
     5 │   r5 = context_load r4
     6 │   r6 = cast ListToIterator r1
     7 │   jump L0(r6, r5, r3)
     8 │ L0(r7: Iterator<Int>, r8: <error>, r9: <error>):
     9 │   r10 = context_project @sum
    10 │   ctx_store r10 = r8
    11 │   r11 = context_project @product
    12 │   ctx_store r11 = r9
    13 │   iter_step r12, r13 = r7 else L1()
    14 │ L2:
    15 │   r14 = context_project @sum
    16 │   r15 = context_load r14
    17 │   r16 = r15 + r12
    18 │   r17 = context_project @product
    19 │   r18 = context_load r17
    20 │   r19 = r18 * r12
    21 │   jump L0(r13, r16, r19)
    22 │ L1:
    23 │   r20 = context_project @sum
    24 │   r21 = context_load r20
    25 │   r22 = context_project @product
    26 │   r23 = context_load r22
    27 │   r24 = r21 + r23
    28 │   return r24

    ; r0 (@items) : <error>
    ; r1 (v1) : List<Int>
    ; r2 (@product) : <error>
    ; r3 (v3) : Int
    ; r4 (@sum) : <error>
    ; r5 (v5) : Int
    ; r6 (v8) : Iterator<Int>
    ; r7 (v9) : Iterator<Int>
    ; r8 (v25) : <error>
    ; r9 (v26) : <error>
    ; r10 (v27) : <error>
    ; r11 (v28) : <error>
    ; r12 (x) : Int
    ; r13 (v11) : Iterator<Int>
    ; r14 (@sum) : Int
    ; r15 (v13) : Int
    ; r16 (v14) : Int
    ; r17 (@product) : Int
    ; r18 (v17) : Int
    ; r19 (v18) : Int
    ; r20 (@sum) : Int
    ; r21 (v21) : Int
    ; r22 (@product) : Int
    ; r23 (v23) : Int
    ; r24 (v24) : Int
    ; r25 (@items) : List<Int>
    ; r26 (v15) : Int
    ; r27 (v7) : List<Int>
    ; r28 (v19) : Int
