---
source: acvus-mir-test/tests/script.rs
expression: ir
---
=== main ===
     0 │   r0 = undef
     1 │   r1 = ref @count
     2 │   r2 = ref @count
     3 │   r3 = load r2
     4 │   r4 = ref @items
     5 │   r5 = load r4
     6 │   r6 = ref @items
     8 │   jump L0(0 (r7), r3, r0)
     9 │ L0(r8: Int, r9: Int, r10: Int):
    10 │   store r1 = r9
    11 │   list_step r11, r12 = r5[r8] else L1()
    12 │ L2:
    13 │   r13 = test r11 == 0
    14 │   jump_if r13 then L3 else L4(r9)
    15 │ L3:
    16 │   r14 = ref @count
    18 │   r15 = r9 + 1 (r16)
    19 │   jump L4(r15)
    20 │ L4(r17: Int):
    21 │   store r1 = r17
    22 │   jump L0(r12, r17, r11)
    23 │ L1:
    24 │   r18 = ref @count
    25 │   return r9

    ; r0 (v23) : Int
    ; r1 (v28) : Ref<Int>
    ; r2 (@count) : Ref<Int>
    ; r3 (@count) : Int
    ; r4 (@items) : Ref<List<Int>>
    ; r5 (@items) : List<Int>
    ; r6 (@items) : Ref<List<Int>>
    ; r7 (v7) : Int
    ; r8 (v8) : Int
    ; r9 (v24) : Int
    ; r10 (v26) : Int
    ; r11 (x) : Int
    ; r12 (v10) : Int
    ; r13 (v15) : Bool
    ; r14 (@count) : Ref<Int>
    ; r15 (v19) : Int
    ; r16 (v18) : Int
    ; r17 (v25) : Int
    ; r18 (@count) : Ref<Int>
    ; r19 (v22) : Int
    ; r20 (x) : Int
    ; r21 (v17) : Int
    ; r22 (v6) : List<Int>
    ; r23 (v13) : Ref<Int>
    ; r24 (@count) : Ref<Int>
    ; r25 (v12) : Ref<Int>
    ; r26 (v27) : Int
