---
source: acvus-mir-test/tests/script.rs
expression: ir
---
=== main ===
     0 │   r0 = undef
     1 │   r1 = ref @out
     2 │   r2 = ref @items
     3 │   r3 = load r2
     4 │   r4 = ref @out
     5 │   r5 = load r4
     6 │   r6 = ref @items
     8 │   jump L0(0 (r7), r5, r0)
     9 │ L0(r8: Int, r9: String, r10: Int):
    10 │   store r1 = r9
    11 │   list_step r11, r12 = r3[r8] else L1()
    12 │ L2:
    13 │   r13 = ref @out
    14 │   r14 = call #0(r11)
    15 │   r15 = r9 + r14
    16 │   jump L0(r12, r15, r11)
    17 │ L1:
    18 │   r16 = ref @out
    19 │   return r9

    ; r0 (v22) : Int
    ; r1 (v25) : Ref<String>
    ; r2 (@items) : Ref<List<Int>>
    ; r3 (@items) : List<Int>
    ; r4 (@out) : Ref<String>
    ; r5 (@out) : String
    ; r6 (@items) : Ref<List<Int>>
    ; r7 (v7) : Int
    ; r8 (v8) : Int
    ; r9 (v23) : String
    ; r10 (v24) : Int
    ; r11 (x) : Int
    ; r12 (v10) : Int
    ; r13 (@out) : Ref<String>
    ; r14 (to_string(...)) : String
    ; r15 (v18) : String
    ; r16 (@out) : Ref<String>
    ; r17 (v14) : String
    ; r18 (v6) : List<Int>
    ; r19 (v15) : Ref<Int>
    ; r20 (v21) : String
    ; r21 (v12) : Ref<Int>
    ; r22 (x) : Int
    ; r23 (@out) : Ref<String>
