---
source: acvus-mir-test/tests/script.rs
expression: ir
---
=== main ===
     0 │   r0 = ref @x
     1 │   r1 = load r0
     3 │   r2 = ref @x
     4 │   store r2 = 1 (r3)
     6 │   r4 = ref @x
     7 │   store r4 = 2 (r5)
     9 │   r6 = ref @x
    10 │   store r6 = 3 (r7)
    11 │   r8 = ref @x
    12 │   return 3 (r7)

    ; r0 (@x) : Ref<Int>
    ; r1 (@x) : Int
    ; r2 (@x) : Ref<Int>
    ; r3 (v3) : Int
    ; r4 (@x) : Ref<Int>
    ; r5 (v5) : Int
    ; r6 (@x) : Ref<Int>
    ; r7 (v7) : Int
    ; r8 (@x) : Ref<Int>
    ; r9 (v10) : Int
